Archive member included to satisfy reference by file (symbol)

.\CortexM3\ARM_GCC_541\Debug\Ultrasonic Distance Meter.a(Ultrasonic_Drive.o)
                              .\CortexM3\ARM_GCC_541\Debug\main.o (Ultrasonic_Drive_Start)
.\CortexM3\ARM_GCC_541\Debug\Ultrasonic Distance Meter.a(PGA_1.o)
                              .\CortexM3\ARM_GCC_541\Debug\main.o (PGA_1_Start)
.\CortexM3\ARM_GCC_541\Debug\Ultrasonic Distance Meter.a(CyLib.o)
                              .\CortexM3\ARM_GCC_541\Debug\Cm3Start.o (CyHalt)
.\CortexM3\ARM_GCC_541\Debug\Ultrasonic Distance Meter.a(cyPm.o)
                              .\CortexM3\ARM_GCC_541\Debug\Ultrasonic Distance Meter.a(CyLib.o) (CyPmReadStatus)
.\CortexM3\ARM_GCC_541\Debug\Ultrasonic Distance Meter.a(Vssa_Buffer.o)
                              .\CortexM3\ARM_GCC_541\Debug\main.o (Vssa_Buffer_Start)
.\CortexM3\ARM_GCC_541\Debug\Ultrasonic Distance Meter.a(VDAC8_1.o)
                              .\CortexM3\ARM_GCC_541\Debug\main.o (VDAC8_1_Start)
.\CortexM3\ARM_GCC_541\Debug\Ultrasonic Distance Meter.a(Comp_1.o)
                              .\CortexM3\ARM_GCC_541\Debug\main.o (Comp_1_Start)
.\CortexM3\ARM_GCC_541\Debug\Ultrasonic Distance Meter.a(Flight_Timer.o)
                              .\CortexM3\ARM_GCC_541\Debug\main.o (Flight_Timer_ReadPeriod)
.\CortexM3\ARM_GCC_541\Debug\Ultrasonic Distance Meter.a(CyBootAsmGnu.o)
                              .\CortexM3\ARM_GCC_541\Debug\cyfitter_cfg.o (CyDelayCycles)
.\CortexM3\ARM_GCC_541\Debug\Ultrasonic Distance Meter.a(CyFlash.o)
                              .\CortexM3\ARM_GCC_541\Debug\Ultrasonic Distance Meter.a(cyPm.o) (CyFlash_SetWaitCycles)
.\CortexM3\ARM_GCC_541\Debug\Ultrasonic Distance Meter.a(CySpc.o)
                              .\CortexM3\ARM_GCC_541\Debug\Ultrasonic Distance Meter.a(CyFlash.o) (CySpcStart)
c:/program files (x86)/cypress/psoc creator/4.4/psoc creator/import/gnu/arm/5.4.1/bin/../lib/gcc/arm-none-eabi/5.4.1/armv7-m\libgcc.a(_arm_addsubdf3.o)
                              .\CortexM3\ARM_GCC_541\Debug\main.o (__aeabi_i2d)
c:/program files (x86)/cypress/psoc creator/4.4/psoc creator/import/gnu/arm/5.4.1/bin/../lib/gcc/arm-none-eabi/5.4.1/armv7-m\libgcc.a(_arm_muldivdf3.o)
                              .\CortexM3\ARM_GCC_541\Debug\main.o (__aeabi_dmul)
c:/program files (x86)/cypress/psoc creator/4.4/psoc creator/import/gnu/arm/5.4.1/bin/../lib/gcc/arm-none-eabi/5.4.1/armv7-m\libgcc.a(_arm_truncdfsf2.o)
                              .\CortexM3\ARM_GCC_541\Debug\main.o (__aeabi_d2f)
c:/program files (x86)/cypress/psoc creator/4.4/psoc creator/import/gnu/arm/5.4.1/bin/../lib/gcc/arm-none-eabi/5.4.1/armv7-m\libgcc.a(_arm_muldivsf3.o)
                              .\CortexM3\ARM_GCC_541\Debug\main.o (__aeabi_fdiv)
c:/program files (x86)/cypress/psoc creator/4.4/psoc creator/import/gnu/arm/5.4.1/bin/../lib/gcc/arm-none-eabi/5.4.1/../../../../arm-none-eabi/lib/armv7-m\libg_nano.a(lib_a-errno.o)
                              .\CortexM3\ARM_GCC_541\Debug\Cm3Start.o (__errno)
c:/program files (x86)/cypress/psoc creator/4.4/psoc creator/import/gnu/arm/5.4.1/bin/../lib/gcc/arm-none-eabi/5.4.1/../../../../arm-none-eabi/lib/armv7-m\libg_nano.a(lib_a-exit.o)
                              c:/program files (x86)/cypress/psoc creator/4.4/psoc creator/import/gnu/arm/5.4.1/bin/../lib/gcc/arm-none-eabi/5.4.1/../../../../arm-none-eabi/lib/armv7-m/crt0.o (exit)
c:/program files (x86)/cypress/psoc creator/4.4/psoc creator/import/gnu/arm/5.4.1/bin/../lib/gcc/arm-none-eabi/5.4.1/../../../../arm-none-eabi/lib/armv7-m\libg_nano.a(lib_a-impure.o)
                              c:/program files (x86)/cypress/psoc creator/4.4/psoc creator/import/gnu/arm/5.4.1/bin/../lib/gcc/arm-none-eabi/5.4.1/../../../../arm-none-eabi/lib/armv7-m\libg_nano.a(lib_a-exit.o) (_global_impure_ptr)
c:/program files (x86)/cypress/psoc creator/4.4/psoc creator/import/gnu/arm/5.4.1/bin/../lib/gcc/arm-none-eabi/5.4.1/../../../../arm-none-eabi/lib/armv7-m\libg_nano.a(lib_a-init.o)
                              c:/program files (x86)/cypress/psoc creator/4.4/psoc creator/import/gnu/arm/5.4.1/bin/../lib/gcc/arm-none-eabi/5.4.1/../../../../arm-none-eabi/lib/armv7-m/crt0.o (__libc_init_array)
c:/program files (x86)/cypress/psoc creator/4.4/psoc creator/import/gnu/arm/5.4.1/bin/../lib/gcc/arm-none-eabi/5.4.1/../../../../arm-none-eabi/lib/armv7-m\libg_nano.a(lib_a-memcpy-stub.o)
                              .\CortexM3\ARM_GCC_541\Debug\cyfitter_cfg.o (memcpy)
c:/program files (x86)/cypress/psoc creator/4.4/psoc creator/import/gnu/arm/5.4.1/bin/../lib/gcc/arm-none-eabi/5.4.1/../../../../arm-none-eabi/lib/armv7-m\libg_nano.a(lib_a-memset.o)
                              c:/program files (x86)/cypress/psoc creator/4.4/psoc creator/import/gnu/arm/5.4.1/bin/../lib/gcc/arm-none-eabi/5.4.1/../../../../arm-none-eabi/lib/armv7-m/crt0.o (memset)

Allocating common symbols
Common symbol       size              file

FT_Period_uS        0x4               .\CortexM3\ARM_GCC_541\Debug\main.o
FT_Resolution       0x4               .\CortexM3\ARM_GCC_541\Debug\main.o
FT_Period_Int       0x4               .\CortexM3\ARM_GCC_541\Debug\main.o
SoundSpeed          0x4               .\CortexM3\ARM_GCC_541\Debug\main.o
FT_Time_Per_Tick    0x4               .\CortexM3\ARM_GCC_541\Debug\main.o
dieTemperature      0x2               .\CortexM3\ARM_GCC_541\Debug\Ultrasonic Distance Meter.a(CyFlash.o)
FT_Time_Per_Tick_uS
                    0x4               .\CortexM3\ARM_GCC_541\Debug\main.o

Discarded input sections

 .text          0x00000000        0x0 c:/program files (x86)/cypress/psoc creator/4.4/psoc creator/import/gnu/arm/5.4.1/bin/../lib/gcc/arm-none-eabi/5.4.1/armv7-m/crti.o
 .data          0x00000000        0x0 c:/program files (x86)/cypress/psoc creator/4.4/psoc creator/import/gnu/arm/5.4.1/bin/../lib/gcc/arm-none-eabi/5.4.1/armv7-m/crti.o
 .bss           0x00000000        0x0 c:/program files (x86)/cypress/psoc creator/4.4/psoc creator/import/gnu/arm/5.4.1/bin/../lib/gcc/arm-none-eabi/5.4.1/armv7-m/crti.o
 .data          0x00000000        0x4 c:/program files (x86)/cypress/psoc creator/4.4/psoc creator/import/gnu/arm/5.4.1/bin/../lib/gcc/arm-none-eabi/5.4.1/armv7-m/crtbegin.o
 .text          0x00000000       0x74 c:/program files (x86)/cypress/psoc creator/4.4/psoc creator/import/gnu/arm/5.4.1/bin/../lib/gcc/arm-none-eabi/5.4.1/../../../../arm-none-eabi/lib/armv7-m/crt0.o
 .data          0x00000000        0x0 c:/program files (x86)/cypress/psoc creator/4.4/psoc creator/import/gnu/arm/5.4.1/bin/../lib/gcc/arm-none-eabi/5.4.1/../../../../arm-none-eabi/lib/armv7-m/crt0.o
 .bss           0x00000000        0x0 c:/program files (x86)/cypress/psoc creator/4.4/psoc creator/import/gnu/arm/5.4.1/bin/../lib/gcc/arm-none-eabi/5.4.1/../../../../arm-none-eabi/lib/armv7-m/crt0.o
 .ARM.extab     0x00000000        0x0 c:/program files (x86)/cypress/psoc creator/4.4/psoc creator/import/gnu/arm/5.4.1/bin/../lib/gcc/arm-none-eabi/5.4.1/../../../../arm-none-eabi/lib/armv7-m/crt0.o
 .ARM.exidx     0x00000000        0x8 c:/program files (x86)/cypress/psoc creator/4.4/psoc creator/import/gnu/arm/5.4.1/bin/../lib/gcc/arm-none-eabi/5.4.1/../../../../arm-none-eabi/lib/armv7-m/crt0.o
 .text          0x00000000        0x0 .\CortexM3\ARM_GCC_541\Debug\main.o
 .data          0x00000000        0x0 .\CortexM3\ARM_GCC_541\Debug\main.o
 .bss           0x00000000        0x0 .\CortexM3\ARM_GCC_541\Debug\main.o
 .text.Flight_Timer_ISR
                0x00000000        0x8 .\CortexM3\ARM_GCC_541\Debug\main.o
 .text          0x00000000        0x0 .\CortexM3\ARM_GCC_541\Debug\cyfitter_cfg.o
 .data          0x00000000        0x0 .\CortexM3\ARM_GCC_541\Debug\cyfitter_cfg.o
 .bss           0x00000000        0x0 .\CortexM3\ARM_GCC_541\Debug\cyfitter_cfg.o
 .text.SetAnalogRoutingPumps
                0x00000000       0x1c .\CortexM3\ARM_GCC_541\Debug\cyfitter_cfg.o
 .text          0x00000000        0x0 .\CortexM3\ARM_GCC_541\Debug\cymetadata.o
 .data          0x00000000        0x0 .\CortexM3\ARM_GCC_541\Debug\cymetadata.o
 .bss           0x00000000        0x0 .\CortexM3\ARM_GCC_541\Debug\cymetadata.o
 .text          0x00000000        0x0 .\CortexM3\ARM_GCC_541\Debug\Cm3Start.o
 .data          0x00000000        0x4 .\CortexM3\ARM_GCC_541\Debug\Cm3Start.o
 .bss           0x00000000        0x0 .\CortexM3\ARM_GCC_541\Debug\Cm3Start.o
 .text._exit    0x00000000        0xc .\CortexM3\ARM_GCC_541\Debug\Cm3Start.o
 .text._sbrk    0x00000000       0x30 .\CortexM3\ARM_GCC_541\Debug\Cm3Start.o
 .text          0x00000000        0x0 .\CortexM3\ARM_GCC_541\Debug\Ultrasonic Distance Meter.a(Ultrasonic_Drive.o)
 .data          0x00000000        0x0 .\CortexM3\ARM_GCC_541\Debug\Ultrasonic Distance Meter.a(Ultrasonic_Drive.o)
 .bss           0x00000000        0x0 .\CortexM3\ARM_GCC_541\Debug\Ultrasonic Distance Meter.a(Ultrasonic_Drive.o)
 .text.Ultrasonic_Drive_Stop
                0x00000000       0x1c .\CortexM3\ARM_GCC_541\Debug\Ultrasonic Distance Meter.a(Ultrasonic_Drive.o)
 .text.Ultrasonic_Drive_StopBlock
                0x00000000       0x6c .\CortexM3\ARM_GCC_541\Debug\Ultrasonic Distance Meter.a(Ultrasonic_Drive.o)
 .text.Ultrasonic_Drive_StandbyPower
                0x00000000       0x20 .\CortexM3\ARM_GCC_541\Debug\Ultrasonic Distance Meter.a(Ultrasonic_Drive.o)
 .text.Ultrasonic_Drive_GetDividerRegister
                0x00000000        0xc .\CortexM3\ARM_GCC_541\Debug\Ultrasonic Distance Meter.a(Ultrasonic_Drive.o)
 .text.Ultrasonic_Drive_SetModeRegister
                0x00000000       0x14 .\CortexM3\ARM_GCC_541\Debug\Ultrasonic Distance Meter.a(Ultrasonic_Drive.o)
 .text.Ultrasonic_Drive_ClearModeRegister
                0x00000000       0x18 .\CortexM3\ARM_GCC_541\Debug\Ultrasonic Distance Meter.a(Ultrasonic_Drive.o)
 .text.Ultrasonic_Drive_GetModeRegister
                0x00000000       0x10 .\CortexM3\ARM_GCC_541\Debug\Ultrasonic Distance Meter.a(Ultrasonic_Drive.o)
 .text.Ultrasonic_Drive_GetSourceRegister
                0x00000000       0x10 .\CortexM3\ARM_GCC_541\Debug\Ultrasonic Distance Meter.a(Ultrasonic_Drive.o)
 .text.Ultrasonic_Drive_SetDividerRegister
                0x00000000       0xdc .\CortexM3\ARM_GCC_541\Debug\Ultrasonic Distance Meter.a(Ultrasonic_Drive.o)
 .text.Ultrasonic_Drive_SetSourceRegister
                0x00000000       0x5c .\CortexM3\ARM_GCC_541\Debug\Ultrasonic Distance Meter.a(Ultrasonic_Drive.o)
 .text          0x00000000        0x0 .\CortexM3\ARM_GCC_541\Debug\Ultrasonic Distance Meter.a(PGA_1.o)
 .data          0x00000000        0x0 .\CortexM3\ARM_GCC_541\Debug\Ultrasonic Distance Meter.a(PGA_1.o)
 .text.PGA_1_Stop
                0x00000000       0x1c .\CortexM3\ARM_GCC_541\Debug\Ultrasonic Distance Meter.a(PGA_1.o)
 .text          0x00000000        0x0 .\CortexM3\ARM_GCC_541\Debug\Ultrasonic Distance Meter.a(CyLib.o)
 .data          0x00000000       0x10 .\CortexM3\ARM_GCC_541\Debug\Ultrasonic Distance Meter.a(CyLib.o)
 .bss           0x00000000       0x1c .\CortexM3\ARM_GCC_541\Debug\Ultrasonic Distance Meter.a(CyLib.o)
 .text.CyUSB_PowerOnCheck
                0x00000000       0x48 .\CortexM3\ARM_GCC_541\Debug\Ultrasonic Distance Meter.a(CyLib.o)
 .text.CyBusClk_Internal_SetDivider
                0x00000000       0x48 .\CortexM3\ARM_GCC_541\Debug\Ultrasonic Distance Meter.a(CyLib.o)
 .text.CyPLL_OUT_Stop
                0x00000000       0x10 .\CortexM3\ARM_GCC_541\Debug\Ultrasonic Distance Meter.a(CyLib.o)
 .text.CyIMO_Stop
                0x00000000       0x1c .\CortexM3\ARM_GCC_541\Debug\Ultrasonic Distance Meter.a(CyLib.o)
 .text.CyIMO_EnableDoubler
                0x00000000       0x10 .\CortexM3\ARM_GCC_541\Debug\Ultrasonic Distance Meter.a(CyLib.o)
 .text.CyIMO_DisableDoubler
                0x00000000       0x10 .\CortexM3\ARM_GCC_541\Debug\Ultrasonic Distance Meter.a(CyLib.o)
 .text.CyMasterClk_SetSource
                0x00000000       0x18 .\CortexM3\ARM_GCC_541\Debug\Ultrasonic Distance Meter.a(CyLib.o)
 .text.CyMasterClk_SetDivider
                0x00000000        0xc .\CortexM3\ARM_GCC_541\Debug\Ultrasonic Distance Meter.a(CyLib.o)
 .text.CyBusClk_SetDivider
                0x00000000       0x70 .\CortexM3\ARM_GCC_541\Debug\Ultrasonic Distance Meter.a(CyLib.o)
 .text.CyUsbClk_SetSource
                0x00000000       0x18 .\CortexM3\ARM_GCC_541\Debug\Ultrasonic Distance Meter.a(CyLib.o)
 .text.CyILO_Start1K
                0x00000000       0x10 .\CortexM3\ARM_GCC_541\Debug\Ultrasonic Distance Meter.a(CyLib.o)
 .text.CyILO_Stop1K
                0x00000000       0x10 .\CortexM3\ARM_GCC_541\Debug\Ultrasonic Distance Meter.a(CyLib.o)
 .text.CyILO_Start100K
                0x00000000       0x10 .\CortexM3\ARM_GCC_541\Debug\Ultrasonic Distance Meter.a(CyLib.o)
 .text.CyILO_Stop100K
                0x00000000       0x10 .\CortexM3\ARM_GCC_541\Debug\Ultrasonic Distance Meter.a(CyLib.o)
 .text.CyPLL_OUT_Start
                0x00000000       0x78 .\CortexM3\ARM_GCC_541\Debug\Ultrasonic Distance Meter.a(CyLib.o)
 .text.CyIMO_Start
                0x00000000       0x60 .\CortexM3\ARM_GCC_541\Debug\Ultrasonic Distance Meter.a(CyLib.o)
 .text.CyILO_Enable33K
                0x00000000       0x10 .\CortexM3\ARM_GCC_541\Debug\Ultrasonic Distance Meter.a(CyLib.o)
 .text.CyILO_Disable33K
                0x00000000       0x10 .\CortexM3\ARM_GCC_541\Debug\Ultrasonic Distance Meter.a(CyLib.o)
 .text.CyILO_SetSource
                0x00000000       0x18 .\CortexM3\ARM_GCC_541\Debug\Ultrasonic Distance Meter.a(CyLib.o)
 .text.CyILO_SetPowerMode
                0x00000000       0x24 .\CortexM3\ARM_GCC_541\Debug\Ultrasonic Distance Meter.a(CyLib.o)
 .text.CyXTAL_32KHZ_Stop
                0x00000000       0x30 .\CortexM3\ARM_GCC_541\Debug\Ultrasonic Distance Meter.a(CyLib.o)
 .text.CyXTAL_32KHZ_ReadStatus
                0x00000000       0x10 .\CortexM3\ARM_GCC_541\Debug\Ultrasonic Distance Meter.a(CyLib.o)
 .text.CyXTAL_Start
                0x00000000       0xac .\CortexM3\ARM_GCC_541\Debug\Ultrasonic Distance Meter.a(CyLib.o)
 .text.CyXTAL_Stop
                0x00000000       0x10 .\CortexM3\ARM_GCC_541\Debug\Ultrasonic Distance Meter.a(CyLib.o)
 .text.CyXTAL_EnableErrStatus
                0x00000000       0x10 .\CortexM3\ARM_GCC_541\Debug\Ultrasonic Distance Meter.a(CyLib.o)
 .text.CyXTAL_DisableErrStatus
                0x00000000       0x10 .\CortexM3\ARM_GCC_541\Debug\Ultrasonic Distance Meter.a(CyLib.o)
 .text.CyXTAL_ReadStatus
                0x00000000       0x18 .\CortexM3\ARM_GCC_541\Debug\Ultrasonic Distance Meter.a(CyLib.o)
 .text.CyXTAL_EnableFaultRecovery
                0x00000000       0x10 .\CortexM3\ARM_GCC_541\Debug\Ultrasonic Distance Meter.a(CyLib.o)
 .text.CyXTAL_DisableFaultRecovery
                0x00000000       0x10 .\CortexM3\ARM_GCC_541\Debug\Ultrasonic Distance Meter.a(CyLib.o)
 .text.CyXTAL_SetStartup
                0x00000000       0x18 .\CortexM3\ARM_GCC_541\Debug\Ultrasonic Distance Meter.a(CyLib.o)
 .text.CyXTAL_SetFbVoltage
                0x00000000       0x18 .\CortexM3\ARM_GCC_541\Debug\Ultrasonic Distance Meter.a(CyLib.o)
 .text.CyXTAL_SetWdVoltage
                0x00000000       0x18 .\CortexM3\ARM_GCC_541\Debug\Ultrasonic Distance Meter.a(CyLib.o)
 .text.CyHalt   0x00000000        0x4 .\CortexM3\ARM_GCC_541\Debug\Ultrasonic Distance Meter.a(CyLib.o)
 .text.CyPLL_OUT_SetPQ
                0x00000000       0x60 .\CortexM3\ARM_GCC_541\Debug\Ultrasonic Distance Meter.a(CyLib.o)
 .text.CyPLL_OUT_SetSource
                0x00000000       0x34 .\CortexM3\ARM_GCC_541\Debug\Ultrasonic Distance Meter.a(CyLib.o)
 .text.CyIMO_SetTrimValue
                0x00000000       0xcc .\CortexM3\ARM_GCC_541\Debug\Ultrasonic Distance Meter.a(CyLib.o)
 .text.CyIMO_SetFreq
                0x00000000       0xf4 .\CortexM3\ARM_GCC_541\Debug\Ultrasonic Distance Meter.a(CyLib.o)
 .text.CyIMO_SetSource
                0x00000000       0x58 .\CortexM3\ARM_GCC_541\Debug\Ultrasonic Distance Meter.a(CyLib.o)
 .text.CySoftwareReset
                0x00000000       0x10 .\CortexM3\ARM_GCC_541\Debug\Ultrasonic Distance Meter.a(CyLib.o)
 .text.CyDelay  0x00000000       0x2c .\CortexM3\ARM_GCC_541\Debug\Ultrasonic Distance Meter.a(CyLib.o)
 .text.CyDelayUs
                0x00000000       0x14 .\CortexM3\ARM_GCC_541\Debug\Ultrasonic Distance Meter.a(CyLib.o)
 .text.CyXTAL_32KHZ_SetPowerMode
                0x00000000       0x84 .\CortexM3\ARM_GCC_541\Debug\Ultrasonic Distance Meter.a(CyLib.o)
 .text.CyXTAL_32KHZ_Start
                0x00000000       0x74 .\CortexM3\ARM_GCC_541\Debug\Ultrasonic Distance Meter.a(CyLib.o)
 .text.CyDelayFreq
                0x00000000       0x4c .\CortexM3\ARM_GCC_541\Debug\Ultrasonic Distance Meter.a(CyLib.o)
 .text.CyWdtStart
                0x00000000       0x40 .\CortexM3\ARM_GCC_541\Debug\Ultrasonic Distance Meter.a(CyLib.o)
 .text.CyWdtClear
                0x00000000        0xc .\CortexM3\ARM_GCC_541\Debug\Ultrasonic Distance Meter.a(CyLib.o)
 .text.CyVdStickyStatus
                0x00000000       0x2c .\CortexM3\ARM_GCC_541\Debug\Ultrasonic Distance Meter.a(CyLib.o)
 .text.CyVdLvDigitEnable
                0x00000000       0x84 .\CortexM3\ARM_GCC_541\Debug\Ultrasonic Distance Meter.a(CyLib.o)
 .text.CyVdLvAnalogEnable
                0x00000000       0x80 .\CortexM3\ARM_GCC_541\Debug\Ultrasonic Distance Meter.a(CyLib.o)
 .text.CyVdLvDigitDisable
                0x00000000       0x30 .\CortexM3\ARM_GCC_541\Debug\Ultrasonic Distance Meter.a(CyLib.o)
 .text.CyVdLvAnalogDisable
                0x00000000       0x28 .\CortexM3\ARM_GCC_541\Debug\Ultrasonic Distance Meter.a(CyLib.o)
 .text.CyVdHvAnalogEnable
                0x00000000       0x54 .\CortexM3\ARM_GCC_541\Debug\Ultrasonic Distance Meter.a(CyLib.o)
 .text.CyVdHvAnalogDisable
                0x00000000       0x20 .\CortexM3\ARM_GCC_541\Debug\Ultrasonic Distance Meter.a(CyLib.o)
 .text.CyVdRealTimeStatus
                0x00000000       0x1c .\CortexM3\ARM_GCC_541\Debug\Ultrasonic Distance Meter.a(CyLib.o)
 .text.CyDisableInts
                0x00000000       0x1c .\CortexM3\ARM_GCC_541\Debug\Ultrasonic Distance Meter.a(CyLib.o)
 .text.CyEnableInts
                0x00000000       0x18 .\CortexM3\ARM_GCC_541\Debug\Ultrasonic Distance Meter.a(CyLib.o)
 .text.CyFlushCache
                0x00000000       0x44 .\CortexM3\ARM_GCC_541\Debug\Ultrasonic Distance Meter.a(CyLib.o)
 .text.CyIntSetSysVector
                0x00000000       0x28 .\CortexM3\ARM_GCC_541\Debug\Ultrasonic Distance Meter.a(CyLib.o)
 .text.CyIntGetSysVector
                0x00000000       0x20 .\CortexM3\ARM_GCC_541\Debug\Ultrasonic Distance Meter.a(CyLib.o)
 .text.CyIntSetVector
                0x00000000       0x28 .\CortexM3\ARM_GCC_541\Debug\Ultrasonic Distance Meter.a(CyLib.o)
 .text.CyIntGetVector
                0x00000000       0x24 .\CortexM3\ARM_GCC_541\Debug\Ultrasonic Distance Meter.a(CyLib.o)
 .text.CyIntSetPriority
                0x00000000       0x30 .\CortexM3\ARM_GCC_541\Debug\Ultrasonic Distance Meter.a(CyLib.o)
 .text.CyIntGetPriority
                0x00000000       0x20 .\CortexM3\ARM_GCC_541\Debug\Ultrasonic Distance Meter.a(CyLib.o)
 .text.CyIntGetState
                0x00000000       0x24 .\CortexM3\ARM_GCC_541\Debug\Ultrasonic Distance Meter.a(CyLib.o)
 .text.CySysTickStop
                0x00000000       0x10 .\CortexM3\ARM_GCC_541\Debug\Ultrasonic Distance Meter.a(CyLib.o)
 .text.CySysTickEnableInterrupt
                0x00000000       0x10 .\CortexM3\ARM_GCC_541\Debug\Ultrasonic Distance Meter.a(CyLib.o)
 .text.CySysTickEnable
                0x00000000       0x18 .\CortexM3\ARM_GCC_541\Debug\Ultrasonic Distance Meter.a(CyLib.o)
 .text.CySysTickDisableInterrupt
                0x00000000       0x10 .\CortexM3\ARM_GCC_541\Debug\Ultrasonic Distance Meter.a(CyLib.o)
 .text.CySysTickSetReload
                0x00000000       0x10 .\CortexM3\ARM_GCC_541\Debug\Ultrasonic Distance Meter.a(CyLib.o)
 .text.CySysTickGetReload
                0x00000000       0x10 .\CortexM3\ARM_GCC_541\Debug\Ultrasonic Distance Meter.a(CyLib.o)
 .text.CySysTickGetValue
                0x00000000       0x10 .\CortexM3\ARM_GCC_541\Debug\Ultrasonic Distance Meter.a(CyLib.o)
 .text.CySysTickSetClockSource
                0x00000000       0x20 .\CortexM3\ARM_GCC_541\Debug\Ultrasonic Distance Meter.a(CyLib.o)
 .text.CySysTickGetClockSource
                0x00000000       0x10 .\CortexM3\ARM_GCC_541\Debug\Ultrasonic Distance Meter.a(CyLib.o)
 .text.CySysTickGetCountFlag
                0x00000000       0x10 .\CortexM3\ARM_GCC_541\Debug\Ultrasonic Distance Meter.a(CyLib.o)
 .text.CySysTickServiceCallbacks
                0x00000000       0x28 .\CortexM3\ARM_GCC_541\Debug\Ultrasonic Distance Meter.a(CyLib.o)
 .text.CySysTickClear
                0x00000000        0xc .\CortexM3\ARM_GCC_541\Debug\Ultrasonic Distance Meter.a(CyLib.o)
 .text.CySysTickInit
                0x00000000       0x58 .\CortexM3\ARM_GCC_541\Debug\Ultrasonic Distance Meter.a(CyLib.o)
 .text.CySysTickStart
                0x00000000       0x1c .\CortexM3\ARM_GCC_541\Debug\Ultrasonic Distance Meter.a(CyLib.o)
 .text.CySysTickSetCallback
                0x00000000       0x10 .\CortexM3\ARM_GCC_541\Debug\Ultrasonic Distance Meter.a(CyLib.o)
 .text.CySysTickGetCallback
                0x00000000       0x10 .\CortexM3\ARM_GCC_541\Debug\Ultrasonic Distance Meter.a(CyLib.o)
 .text.CyGetUniqueId
                0x00000000       0x70 .\CortexM3\ARM_GCC_541\Debug\Ultrasonic Distance Meter.a(CyLib.o)
 .text          0x00000000        0x0 .\CortexM3\ARM_GCC_541\Debug\Ultrasonic Distance Meter.a(cyPm.o)
 .data          0x00000000        0x0 .\CortexM3\ARM_GCC_541\Debug\Ultrasonic Distance Meter.a(cyPm.o)
 .bss           0x00000000       0x43 .\CortexM3\ARM_GCC_541\Debug\Ultrasonic Distance Meter.a(cyPm.o)
 .text.CyPmHibSlpSaveSet
                0x00000000      0x1dc .\CortexM3\ARM_GCC_541\Debug\Ultrasonic Distance Meter.a(cyPm.o)
 .text.CyPmHibSlpRestore
                0x00000000       0xd8 .\CortexM3\ARM_GCC_541\Debug\Ultrasonic Distance Meter.a(cyPm.o)
 .text.CyPmHviLviSaveDisable
                0x00000000       0xa0 .\CortexM3\ARM_GCC_541\Debug\Ultrasonic Distance Meter.a(cyPm.o)
 .text.CyPmHibSaveSet
                0x00000000       0x98 .\CortexM3\ARM_GCC_541\Debug\Ultrasonic Distance Meter.a(cyPm.o)
 .text.CyPmHviLviRestore
                0x00000000       0x48 .\CortexM3\ARM_GCC_541\Debug\Ultrasonic Distance Meter.a(cyPm.o)
 .text.CyPmHibRestore
                0x00000000       0x60 .\CortexM3\ARM_GCC_541\Debug\Ultrasonic Distance Meter.a(cyPm.o)
 .text.CyPmSaveClocks
                0x00000000      0x218 .\CortexM3\ARM_GCC_541\Debug\Ultrasonic Distance Meter.a(cyPm.o)
 .text.CyPmRestoreClocks
                0x00000000      0x24c .\CortexM3\ARM_GCC_541\Debug\Ultrasonic Distance Meter.a(cyPm.o)
 .text.CyPmAltAct
                0x00000000       0x6c .\CortexM3\ARM_GCC_541\Debug\Ultrasonic Distance Meter.a(cyPm.o)
 .text.CyPmSleep
                0x00000000       0xf4 .\CortexM3\ARM_GCC_541\Debug\Ultrasonic Distance Meter.a(cyPm.o)
 .text.CyPmHibernateEx
                0x00000000       0xf4 .\CortexM3\ARM_GCC_541\Debug\Ultrasonic Distance Meter.a(cyPm.o)
 .text.CyPmHibernate
                0x00000000        0xc .\CortexM3\ARM_GCC_541\Debug\Ultrasonic Distance Meter.a(cyPm.o)
 .text.CyPmReadStatus
                0x00000000       0x30 .\CortexM3\ARM_GCC_541\Debug\Ultrasonic Distance Meter.a(cyPm.o)
 .text.CyPmCtwSetInterval
                0x00000000       0x5c .\CortexM3\ARM_GCC_541\Debug\Ultrasonic Distance Meter.a(cyPm.o)
 .text.CyPmOppsSet
                0x00000000       0x2c .\CortexM3\ARM_GCC_541\Debug\Ultrasonic Distance Meter.a(cyPm.o)
 .text.CyPmFtwSetInterval
                0x00000000       0x5c .\CortexM3\ARM_GCC_541\Debug\Ultrasonic Distance Meter.a(cyPm.o)
 .rodata        0x00000000        0xf .\CortexM3\ARM_GCC_541\Debug\Ultrasonic Distance Meter.a(cyPm.o)
 .text          0x00000000        0x0 .\CortexM3\ARM_GCC_541\Debug\Ultrasonic Distance Meter.a(Vssa_Buffer.o)
 .data          0x00000000        0x0 .\CortexM3\ARM_GCC_541\Debug\Ultrasonic Distance Meter.a(Vssa_Buffer.o)
 .text.Vssa_Buffer_Stop
                0x00000000       0x34 .\CortexM3\ARM_GCC_541\Debug\Ultrasonic Distance Meter.a(Vssa_Buffer.o)
 .text          0x00000000        0x0 .\CortexM3\ARM_GCC_541\Debug\Ultrasonic Distance Meter.a(VDAC8_1.o)
 .data          0x00000000        0x0 .\CortexM3\ARM_GCC_541\Debug\Ultrasonic Distance Meter.a(VDAC8_1.o)
 .text.VDAC8_1_Stop
                0x00000000       0x1c .\CortexM3\ARM_GCC_541\Debug\Ultrasonic Distance Meter.a(VDAC8_1.o)
 .text          0x00000000        0x0 .\CortexM3\ARM_GCC_541\Debug\Ultrasonic Distance Meter.a(Comp_1.o)
 .data          0x00000000        0x0 .\CortexM3\ARM_GCC_541\Debug\Ultrasonic Distance Meter.a(Comp_1.o)
 .text.Comp_1_trimAdjust
                0x00000000       0x78 .\CortexM3\ARM_GCC_541\Debug\Ultrasonic Distance Meter.a(Comp_1.o)
 .text.Comp_1_Stop
                0x00000000       0x1c .\CortexM3\ARM_GCC_541\Debug\Ultrasonic Distance Meter.a(Comp_1.o)
 .text.Comp_1_GetCompare
                0x00000000       0x10 .\CortexM3\ARM_GCC_541\Debug\Ultrasonic Distance Meter.a(Comp_1.o)
 .text.Comp_1_ZeroCal
                0x00000000       0x90 .\CortexM3\ARM_GCC_541\Debug\Ultrasonic Distance Meter.a(Comp_1.o)
 .text.Comp_1_LoadTrim
                0x00000000       0x14 .\CortexM3\ARM_GCC_541\Debug\Ultrasonic Distance Meter.a(Comp_1.o)
 .text.Comp_1_PwrDwnOverrideEnable
                0x00000000       0x10 .\CortexM3\ARM_GCC_541\Debug\Ultrasonic Distance Meter.a(Comp_1.o)
 .text.Comp_1_PwrDwnOverrideDisable
                0x00000000       0x10 .\CortexM3\ARM_GCC_541\Debug\Ultrasonic Distance Meter.a(Comp_1.o)
 .text          0x00000000        0x0 .\CortexM3\ARM_GCC_541\Debug\Ultrasonic Distance Meter.a(Flight_Timer.o)
 .data          0x00000000        0x0 .\CortexM3\ARM_GCC_541\Debug\Ultrasonic Distance Meter.a(Flight_Timer.o)
 .bss           0x00000000        0x1 .\CortexM3\ARM_GCC_541\Debug\Ultrasonic Distance Meter.a(Flight_Timer.o)
 .text.Flight_Timer_Enable
                0x00000000       0x28 .\CortexM3\ARM_GCC_541\Debug\Ultrasonic Distance Meter.a(Flight_Timer.o)
 .text.Flight_Timer_Stop
                0x00000000       0x28 .\CortexM3\ARM_GCC_541\Debug\Ultrasonic Distance Meter.a(Flight_Timer.o)
 .text.Flight_Timer_SetInterruptMode
                0x00000000        0xc .\CortexM3\ARM_GCC_541\Debug\Ultrasonic Distance Meter.a(Flight_Timer.o)
 .text.Flight_Timer_SoftwareCapture
                0x00000000        0xc .\CortexM3\ARM_GCC_541\Debug\Ultrasonic Distance Meter.a(Flight_Timer.o)
 .text.Flight_Timer_ReadStatusRegister
                0x00000000        0xc .\CortexM3\ARM_GCC_541\Debug\Ultrasonic Distance Meter.a(Flight_Timer.o)
 .text.Flight_Timer_ReadControlRegister
                0x00000000        0xc .\CortexM3\ARM_GCC_541\Debug\Ultrasonic Distance Meter.a(Flight_Timer.o)
 .text.Flight_Timer_WriteControlRegister
                0x00000000        0xc .\CortexM3\ARM_GCC_541\Debug\Ultrasonic Distance Meter.a(Flight_Timer.o)
 .text.Flight_Timer_WritePeriod
                0x00000000        0xc .\CortexM3\ARM_GCC_541\Debug\Ultrasonic Distance Meter.a(Flight_Timer.o)
 .text.Flight_Timer_ReadCapture
                0x00000000        0xc .\CortexM3\ARM_GCC_541\Debug\Ultrasonic Distance Meter.a(Flight_Timer.o)
 .text.Flight_Timer_WriteCounter
                0x00000000        0xc .\CortexM3\ARM_GCC_541\Debug\Ultrasonic Distance Meter.a(Flight_Timer.o)
 .text.Flight_Timer_Init
                0x00000000       0x68 .\CortexM3\ARM_GCC_541\Debug\Ultrasonic Distance Meter.a(Flight_Timer.o)
 .text.Flight_Timer_Start
                0x00000000       0x1c .\CortexM3\ARM_GCC_541\Debug\Ultrasonic Distance Meter.a(Flight_Timer.o)
 .text.Flight_Timer_ReadCounter
                0x00000000       0x14 .\CortexM3\ARM_GCC_541\Debug\Ultrasonic Distance Meter.a(Flight_Timer.o)
 .data          0x00000000        0x0 .\CortexM3\ARM_GCC_541\Debug\Ultrasonic Distance Meter.a(CyBootAsmGnu.o)
 .bss           0x00000000        0x0 .\CortexM3\ARM_GCC_541\Debug\Ultrasonic Distance Meter.a(CyBootAsmGnu.o)
 .text          0x00000000        0x0 .\CortexM3\ARM_GCC_541\Debug\Ultrasonic Distance Meter.a(CyFlash.o)
 .data          0x00000000        0x0 .\CortexM3\ARM_GCC_541\Debug\Ultrasonic Distance Meter.a(CyFlash.o)
 .bss           0x00000000        0x0 .\CortexM3\ARM_GCC_541\Debug\Ultrasonic Distance Meter.a(CyFlash.o)
 .text.CySetTempInt
                0x00000000       0x60 .\CortexM3\ARM_GCC_541\Debug\Ultrasonic Distance Meter.a(CyFlash.o)
 .text.CyFlash_Start
                0x00000000       0x54 .\CortexM3\ARM_GCC_541\Debug\Ultrasonic Distance Meter.a(CyFlash.o)
 .text.CyFlash_Stop
                0x00000000       0x24 .\CortexM3\ARM_GCC_541\Debug\Ultrasonic Distance Meter.a(CyFlash.o)
 .text.CyFlash_EraseRow
                0x00000000       0x78 .\CortexM3\ARM_GCC_541\Debug\Ultrasonic Distance Meter.a(CyFlash.o)
 .text.CyFlashGetSpcAlgorithm
                0x00000000       0x4c .\CortexM3\ARM_GCC_541\Debug\Ultrasonic Distance Meter.a(CyFlash.o)
 .text.CySetTemp
                0x00000000       0x14 .\CortexM3\ARM_GCC_541\Debug\Ultrasonic Distance Meter.a(CyFlash.o)
 .text.CySetFlashEEBuffer
                0x00000000       0x20 .\CortexM3\ARM_GCC_541\Debug\Ultrasonic Distance Meter.a(CyFlash.o)
 .text.CyWriteRowFull
                0x00000000       0xf8 .\CortexM3\ARM_GCC_541\Debug\Ultrasonic Distance Meter.a(CyFlash.o)
 .text.CyWriteRowData
                0x00000000       0x14 .\CortexM3\ARM_GCC_541\Debug\Ultrasonic Distance Meter.a(CyFlash.o)
 .text.CyFlash_SetWaitCycles
                0x00000000       0x7c .\CortexM3\ARM_GCC_541\Debug\Ultrasonic Distance Meter.a(CyFlash.o)
 .text.CyEEPROM_Start
                0x00000000       0x54 .\CortexM3\ARM_GCC_541\Debug\Ultrasonic Distance Meter.a(CyFlash.o)
 .text.CyEEPROM_Stop
                0x00000000       0x24 .\CortexM3\ARM_GCC_541\Debug\Ultrasonic Distance Meter.a(CyFlash.o)
 .text.CyEEPROM_ReadReserve
                0x00000000       0x1c .\CortexM3\ARM_GCC_541\Debug\Ultrasonic Distance Meter.a(CyFlash.o)
 .text.CyEEPROM_ReadRelease
                0x00000000       0x10 .\CortexM3\ARM_GCC_541\Debug\Ultrasonic Distance Meter.a(CyFlash.o)
 COMMON         0x00000000        0x2 .\CortexM3\ARM_GCC_541\Debug\Ultrasonic Distance Meter.a(CyFlash.o)
 .text          0x00000000        0x0 .\CortexM3\ARM_GCC_541\Debug\Ultrasonic Distance Meter.a(CySpc.o)
 .data          0x00000000        0x0 .\CortexM3\ARM_GCC_541\Debug\Ultrasonic Distance Meter.a(CySpc.o)
 .bss           0x00000000        0x8 .\CortexM3\ARM_GCC_541\Debug\Ultrasonic Distance Meter.a(CySpc.o)
 .text.CySpcStart
                0x00000000       0x24 .\CortexM3\ARM_GCC_541\Debug\Ultrasonic Distance Meter.a(CySpc.o)
 .text.CySpcStop
                0x00000000       0x24 .\CortexM3\ARM_GCC_541\Debug\Ultrasonic Distance Meter.a(CySpc.o)
 .text.CySpcReadData
                0x00000000       0x34 .\CortexM3\ARM_GCC_541\Debug\Ultrasonic Distance Meter.a(CySpc.o)
 .text.CySpcLoadMultiByte
                0x00000000       0x78 .\CortexM3\ARM_GCC_541\Debug\Ultrasonic Distance Meter.a(CySpc.o)
 .text.CySpcLoadRow
                0x00000000       0x50 .\CortexM3\ARM_GCC_541\Debug\Ultrasonic Distance Meter.a(CySpc.o)
 .text.CySpcLoadRowFull
                0x00000000       0x80 .\CortexM3\ARM_GCC_541\Debug\Ultrasonic Distance Meter.a(CySpc.o)
 .text.CySpcWriteRow
                0x00000000       0x4c .\CortexM3\ARM_GCC_541\Debug\Ultrasonic Distance Meter.a(CySpc.o)
 .text.CySpcEraseSector
                0x00000000       0x3c .\CortexM3\ARM_GCC_541\Debug\Ultrasonic Distance Meter.a(CySpc.o)
 .text.CySpcEraseRow
                0x00000000       0x4c .\CortexM3\ARM_GCC_541\Debug\Ultrasonic Distance Meter.a(CySpc.o)
 .text.CySpcGetTemp
                0x00000000       0x3c .\CortexM3\ARM_GCC_541\Debug\Ultrasonic Distance Meter.a(CySpc.o)
 .text.CySpcLock
                0x00000000       0x4c .\CortexM3\ARM_GCC_541\Debug\Ultrasonic Distance Meter.a(CySpc.o)
 .text.CySpcUnlock
                0x00000000       0x38 .\CortexM3\ARM_GCC_541\Debug\Ultrasonic Distance Meter.a(CySpc.o)
 .text.CySpcGetAlgorithm
                0x00000000       0x28 .\CortexM3\ARM_GCC_541\Debug\Ultrasonic Distance Meter.a(CySpc.o)
 .data          0x00000000        0x0 c:/program files (x86)/cypress/psoc creator/4.4/psoc creator/import/gnu/arm/5.4.1/bin/../lib/gcc/arm-none-eabi/5.4.1/armv7-m\libgcc.a(_arm_addsubdf3.o)
 .bss           0x00000000        0x0 c:/program files (x86)/cypress/psoc creator/4.4/psoc creator/import/gnu/arm/5.4.1/bin/../lib/gcc/arm-none-eabi/5.4.1/armv7-m\libgcc.a(_arm_addsubdf3.o)
 .data          0x00000000        0x0 c:/program files (x86)/cypress/psoc creator/4.4/psoc creator/import/gnu/arm/5.4.1/bin/../lib/gcc/arm-none-eabi/5.4.1/armv7-m\libgcc.a(_arm_muldivdf3.o)
 .bss           0x00000000        0x0 c:/program files (x86)/cypress/psoc creator/4.4/psoc creator/import/gnu/arm/5.4.1/bin/../lib/gcc/arm-none-eabi/5.4.1/armv7-m\libgcc.a(_arm_muldivdf3.o)
 .data          0x00000000        0x0 c:/program files (x86)/cypress/psoc creator/4.4/psoc creator/import/gnu/arm/5.4.1/bin/../lib/gcc/arm-none-eabi/5.4.1/armv7-m\libgcc.a(_arm_truncdfsf2.o)
 .bss           0x00000000        0x0 c:/program files (x86)/cypress/psoc creator/4.4/psoc creator/import/gnu/arm/5.4.1/bin/../lib/gcc/arm-none-eabi/5.4.1/armv7-m\libgcc.a(_arm_truncdfsf2.o)
 .data          0x00000000        0x0 c:/program files (x86)/cypress/psoc creator/4.4/psoc creator/import/gnu/arm/5.4.1/bin/../lib/gcc/arm-none-eabi/5.4.1/armv7-m\libgcc.a(_arm_muldivsf3.o)
 .bss           0x00000000        0x0 c:/program files (x86)/cypress/psoc creator/4.4/psoc creator/import/gnu/arm/5.4.1/bin/../lib/gcc/arm-none-eabi/5.4.1/armv7-m\libgcc.a(_arm_muldivsf3.o)
 .text          0x00000000        0x0 c:/program files (x86)/cypress/psoc creator/4.4/psoc creator/import/gnu/arm/5.4.1/bin/../lib/gcc/arm-none-eabi/5.4.1/../../../../arm-none-eabi/lib/armv7-m\libg_nano.a(lib_a-errno.o)
 .data          0x00000000        0x0 c:/program files (x86)/cypress/psoc creator/4.4/psoc creator/import/gnu/arm/5.4.1/bin/../lib/gcc/arm-none-eabi/5.4.1/../../../../arm-none-eabi/lib/armv7-m\libg_nano.a(lib_a-errno.o)
 .bss           0x00000000        0x0 c:/program files (x86)/cypress/psoc creator/4.4/psoc creator/import/gnu/arm/5.4.1/bin/../lib/gcc/arm-none-eabi/5.4.1/../../../../arm-none-eabi/lib/armv7-m\libg_nano.a(lib_a-errno.o)
 .text          0x00000000        0x0 c:/program files (x86)/cypress/psoc creator/4.4/psoc creator/import/gnu/arm/5.4.1/bin/../lib/gcc/arm-none-eabi/5.4.1/../../../../arm-none-eabi/lib/armv7-m\libg_nano.a(lib_a-exit.o)
 .data          0x00000000        0x0 c:/program files (x86)/cypress/psoc creator/4.4/psoc creator/import/gnu/arm/5.4.1/bin/../lib/gcc/arm-none-eabi/5.4.1/../../../../arm-none-eabi/lib/armv7-m\libg_nano.a(lib_a-exit.o)
 .bss           0x00000000        0x0 c:/program files (x86)/cypress/psoc creator/4.4/psoc creator/import/gnu/arm/5.4.1/bin/../lib/gcc/arm-none-eabi/5.4.1/../../../../arm-none-eabi/lib/armv7-m\libg_nano.a(lib_a-exit.o)
 .text.exit     0x00000000       0x28 c:/program files (x86)/cypress/psoc creator/4.4/psoc creator/import/gnu/arm/5.4.1/bin/../lib/gcc/arm-none-eabi/5.4.1/../../../../arm-none-eabi/lib/armv7-m\libg_nano.a(lib_a-exit.o)
 .text          0x00000000        0x0 c:/program files (x86)/cypress/psoc creator/4.4/psoc creator/import/gnu/arm/5.4.1/bin/../lib/gcc/arm-none-eabi/5.4.1/../../../../arm-none-eabi/lib/armv7-m\libg_nano.a(lib_a-impure.o)
 .data          0x00000000        0x0 c:/program files (x86)/cypress/psoc creator/4.4/psoc creator/import/gnu/arm/5.4.1/bin/../lib/gcc/arm-none-eabi/5.4.1/../../../../arm-none-eabi/lib/armv7-m\libg_nano.a(lib_a-impure.o)
 .bss           0x00000000        0x0 c:/program files (x86)/cypress/psoc creator/4.4/psoc creator/import/gnu/arm/5.4.1/bin/../lib/gcc/arm-none-eabi/5.4.1/../../../../arm-none-eabi/lib/armv7-m\libg_nano.a(lib_a-impure.o)
 .rodata._global_impure_ptr
                0x00000000        0x4 c:/program files (x86)/cypress/psoc creator/4.4/psoc creator/import/gnu/arm/5.4.1/bin/../lib/gcc/arm-none-eabi/5.4.1/../../../../arm-none-eabi/lib/armv7-m\libg_nano.a(lib_a-impure.o)
 .text          0x00000000        0x0 c:/program files (x86)/cypress/psoc creator/4.4/psoc creator/import/gnu/arm/5.4.1/bin/../lib/gcc/arm-none-eabi/5.4.1/../../../../arm-none-eabi/lib/armv7-m\libg_nano.a(lib_a-init.o)
 .data          0x00000000        0x0 c:/program files (x86)/cypress/psoc creator/4.4/psoc creator/import/gnu/arm/5.4.1/bin/../lib/gcc/arm-none-eabi/5.4.1/../../../../arm-none-eabi/lib/armv7-m\libg_nano.a(lib_a-init.o)
 .bss           0x00000000        0x0 c:/program files (x86)/cypress/psoc creator/4.4/psoc creator/import/gnu/arm/5.4.1/bin/../lib/gcc/arm-none-eabi/5.4.1/../../../../arm-none-eabi/lib/armv7-m\libg_nano.a(lib_a-init.o)
 .text          0x00000000        0x0 c:/program files (x86)/cypress/psoc creator/4.4/psoc creator/import/gnu/arm/5.4.1/bin/../lib/gcc/arm-none-eabi/5.4.1/../../../../arm-none-eabi/lib/armv7-m\libg_nano.a(lib_a-memcpy-stub.o)
 .data          0x00000000        0x0 c:/program files (x86)/cypress/psoc creator/4.4/psoc creator/import/gnu/arm/5.4.1/bin/../lib/gcc/arm-none-eabi/5.4.1/../../../../arm-none-eabi/lib/armv7-m\libg_nano.a(lib_a-memcpy-stub.o)
 .bss           0x00000000        0x0 c:/program files (x86)/cypress/psoc creator/4.4/psoc creator/import/gnu/arm/5.4.1/bin/../lib/gcc/arm-none-eabi/5.4.1/../../../../arm-none-eabi/lib/armv7-m\libg_nano.a(lib_a-memcpy-stub.o)
 .text          0x00000000        0x0 c:/program files (x86)/cypress/psoc creator/4.4/psoc creator/import/gnu/arm/5.4.1/bin/../lib/gcc/arm-none-eabi/5.4.1/../../../../arm-none-eabi/lib/armv7-m\libg_nano.a(lib_a-memset.o)
 .data          0x00000000        0x0 c:/program files (x86)/cypress/psoc creator/4.4/psoc creator/import/gnu/arm/5.4.1/bin/../lib/gcc/arm-none-eabi/5.4.1/../../../../arm-none-eabi/lib/armv7-m\libg_nano.a(lib_a-memset.o)
 .bss           0x00000000        0x0 c:/program files (x86)/cypress/psoc creator/4.4/psoc creator/import/gnu/arm/5.4.1/bin/../lib/gcc/arm-none-eabi/5.4.1/../../../../arm-none-eabi/lib/armv7-m\libg_nano.a(lib_a-memset.o)
 .text          0x00000000        0x0 c:/program files (x86)/cypress/psoc creator/4.4/psoc creator/import/gnu/arm/5.4.1/bin/../lib/gcc/arm-none-eabi/5.4.1/armv7-m/crtend.o
 .data          0x00000000        0x0 c:/program files (x86)/cypress/psoc creator/4.4/psoc creator/import/gnu/arm/5.4.1/bin/../lib/gcc/arm-none-eabi/5.4.1/armv7-m/crtend.o
 .bss           0x00000000        0x0 c:/program files (x86)/cypress/psoc creator/4.4/psoc creator/import/gnu/arm/5.4.1/bin/../lib/gcc/arm-none-eabi/5.4.1/armv7-m/crtend.o
 .text          0x00000000        0x0 c:/program files (x86)/cypress/psoc creator/4.4/psoc creator/import/gnu/arm/5.4.1/bin/../lib/gcc/arm-none-eabi/5.4.1/armv7-m/crtn.o
 .data          0x00000000        0x0 c:/program files (x86)/cypress/psoc creator/4.4/psoc creator/import/gnu/arm/5.4.1/bin/../lib/gcc/arm-none-eabi/5.4.1/armv7-m/crtn.o
 .bss           0x00000000        0x0 c:/program files (x86)/cypress/psoc creator/4.4/psoc creator/import/gnu/arm/5.4.1/bin/../lib/gcc/arm-none-eabi/5.4.1/armv7-m/crtn.o

Memory Configuration

Name             Origin             Length             Attributes
rom              0x00000000         0x00040000         xr
ram              0x1fff8000         0x00010000         xrw
*default*        0x00000000         0xffffffff

Linker script and memory map

LOAD c:/program files (x86)/cypress/psoc creator/4.4/psoc creator/import/gnu/arm/5.4.1/bin/../lib/gcc/arm-none-eabi/5.4.1/armv7-m/crti.o
LOAD c:/program files (x86)/cypress/psoc creator/4.4/psoc creator/import/gnu/arm/5.4.1/bin/../lib/gcc/arm-none-eabi/5.4.1/armv7-m/crtbegin.o
LOAD c:/program files (x86)/cypress/psoc creator/4.4/psoc creator/import/gnu/arm/5.4.1/bin/../lib/gcc/arm-none-eabi/5.4.1/../../../../arm-none-eabi/lib/armv7-m/crt0.o
START GROUP
LOAD .\CortexM3\ARM_GCC_541\Debug\main.o
LOAD .\CortexM3\ARM_GCC_541\Debug\cyfitter_cfg.o
LOAD .\CortexM3\ARM_GCC_541\Debug\cymetadata.o
LOAD .\CortexM3\ARM_GCC_541\Debug\Cm3Start.o
LOAD .\CortexM3\ARM_GCC_541\Debug\Ultrasonic Distance Meter.a
LOAD C:\Program Files (x86)\Cypress\PSoC Creator\4.4\PSoC Creator\psoc\content\cycomponentlibrary\CyComponentLibrary.cylib\CortexM3\ARM_GCC_541\Debug\CyComponentLibrary.a
LOAD c:/program files (x86)/cypress/psoc creator/4.4/psoc creator/import/gnu/arm/5.4.1/bin/../lib/gcc/arm-none-eabi/5.4.1/../../../../arm-none-eabi/lib/armv7-m\libm.a
END GROUP
START GROUP
LOAD c:/program files (x86)/cypress/psoc creator/4.4/psoc creator/import/gnu/arm/5.4.1/bin/../lib/gcc/arm-none-eabi/5.4.1/armv7-m\libgcc.a
LOAD c:/program files (x86)/cypress/psoc creator/4.4/psoc creator/import/gnu/arm/5.4.1/bin/../lib/gcc/arm-none-eabi/5.4.1/../../../../arm-none-eabi/lib/armv7-m\libg_nano.a
LOAD c:/program files (x86)/cypress/psoc creator/4.4/psoc creator/import/gnu/arm/5.4.1/bin/../lib/gcc/arm-none-eabi/5.4.1/../../../../arm-none-eabi/lib/armv7-m\libc_nano.a
END GROUP
START GROUP
LOAD c:/program files (x86)/cypress/psoc creator/4.4/psoc creator/import/gnu/arm/5.4.1/bin/../lib/gcc/arm-none-eabi/5.4.1/armv7-m\libgcc.a
LOAD c:/program files (x86)/cypress/psoc creator/4.4/psoc creator/import/gnu/arm/5.4.1/bin/../lib/gcc/arm-none-eabi/5.4.1/../../../../arm-none-eabi/lib/armv7-m\libc_nano.a
END GROUP
LOAD c:/program files (x86)/cypress/psoc creator/4.4/psoc creator/import/gnu/arm/5.4.1/bin/../lib/gcc/arm-none-eabi/5.4.1/armv7-m/crtend.o
LOAD c:/program files (x86)/cypress/psoc creator/4.4/psoc creator/import/gnu/arm/5.4.1/bin/../lib/gcc/arm-none-eabi/5.4.1/armv7-m/crtn.o
START GROUP
LOAD c:/program files (x86)/cypress/psoc creator/4.4/psoc creator/import/gnu/arm/5.4.1/bin/../lib/gcc/arm-none-eabi/5.4.1/armv7-m\libgcc.a
LOAD c:/program files (x86)/cypress/psoc creator/4.4/psoc creator/import/gnu/arm/5.4.1/bin/../lib/gcc/arm-none-eabi/5.4.1/../../../../arm-none-eabi/lib/armv7-m\libc.a
LOAD c:/program files (x86)/cypress/psoc creator/4.4/psoc creator/import/gnu/arm/5.4.1/bin/../lib/gcc/arm-none-eabi/5.4.1/../../../../arm-none-eabi/lib/armv7-m\libnosys.a
END GROUP
                0x00000000                CY_APPL_ORIGIN = 0x0
                0x00000100                CY_FLASH_ROW_SIZE = 0x100
                0x00000020                CY_ECC_ROW_SIZE = 0x20
                0x00000000                CY_EE_IN_BTLDR = 0x0
                0x00000000                CY_APPL_LOADABLE = 0x0
                0x00000800                CY_EE_SIZE = 0x800
                0x00000001                CY_APPL_NUM = 0x1
                0x00000001                CY_APPL_MAX = 0x1
                0x00000040                CY_METADATA_SIZE = 0x40
                0x00000000                CY_APPL_LOADABLE = 0x0
                0x00000000                CY_CHECKSUM_EXCLUDE_SIZE = ALIGN (0x0, CY_FLASH_ROW_SIZE)
                [!provide]                PROVIDE (__cy_heap_start, _end)
                0x00000001                PROVIDE (__cy_region_num, ((__cy_regions_end - __cy_regions) / 0x10))
                0x20008000                PROVIDE (__cy_stack, (ORIGIN (ram) + LENGTH (ram)))
                [!provide]                PROVIDE (__cy_heap_end, (__cy_stack - 0x800))

.cybootloader   0x00000000        0x0
 *(.cybootloader)
                0x00000000                appl1_start = CY_APPL_ORIGIN?CY_APPL_ORIGIN:ALIGN (CY_FLASH_ROW_SIZE)
                0x0001ff00                appl2_start = (appl1_start + ALIGN ((((LENGTH (rom) - appl1_start) - (0x2 * CY_FLASH_ROW_SIZE)) / 0x2), CY_FLASH_ROW_SIZE))
                0x00000000                appl_start = (CY_APPL_NUM == 0x1)?appl1_start:appl2_start
                0x00000000                ecc_offset = ((appl_start / CY_FLASH_ROW_SIZE) * CY_ECC_ROW_SIZE)
                0x00000000                ee_offset = (CY_APPL_LOADABLE && ! (CY_EE_IN_BTLDR))?((CY_EE_SIZE / CY_APPL_MAX) * (CY_APPL_NUM - 0x1)):0x0
                0x00000800                ee_size = (CY_APPL_LOADABLE && ! (CY_EE_IN_BTLDR))?(CY_EE_SIZE / CY_APPL_MAX):CY_EE_SIZE
                [!provide]                PROVIDE (CY_ECC_OFFSET, ecc_offset)

.text           0x00000000     0x130a
 CREATE_OBJECT_SYMBOLS
                0x00000000                PROVIDE (__cy_interrupt_vector, RomVectors)
 *(.romvectors)
 .romvectors    0x00000000       0x10 .\CortexM3\ARM_GCC_541\Debug\Cm3Start.o
                0x00000000                RomVectors
                0x00000001                ASSERT ((. != __cy_interrupt_vector), No interrupt vector)
                0x00000001                ASSERT (CY_APPL_ORIGIN?(SIZEOF (.cybootloader) <= CY_APPL_ORIGIN):0x1, Wrong image location)
                0x00000010                PROVIDE (__cy_reset, Reset)
 *(.text.Reset)
 .text.Reset    0x00000010       0x18 .\CortexM3\ARM_GCC_541\Debug\Cm3Start.o
                0x00000010                Reset
                0x00000001                ASSERT ((. != __cy_reset), No reset code)
 *(.dma_init)
                0x00000001                ASSERT ((((appl_start + .) <= 0x10000) || 0x1), DMA Init must be within the first 64k of flash)
 *(.text .text.* .gnu.linkonce.t.*)
 .text          0x00000028       0x5c c:/program files (x86)/cypress/psoc creator/4.4/psoc creator/import/gnu/arm/5.4.1/bin/../lib/gcc/arm-none-eabi/5.4.1/armv7-m/crtbegin.o
 .text.main     0x00000084       0x80 .\CortexM3\ARM_GCC_541\Debug\main.o
                0x00000084                main
 .text.CyClockStartupError
                0x00000104        0x4 .\CortexM3\ARM_GCC_541\Debug\cyfitter_cfg.o
 .text.cfg_write_bytes32
                0x00000108       0x34 .\CortexM3\ARM_GCC_541\Debug\cyfitter_cfg.o
 .text.AnalogSetDefault
                0x0000013c       0x8c .\CortexM3\ARM_GCC_541\Debug\cyfitter_cfg.o
 .text.CYMEMZERO
                0x000001c8        0xc .\CortexM3\ARM_GCC_541\Debug\cyfitter_cfg.o
 .text.ClockSetup
                0x000001d4       0xc8 .\CortexM3\ARM_GCC_541\Debug\cyfitter_cfg.o
 .text.CYCONFIGCPY
                0x0000029c        0x8 .\CortexM3\ARM_GCC_541\Debug\cyfitter_cfg.o
 .text.cyfitter_cfg
                0x000002a4       0xfc .\CortexM3\ARM_GCC_541\Debug\cyfitter_cfg.o
                0x000002a4                cyfitter_cfg
 .text.IntDefaultHandler
                0x000003a0       0x10 .\CortexM3\ARM_GCC_541\Debug\Cm3Start.o
                0x000003a0                IntDefaultHandler
 .text.Start_c  0x000003b0       0x4c .\CortexM3\ARM_GCC_541\Debug\Cm3Start.o
                0x000003b0                Start_c
 .text.initialize_psoc
                0x000003fc       0x68 .\CortexM3\ARM_GCC_541\Debug\Cm3Start.o
                0x000003fc                initialize_psoc
 .text.Ultrasonic_Drive_Start
                0x00000464       0x1c .\CortexM3\ARM_GCC_541\Debug\Ultrasonic Distance Meter.a(Ultrasonic_Drive.o)
                0x00000464                Ultrasonic_Drive_Start
 .text.PGA_1_Enable
                0x00000480       0x28 .\CortexM3\ARM_GCC_541\Debug\Ultrasonic Distance Meter.a(PGA_1.o)
                0x00000480                PGA_1_Enable
 .text.PGA_1_SetPower
                0x000004a8       0x18 .\CortexM3\ARM_GCC_541\Debug\Ultrasonic Distance Meter.a(PGA_1.o)
                0x000004a8                PGA_1_SetPower
 .text.PGA_1_SetGain
                0x000004c0       0x78 .\CortexM3\ARM_GCC_541\Debug\Ultrasonic Distance Meter.a(PGA_1.o)
                0x000004c0                PGA_1_SetGain
 .text.PGA_1_Init
                0x00000538       0x34 .\CortexM3\ARM_GCC_541\Debug\Ultrasonic Distance Meter.a(PGA_1.o)
                0x00000538                PGA_1_Init
 .text.PGA_1_Start
                0x0000056c       0x1c .\CortexM3\ARM_GCC_541\Debug\Ultrasonic Distance Meter.a(PGA_1.o)
                0x0000056c                PGA_1_Start
 .text.Vssa_Buffer_Enable
                0x00000588       0x28 .\CortexM3\ARM_GCC_541\Debug\Ultrasonic Distance Meter.a(Vssa_Buffer.o)
                0x00000588                Vssa_Buffer_Enable
 .text.Vssa_Buffer_SetPower
                0x000005b0       0x1c .\CortexM3\ARM_GCC_541\Debug\Ultrasonic Distance Meter.a(Vssa_Buffer.o)
                0x000005b0                Vssa_Buffer_SetPower
 .text.Vssa_Buffer_Init
                0x000005cc        0xc .\CortexM3\ARM_GCC_541\Debug\Ultrasonic Distance Meter.a(Vssa_Buffer.o)
                0x000005cc                Vssa_Buffer_Init
 .text.Vssa_Buffer_Start
                0x000005d8       0x1c .\CortexM3\ARM_GCC_541\Debug\Ultrasonic Distance Meter.a(Vssa_Buffer.o)
                0x000005d8                Vssa_Buffer_Start
 .text.VDAC8_1_Enable
                0x000005f4       0x1c .\CortexM3\ARM_GCC_541\Debug\Ultrasonic Distance Meter.a(VDAC8_1.o)
                0x000005f4                VDAC8_1_Enable
 .text.VDAC8_1_SetSpeed
                0x00000610       0x1c .\CortexM3\ARM_GCC_541\Debug\Ultrasonic Distance Meter.a(VDAC8_1.o)
                0x00000610                VDAC8_1_SetSpeed
 .text.VDAC8_1_SetValue
                0x0000062c        0xc .\CortexM3\ARM_GCC_541\Debug\Ultrasonic Distance Meter.a(VDAC8_1.o)
                0x0000062c                VDAC8_1_SetValue
 .text.VDAC8_1_DacTrim
                0x00000638       0x24 .\CortexM3\ARM_GCC_541\Debug\Ultrasonic Distance Meter.a(VDAC8_1.o)
                0x00000638                VDAC8_1_DacTrim
 .text.VDAC8_1_SetRange
                0x0000065c       0x20 .\CortexM3\ARM_GCC_541\Debug\Ultrasonic Distance Meter.a(VDAC8_1.o)
                0x0000065c                VDAC8_1_SetRange
 .text.VDAC8_1_Init
                0x0000067c       0x20 .\CortexM3\ARM_GCC_541\Debug\Ultrasonic Distance Meter.a(VDAC8_1.o)
                0x0000067c                VDAC8_1_Init
 .text.VDAC8_1_Start
                0x0000069c       0x24 .\CortexM3\ARM_GCC_541\Debug\Ultrasonic Distance Meter.a(VDAC8_1.o)
                0x0000069c                VDAC8_1_Start
 .text.Comp_1_Enable
                0x000006c0       0x1c .\CortexM3\ARM_GCC_541\Debug\Ultrasonic Distance Meter.a(Comp_1.o)
                0x000006c0                Comp_1_Enable
 .text.Comp_1_SetSpeed
                0x000006dc       0x58 .\CortexM3\ARM_GCC_541\Debug\Ultrasonic Distance Meter.a(Comp_1.o)
                0x000006dc                Comp_1_SetSpeed
 .text.Comp_1_Init
                0x00000734       0x3c .\CortexM3\ARM_GCC_541\Debug\Ultrasonic Distance Meter.a(Comp_1.o)
                0x00000734                Comp_1_Init
 .text.Comp_1_Start
                0x00000770       0x1c .\CortexM3\ARM_GCC_541\Debug\Ultrasonic Distance Meter.a(Comp_1.o)
                0x00000770                Comp_1_Start
 .text.Flight_Timer_ReadPeriod
                0x0000078c        0xc .\CortexM3\ARM_GCC_541\Debug\Ultrasonic Distance Meter.a(Flight_Timer.o)
                0x0000078c                Flight_Timer_ReadPeriod
 .text          0x00000798       0x20 .\CortexM3\ARM_GCC_541\Debug\Ultrasonic Distance Meter.a(CyBootAsmGnu.o)
                0x00000798                CyDelayCycles
                0x000007a8                CyEnterCriticalSection
                0x000007b0                CyExitCriticalSection
 .text          0x000007b8      0x370 c:/program files (x86)/cypress/psoc creator/4.4/psoc creator/import/gnu/arm/5.4.1/bin/../lib/gcc/arm-none-eabi/5.4.1/armv7-m\libgcc.a(_arm_addsubdf3.o)
                0x000007b8                __aeabi_drsub
                0x000007c0                __aeabi_dsub
                0x000007c0                __subdf3
                0x000007c4                __aeabi_dadd
                0x000007c4                __adddf3
                0x00000a3c                __floatunsidf
                0x00000a3c                __aeabi_ui2d
                0x00000a5c                __floatsidf
                0x00000a5c                __aeabi_i2d
                0x00000a80                __aeabi_f2d
                0x00000a80                __extendsfdf2
                0x00000abc                __floatundidf
                0x00000abc                __aeabi_ul2d
                0x00000acc                __floatdidf
                0x00000acc                __aeabi_l2d
 .text          0x00000b28      0x424 c:/program files (x86)/cypress/psoc creator/4.4/psoc creator/import/gnu/arm/5.4.1/bin/../lib/gcc/arm-none-eabi/5.4.1/armv7-m\libgcc.a(_arm_muldivdf3.o)
                0x00000b28                __aeabi_dmul
                0x00000b28                __muldf3
                0x00000d7c                __divdf3
                0x00000d7c                __aeabi_ddiv
 .text          0x00000f4c       0xa0 c:/program files (x86)/cypress/psoc creator/4.4/psoc creator/import/gnu/arm/5.4.1/bin/../lib/gcc/arm-none-eabi/5.4.1/armv7-m\libgcc.a(_arm_truncdfsf2.o)
                0x00000f4c                __truncdfsf2
                0x00000f4c                __aeabi_d2f
 .text          0x00000fec      0x2a0 c:/program files (x86)/cypress/psoc creator/4.4/psoc creator/import/gnu/arm/5.4.1/bin/../lib/gcc/arm-none-eabi/5.4.1/armv7-m\libgcc.a(_arm_muldivsf3.o)
                0x00000fec                __mulsf3
                0x00000fec                __aeabi_fmul
                0x00001154                __aeabi_fdiv
                0x00001154                __divsf3
 .text.__errno  0x0000128c        0xc c:/program files (x86)/cypress/psoc creator/4.4/psoc creator/import/gnu/arm/5.4.1/bin/../lib/gcc/arm-none-eabi/5.4.1/../../../../arm-none-eabi/lib/armv7-m\libg_nano.a(lib_a-errno.o)
                0x0000128c                __errno
 .text.__libc_init_array
                0x00001298       0x4c c:/program files (x86)/cypress/psoc creator/4.4/psoc creator/import/gnu/arm/5.4.1/bin/../lib/gcc/arm-none-eabi/5.4.1/../../../../arm-none-eabi/lib/armv7-m\libg_nano.a(lib_a-init.o)
                0x00001298                __libc_init_array
 .text.memcpy   0x000012e4       0x16 c:/program files (x86)/cypress/psoc creator/4.4/psoc creator/import/gnu/arm/5.4.1/bin/../lib/gcc/arm-none-eabi/5.4.1/../../../../arm-none-eabi/lib/armv7-m\libg_nano.a(lib_a-memcpy-stub.o)
                0x000012e4                memcpy
 .text.memset   0x000012fa       0x10 c:/program files (x86)/cypress/psoc creator/4.4/psoc creator/import/gnu/arm/5.4.1/bin/../lib/gcc/arm-none-eabi/5.4.1/../../../../arm-none-eabi/lib/armv7-m\libg_nano.a(lib_a-memset.o)
                0x000012fa                memset
 *(.plt)
 *(.gnu.warning)
 *(.glue_7t)
 .glue_7t       0x0000130a        0x0 linker stubs
 *(.glue_7)
 .glue_7        0x0000130a        0x0 linker stubs
 *(.vfp11_veneer)
 .vfp11_veneer  0x0000130a        0x0 linker stubs
 *(.bootloader)
 *(.ARM.extab* .gnu.linkonce.armextab.*)
 *(.gcc_except_table)

.v4_bx          0x0000130c        0x0
 .v4_bx         0x0000130c        0x0 linker stubs

.iplt           0x0000130c        0x0
 .iplt          0x0000130c        0x0 c:/program files (x86)/cypress/psoc creator/4.4/psoc creator/import/gnu/arm/5.4.1/bin/../lib/gcc/arm-none-eabi/5.4.1/armv7-m/crtbegin.o

.eh_frame_hdr
 *(.eh_frame_hdr)

.eh_frame       0x0000130c        0x4
 *(.eh_frame)
 .eh_frame      0x0000130c        0x0 c:/program files (x86)/cypress/psoc creator/4.4/psoc creator/import/gnu/arm/5.4.1/bin/../lib/gcc/arm-none-eabi/5.4.1/armv7-m/crtbegin.o
 .eh_frame      0x0000130c        0x4 c:/program files (x86)/cypress/psoc creator/4.4/psoc creator/import/gnu/arm/5.4.1/bin/../lib/gcc/arm-none-eabi/5.4.1/armv7-m/crtend.o
                [!provide]                PROVIDE (__exidx_start, .)

.ARM.exidx
 *(.ARM.exidx* .gnu.linkonce.armexidx.*)
                0x00001310                __exidx_end = .

.rodata         0x00001310       0x88
 *(.rodata .rodata.* .gnu.linkonce.r.*)
 .rodata        0x00001310       0x36 .\CortexM3\ARM_GCC_541\Debug\cyfitter_cfg.o
 *fill*         0x00001346        0x2 
 .rodata        0x00001348       0x15 .\CortexM3\ARM_GCC_541\Debug\Ultrasonic Distance Meter.a(PGA_1.o)
 .rodata.str1.1
                0x0000135d        0x2 c:/program files (x86)/cypress/psoc creator/4.4/psoc creator/import/gnu/arm/5.4.1/bin/../lib/gcc/arm-none-eabi/5.4.1/../../../../arm-none-eabi/lib/armv7-m\libg_nano.a(lib_a-impure.o)
                0x00001360                . = ALIGN (0x4)
 *fill*         0x0000135f        0x1 
 *(.init)
 .init          0x00001360        0x4 c:/program files (x86)/cypress/psoc creator/4.4/psoc creator/import/gnu/arm/5.4.1/bin/../lib/gcc/arm-none-eabi/5.4.1/armv7-m/crti.o
                0x00001360                _init
 .init          0x00001364        0x8 c:/program files (x86)/cypress/psoc creator/4.4/psoc creator/import/gnu/arm/5.4.1/bin/../lib/gcc/arm-none-eabi/5.4.1/armv7-m/crtn.o
                0x0000136c                . = ALIGN (0x4)
                0x0000136c                __preinit_array_start = .
 *(.preinit_array)
                0x0000136c                __preinit_array_end = .
                0x0000136c                . = ALIGN (0x4)
                0x0000136c                __init_array_start = .
 *(SORT(.init_array.*))
 *(.init_array)
 .init_array    0x0000136c        0x4 c:/program files (x86)/cypress/psoc creator/4.4/psoc creator/import/gnu/arm/5.4.1/bin/../lib/gcc/arm-none-eabi/5.4.1/armv7-m/crtbegin.o
 .init_array    0x00001370        0x4 .\CortexM3\ARM_GCC_541\Debug\Cm3Start.o
                0x00001374                __init_array_end = .
                0x00001374                . = ALIGN (0x4)
 *(.fini)
 .fini          0x00001374        0x4 c:/program files (x86)/cypress/psoc creator/4.4/psoc creator/import/gnu/arm/5.4.1/bin/../lib/gcc/arm-none-eabi/5.4.1/armv7-m/crti.o
                0x00001374                _fini
 .fini          0x00001378        0x8 c:/program files (x86)/cypress/psoc creator/4.4/psoc creator/import/gnu/arm/5.4.1/bin/../lib/gcc/arm-none-eabi/5.4.1/armv7-m/crtn.o
                0x00001380                . = ALIGN (0x4)
                0x00001380                __fini_array_start = .
 *(.fini_array)
 .fini_array    0x00001380        0x4 c:/program files (x86)/cypress/psoc creator/4.4/psoc creator/import/gnu/arm/5.4.1/bin/../lib/gcc/arm-none-eabi/5.4.1/armv7-m/crtbegin.o
 *(SORT(.fini_array.*))
                0x00001384                __fini_array_end = .
                0x00001384                . = ALIGN (0x4)
 *crtbegin.o(.ctors)
 *(EXCLUDE_FILE(*crtend.o) .ctors)
 *(SORT(.ctors.*))
 *crtend.o(.ctors)
                0x00001384                . = ALIGN (0x4)
 *crtbegin.o(.dtors)
 *(EXCLUDE_FILE(*crtend.o) .dtors)
 *(SORT(.dtors.*))
 *crtend.o(.dtors)
                0x00001384                . = ALIGN (0x4)
                0x00001384                __cy_regions = .
                0x00001384        0x4 LONG 0x1398 __cy_region_init_ram
                0x00001388        0x4 LONG 0x1fff80c8 __cy_region_start_data
                0x0000138c        0x4 LONG 0x68 __cy_region_init_size_ram
                0x00001390        0x4 LONG 0x38 __cy_region_zero_size_ram
                0x00001394                __cy_regions_end = .
                0x00001398                . = ALIGN (0x8)
 *fill*         0x00001394        0x4 
                0x00001398                _etext = .

.cy_checksum_exclude
                0x00001398        0x0
 *(.cy_checksum_exclude)

.ramvectors     0x1fff8000       0xc0
                0x1fff8000                __cy_region_start_ram = .
 *(.ramvectors)
 .ramvectors    0x1fff8000       0xc0 .\CortexM3\ARM_GCC_541\Debug\Cm3Start.o
                0x1fff8000                CyRamVectors

.noinit         0x1fff80c0        0x1
 *(.noinit)
 .noinit        0x1fff80c0        0x1 .\CortexM3\ARM_GCC_541\Debug\Ultrasonic Distance Meter.a(CyLib.o)
                0x1fff80c0                CyResetStatus

.data           0x1fff80c8       0x68 load address 0x00001398
                0x1fff80c8                __cy_region_start_data = .
 *(.jcr)
 .jcr           0x1fff80c8        0x0 c:/program files (x86)/cypress/psoc creator/4.4/psoc creator/import/gnu/arm/5.4.1/bin/../lib/gcc/arm-none-eabi/5.4.1/armv7-m/crtbegin.o
 .jcr           0x1fff80c8        0x4 c:/program files (x86)/cypress/psoc creator/4.4/psoc creator/import/gnu/arm/5.4.1/bin/../lib/gcc/arm-none-eabi/5.4.1/armv7-m/crtend.o
 *(.got.plt)
 *(.got)
 *(.shdata)
 *(.data .data.* .gnu.linkonce.d.*)
 .data.impure_data
                0x1fff80cc       0x60 c:/program files (x86)/cypress/psoc creator/4.4/psoc creator/import/gnu/arm/5.4.1/bin/../lib/gcc/arm-none-eabi/5.4.1/../../../../arm-none-eabi/lib/armv7-m\libg_nano.a(lib_a-impure.o)
 .data._impure_ptr
                0x1fff812c        0x4 c:/program files (x86)/cypress/psoc creator/4.4/psoc creator/import/gnu/arm/5.4.1/bin/../lib/gcc/arm-none-eabi/5.4.1/../../../../arm-none-eabi/lib/armv7-m\libg_nano.a(lib_a-impure.o)
                0x1fff812c                _impure_ptr
                0x1fff8130                . = ALIGN (0x8)
 *(.ram)
                0x1fff8130                _edata = .

.igot.plt       0x1fff8130        0x0 load address 0x00001400
 .igot.plt      0x1fff8130        0x0 c:/program files (x86)/cypress/psoc creator/4.4/psoc creator/import/gnu/arm/5.4.1/bin/../lib/gcc/arm-none-eabi/5.4.1/armv7-m/crtbegin.o

.bss            0x1fff8130       0x38 load address 0x00001400
                0x1fff8130                PROVIDE (__bss_start__, .)
 *(.shbss)
 *(.bss .bss.* .gnu.linkonce.b.*)
 .bss           0x1fff8130       0x1c c:/program files (x86)/cypress/psoc creator/4.4/psoc creator/import/gnu/arm/5.4.1/bin/../lib/gcc/arm-none-eabi/5.4.1/armv7-m/crtbegin.o
 .bss           0x1fff814c        0x1 .\CortexM3\ARM_GCC_541\Debug\Ultrasonic Distance Meter.a(PGA_1.o)
                0x1fff814c                PGA_1_initVar
 .bss           0x1fff814d        0x1 .\CortexM3\ARM_GCC_541\Debug\Ultrasonic Distance Meter.a(Vssa_Buffer.o)
                0x1fff814d                Vssa_Buffer_initVar
 .bss           0x1fff814e        0x1 .\CortexM3\ARM_GCC_541\Debug\Ultrasonic Distance Meter.a(VDAC8_1.o)
                0x1fff814e                VDAC8_1_initVar
 .bss           0x1fff814f        0x1 .\CortexM3\ARM_GCC_541\Debug\Ultrasonic Distance Meter.a(Comp_1.o)
                0x1fff814f                Comp_1_initVar
 *(COMMON)
 COMMON         0x1fff8150       0x18 .\CortexM3\ARM_GCC_541\Debug\main.o
                0x1fff8150                FT_Period_uS
                0x1fff8154                FT_Resolution
                0x1fff8158                FT_Period_Int
                0x1fff815c                SoundSpeed
                0x1fff8160                FT_Time_Per_Tick
                0x1fff8164                FT_Time_Per_Tick_uS
                0x1fff8168                . = ALIGN (0x8)
 *(.ram.b)
                0x1fff8168                _end = .
                0x1fff8168                __end = .
                0x1fff8168                PROVIDE (end, .)
                0x1fff8168                PROVIDE (__bss_end__, .)
                0x00001398                __cy_region_init_ram = LOADADDR (.data)
                0x00000068                __cy_region_init_size_ram = (_edata - ADDR (.data))
                0x00000038                __cy_region_zero_size_ram = (_end - _edata)

.heap           0x1fff8168       0x80 load address 0x00001400
                0x1fff8168                . = _end
                0x1fff81e8                . = (. + 0x80)
 *fill*         0x1fff8168       0x80 
                0x1fff81e8                __cy_heap_limit = .

.stack          0x20007800      0x800
                0x20007800                __cy_stack_limit = .
                0x20008000                . = (. + 0x800)
 *fill*         0x20007800      0x800 
                0x00000001                ASSERT ((__cy_stack_limit >= __cy_heap_limit), region RAM overflowed with stack)
                0x00000000                cy_checksum_exclude_size = (CY_APPL_LOADABLE == 0x1)?SIZEOF (.cy_checksum_exclude):0x0
                0x00000001                ASSERT ((cy_checksum_exclude_size <= CY_CHECKSUM_EXCLUDE_SIZE), CY_BOOT: Section .cy_checksum_exclude size exceedes specified limit.)

.cyloadermeta
 *(.cyloadermeta)

.cyloadablemeta
 *(.cyloadablemeta)

.cyconfigecc    0x80000000       0xec
 *(.cyconfigecc)
 .cyconfigecc   0x80000000       0xec .\CortexM3\ARM_GCC_541\Debug\cymetadata.o
                0x80000000                cy_meta_configecc

.cycustnvl      0x90000000        0x4
 *(.cycustnvl)
 .cycustnvl     0x90000000        0x4 .\CortexM3\ARM_GCC_541\Debug\cymetadata.o
                0x90000000                cy_meta_custnvl

.cywolatch      0x90100000        0x4
 *(.cywolatch)
 .cywolatch     0x90100000        0x4 .\CortexM3\ARM_GCC_541\Debug\cymetadata.o
                0x90100000                cy_meta_wonvl

.cyeeprom       0x90200000        0x0
 *(.cyeeprom)
                0x00000001                ASSERT ((. <= ((0x90200000 + ee_offset) + ee_size)), .cyeeprom data will not fit in EEPROM)

.cyflashprotect
                0x90400000      0x100
 *(.cyflashprotect)
 .cyflashprotect
                0x90400000      0x100 .\CortexM3\ARM_GCC_541\Debug\cymetadata.o
                0x90400000                cy_meta_flashprotect

.cymeta         0x90500000        0xc
 *(.cymeta)
 .cymeta        0x90500000        0xc .\CortexM3\ARM_GCC_541\Debug\cymetadata.o
                0x90500000                cy_metadata

.rel.dyn        0x00001400        0x0 load address 0x9050000c
 .rel.iplt      0x00001400        0x0 c:/program files (x86)/cypress/psoc creator/4.4/psoc creator/import/gnu/arm/5.4.1/bin/../lib/gcc/arm-none-eabi/5.4.1/armv7-m/crtbegin.o

.stab
 *(.stab)

.stabstr
 *(.stabstr)

.debug
 *(.debug)

.line
 *(.line)

.debug_srcinfo
 *(.debug_srcinfo)

.debug_sfnames
 *(.debug_sfnames)

.debug_aranges  0x00000000      0x788
 *(.debug_aranges)
 .debug_aranges
                0x00000000       0x28 .\CortexM3\ARM_GCC_541\Debug\main.o
 .debug_aranges
                0x00000028       0x58 .\CortexM3\ARM_GCC_541\Debug\cyfitter_cfg.o
 .debug_aranges
                0x00000080       0x18 .\CortexM3\ARM_GCC_541\Debug\cymetadata.o
 .debug_aranges
                0x00000098       0x48 .\CortexM3\ARM_GCC_541\Debug\Cm3Start.o
 .debug_aranges
                0x000000e0       0x70 .\CortexM3\ARM_GCC_541\Debug\Ultrasonic Distance Meter.a(Ultrasonic_Drive.o)
 .debug_aranges
                0x00000150       0x48 .\CortexM3\ARM_GCC_541\Debug\Ultrasonic Distance Meter.a(PGA_1.o)
 .debug_aranges
                0x00000198      0x2a0 .\CortexM3\ARM_GCC_541\Debug\Ultrasonic Distance Meter.a(CyLib.o)
 .debug_aranges
                0x00000438       0x98 .\CortexM3\ARM_GCC_541\Debug\Ultrasonic Distance Meter.a(cyPm.o)
 .debug_aranges
                0x000004d0       0x40 .\CortexM3\ARM_GCC_541\Debug\Ultrasonic Distance Meter.a(Vssa_Buffer.o)
 .debug_aranges
                0x00000510       0x58 .\CortexM3\ARM_GCC_541\Debug\Ultrasonic Distance Meter.a(VDAC8_1.o)
 .debug_aranges
                0x00000568       0x70 .\CortexM3\ARM_GCC_541\Debug\Ultrasonic Distance Meter.a(Comp_1.o)
 .debug_aranges
                0x000005d8       0x88 .\CortexM3\ARM_GCC_541\Debug\Ultrasonic Distance Meter.a(Flight_Timer.o)
 .debug_aranges
                0x00000660       0x20 .\CortexM3\ARM_GCC_541\Debug\Ultrasonic Distance Meter.a(CyBootAsmGnu.o)
 .debug_aranges
                0x00000680       0x88 .\CortexM3\ARM_GCC_541\Debug\Ultrasonic Distance Meter.a(CyFlash.o)
 .debug_aranges
                0x00000708       0x80 .\CortexM3\ARM_GCC_541\Debug\Ultrasonic Distance Meter.a(CySpc.o)

.debug_pubnames
 *(.debug_pubnames)

.debug_info     0x00000000     0x42a8
 *(.debug_info .gnu.linkonce.wi.*)
 .debug_info    0x00000000      0x202 .\CortexM3\ARM_GCC_541\Debug\main.o
 .debug_info    0x00000202      0x4c9 .\CortexM3\ARM_GCC_541\Debug\cyfitter_cfg.o
 .debug_info    0x000006cb      0x134 .\CortexM3\ARM_GCC_541\Debug\cymetadata.o
 .debug_info    0x000007ff      0x3bb .\CortexM3\ARM_GCC_541\Debug\Cm3Start.o
 .debug_info    0x00000bba      0x283 .\CortexM3\ARM_GCC_541\Debug\Ultrasonic Distance Meter.a(Ultrasonic_Drive.o)
 .debug_info    0x00000e3d      0x1d3 .\CortexM3\ARM_GCC_541\Debug\Ultrasonic Distance Meter.a(PGA_1.o)
 .debug_info    0x00001010     0x1374 .\CortexM3\ARM_GCC_541\Debug\Ultrasonic Distance Meter.a(CyLib.o)
 .debug_info    0x00002384      0xa2a .\CortexM3\ARM_GCC_541\Debug\Ultrasonic Distance Meter.a(cyPm.o)
 .debug_info    0x00002dae      0x151 .\CortexM3\ARM_GCC_541\Debug\Ultrasonic Distance Meter.a(Vssa_Buffer.o)
 .debug_info    0x00002eff      0x1e0 .\CortexM3\ARM_GCC_541\Debug\Ultrasonic Distance Meter.a(VDAC8_1.o)
 .debug_info    0x000030df      0x2c8 .\CortexM3\ARM_GCC_541\Debug\Ultrasonic Distance Meter.a(Comp_1.o)
 .debug_info    0x000033a7      0x295 .\CortexM3\ARM_GCC_541\Debug\Ultrasonic Distance Meter.a(Flight_Timer.o)
 .debug_info    0x0000363c       0xcf .\CortexM3\ARM_GCC_541\Debug\Ultrasonic Distance Meter.a(CyBootAsmGnu.o)
 .debug_info    0x0000370b      0x64d .\CortexM3\ARM_GCC_541\Debug\Ultrasonic Distance Meter.a(CyFlash.o)
 .debug_info    0x00003d58      0x550 .\CortexM3\ARM_GCC_541\Debug\Ultrasonic Distance Meter.a(CySpc.o)

.debug_abbrev   0x00000000     0x12b3
 *(.debug_abbrev)
 .debug_abbrev  0x00000000       0xc2 .\CortexM3\ARM_GCC_541\Debug\main.o
 .debug_abbrev  0x000000c2      0x1fe .\CortexM3\ARM_GCC_541\Debug\cyfitter_cfg.o
 .debug_abbrev  0x000002c0       0x5d .\CortexM3\ARM_GCC_541\Debug\cymetadata.o
 .debug_abbrev  0x0000031d      0x1e8 .\CortexM3\ARM_GCC_541\Debug\Cm3Start.o
 .debug_abbrev  0x00000505      0x139 .\CortexM3\ARM_GCC_541\Debug\Ultrasonic Distance Meter.a(Ultrasonic_Drive.o)
 .debug_abbrev  0x0000063e       0xf6 .\CortexM3\ARM_GCC_541\Debug\Ultrasonic Distance Meter.a(PGA_1.o)
 .debug_abbrev  0x00000734      0x254 .\CortexM3\ARM_GCC_541\Debug\Ultrasonic Distance Meter.a(CyLib.o)
 .debug_abbrev  0x00000988      0x1ab .\CortexM3\ARM_GCC_541\Debug\Ultrasonic Distance Meter.a(cyPm.o)
 .debug_abbrev  0x00000b33       0xb2 .\CortexM3\ARM_GCC_541\Debug\Ultrasonic Distance Meter.a(Vssa_Buffer.o)
 .debug_abbrev  0x00000be5       0xf7 .\CortexM3\ARM_GCC_541\Debug\Ultrasonic Distance Meter.a(VDAC8_1.o)
 .debug_abbrev  0x00000cdc      0x16e .\CortexM3\ARM_GCC_541\Debug\Ultrasonic Distance Meter.a(Comp_1.o)
 .debug_abbrev  0x00000e4a      0x11a .\CortexM3\ARM_GCC_541\Debug\Ultrasonic Distance Meter.a(Flight_Timer.o)
 .debug_abbrev  0x00000f64       0x14 .\CortexM3\ARM_GCC_541\Debug\Ultrasonic Distance Meter.a(CyBootAsmGnu.o)
 .debug_abbrev  0x00000f78      0x1a7 .\CortexM3\ARM_GCC_541\Debug\Ultrasonic Distance Meter.a(CyFlash.o)
 .debug_abbrev  0x0000111f      0x194 .\CortexM3\ARM_GCC_541\Debug\Ultrasonic Distance Meter.a(CySpc.o)

.debug_line     0x00000000     0x1e29
 *(.debug_line)
 .debug_line    0x00000000      0x1d2 .\CortexM3\ARM_GCC_541\Debug\main.o
 .debug_line    0x000001d2      0x1e9 .\CortexM3\ARM_GCC_541\Debug\cyfitter_cfg.o
 .debug_line    0x000003bb      0x141 .\CortexM3\ARM_GCC_541\Debug\cymetadata.o
 .debug_line    0x000004fc      0x234 .\CortexM3\ARM_GCC_541\Debug\Cm3Start.o
 .debug_line    0x00000730      0x17f .\CortexM3\ARM_GCC_541\Debug\Ultrasonic Distance Meter.a(Ultrasonic_Drive.o)
 .debug_line    0x000008af       0xcc .\CortexM3\ARM_GCC_541\Debug\Ultrasonic Distance Meter.a(PGA_1.o)
 .debug_line    0x0000097b      0x816 .\CortexM3\ARM_GCC_541\Debug\Ultrasonic Distance Meter.a(CyLib.o)
 .debug_line    0x00001191      0x367 .\CortexM3\ARM_GCC_541\Debug\Ultrasonic Distance Meter.a(cyPm.o)
 .debug_line    0x000014f8       0xae .\CortexM3\ARM_GCC_541\Debug\Ultrasonic Distance Meter.a(Vssa_Buffer.o)
 .debug_line    0x000015a6       0xe4 .\CortexM3\ARM_GCC_541\Debug\Ultrasonic Distance Meter.a(VDAC8_1.o)
 .debug_line    0x0000168a      0x165 .\CortexM3\ARM_GCC_541\Debug\Ultrasonic Distance Meter.a(Comp_1.o)
 .debug_line    0x000017ef      0x15a .\CortexM3\ARM_GCC_541\Debug\Ultrasonic Distance Meter.a(Flight_Timer.o)
 .debug_line    0x00001949       0x66 .\CortexM3\ARM_GCC_541\Debug\Ultrasonic Distance Meter.a(CyBootAsmGnu.o)
 .debug_line    0x000019af      0x21a .\CortexM3\ARM_GCC_541\Debug\Ultrasonic Distance Meter.a(CyFlash.o)
 .debug_line    0x00001bc9      0x260 .\CortexM3\ARM_GCC_541\Debug\Ultrasonic Distance Meter.a(CySpc.o)

.debug_frame    0x00000000     0x139c
 *(.debug_frame)
 .debug_frame   0x00000000       0x48 .\CortexM3\ARM_GCC_541\Debug\main.o
 .debug_frame   0x00000048       0xe4 .\CortexM3\ARM_GCC_541\Debug\cyfitter_cfg.o
 .debug_frame   0x0000012c       0xb8 .\CortexM3\ARM_GCC_541\Debug\Cm3Start.o
 .debug_frame   0x000001e4       0xe0 .\CortexM3\ARM_GCC_541\Debug\Ultrasonic Distance Meter.a(Ultrasonic_Drive.o)
 .debug_frame   0x000002c4       0x9c .\CortexM3\ARM_GCC_541\Debug\Ultrasonic Distance Meter.a(PGA_1.o)
 .debug_frame   0x00000360      0x738 .\CortexM3\ARM_GCC_541\Debug\Ultrasonic Distance Meter.a(CyLib.o)
 .debug_frame   0x00000a98      0x1f8 .\CortexM3\ARM_GCC_541\Debug\Ultrasonic Distance Meter.a(cyPm.o)
 .debug_frame   0x00000c90       0x78 .\CortexM3\ARM_GCC_541\Debug\Ultrasonic Distance Meter.a(Vssa_Buffer.o)
 .debug_frame   0x00000d08       0xb4 .\CortexM3\ARM_GCC_541\Debug\Ultrasonic Distance Meter.a(VDAC8_1.o)
 .debug_frame   0x00000dbc      0x108 .\CortexM3\ARM_GCC_541\Debug\Ultrasonic Distance Meter.a(Comp_1.o)
 .debug_frame   0x00000ec4      0x108 .\CortexM3\ARM_GCC_541\Debug\Ultrasonic Distance Meter.a(Flight_Timer.o)
 .debug_frame   0x00000fcc      0x194 .\CortexM3\ARM_GCC_541\Debug\Ultrasonic Distance Meter.a(CyFlash.o)
 .debug_frame   0x00001160      0x180 .\CortexM3\ARM_GCC_541\Debug\Ultrasonic Distance Meter.a(CySpc.o)
 .debug_frame   0x000012e0       0x20 c:/program files (x86)/cypress/psoc creator/4.4/psoc creator/import/gnu/arm/5.4.1/bin/../lib/gcc/arm-none-eabi/5.4.1/../../../../arm-none-eabi/lib/armv7-m\libg_nano.a(lib_a-errno.o)
 .debug_frame   0x00001300       0x28 c:/program files (x86)/cypress/psoc creator/4.4/psoc creator/import/gnu/arm/5.4.1/bin/../lib/gcc/arm-none-eabi/5.4.1/../../../../arm-none-eabi/lib/armv7-m\libg_nano.a(lib_a-exit.o)
 .debug_frame   0x00001328       0x2c c:/program files (x86)/cypress/psoc creator/4.4/psoc creator/import/gnu/arm/5.4.1/bin/../lib/gcc/arm-none-eabi/5.4.1/../../../../arm-none-eabi/lib/armv7-m\libg_nano.a(lib_a-init.o)
 .debug_frame   0x00001354       0x28 c:/program files (x86)/cypress/psoc creator/4.4/psoc creator/import/gnu/arm/5.4.1/bin/../lib/gcc/arm-none-eabi/5.4.1/../../../../arm-none-eabi/lib/armv7-m\libg_nano.a(lib_a-memcpy-stub.o)
 .debug_frame   0x0000137c       0x20 c:/program files (x86)/cypress/psoc creator/4.4/psoc creator/import/gnu/arm/5.4.1/bin/../lib/gcc/arm-none-eabi/5.4.1/../../../../arm-none-eabi/lib/armv7-m\libg_nano.a(lib_a-memset.o)

.debug_str      0x00000000     0x1a51
 *(.debug_str)
 .debug_str     0x00000000      0x2a5 .\CortexM3\ARM_GCC_541\Debug\main.o
                                0x2ed (size before relaxing)
 .debug_str     0x000002a5      0x187 .\CortexM3\ARM_GCC_541\Debug\cyfitter_cfg.o
                                0x34e (size before relaxing)
 .debug_str     0x0000042c       0x7f .\CortexM3\ARM_GCC_541\Debug\cymetadata.o
                                0x223 (size before relaxing)
 .debug_str     0x000004ab      0x144 .\CortexM3\ARM_GCC_541\Debug\Cm3Start.o
                                0x349 (size before relaxing)
 .debug_str     0x000005ef      0x1bd .\CortexM3\ARM_GCC_541\Debug\Ultrasonic Distance Meter.a(Ultrasonic_Drive.o)
                                0x399 (size before relaxing)
 .debug_str     0x000007ac       0x9d .\CortexM3\ARM_GCC_541\Debug\Ultrasonic Distance Meter.a(PGA_1.o)
                                0x26e (size before relaxing)
 .debug_str     0x00000849      0x84e .\CortexM3\ARM_GCC_541\Debug\Ultrasonic Distance Meter.a(CyLib.o)
                                0xa86 (size before relaxing)
 .debug_str     0x00001097      0x365 .\CortexM3\ARM_GCC_541\Debug\Ultrasonic Distance Meter.a(cyPm.o)
                                0x772 (size before relaxing)
 .debug_str     0x000013fc       0x83 .\CortexM3\ARM_GCC_541\Debug\Ultrasonic Distance Meter.a(Vssa_Buffer.o)
                                0x260 (size before relaxing)
 .debug_str     0x0000147f       0xa9 .\CortexM3\ARM_GCC_541\Debug\Ultrasonic Distance Meter.a(VDAC8_1.o)
                                0x272 (size before relaxing)
 .debug_str     0x00001528      0x121 .\CortexM3\ARM_GCC_541\Debug\Ultrasonic Distance Meter.a(Comp_1.o)
                                0x317 (size before relaxing)
 .debug_str     0x00001649      0x1a1 .\CortexM3\ARM_GCC_541\Debug\Ultrasonic Distance Meter.a(Flight_Timer.o)
                                0x3a4 (size before relaxing)
 .debug_str     0x000017ea      0x1bb .\CortexM3\ARM_GCC_541\Debug\Ultrasonic Distance Meter.a(CyFlash.o)
                                0x3ff (size before relaxing)
 .debug_str     0x000019a5       0xac .\CortexM3\ARM_GCC_541\Debug\Ultrasonic Distance Meter.a(CySpc.o)
                                0x377 (size before relaxing)

.debug_loc      0x00000000     0x1cd6
 *(.debug_loc)
 .debug_loc     0x00000000      0x1d7 .\CortexM3\ARM_GCC_541\Debug\cyfitter_cfg.o
 .debug_loc     0x000001d7      0x144 .\CortexM3\ARM_GCC_541\Debug\Cm3Start.o
 .debug_loc     0x0000031b      0x128 .\CortexM3\ARM_GCC_541\Debug\Ultrasonic Distance Meter.a(Ultrasonic_Drive.o)
 .debug_loc     0x00000443       0x60 .\CortexM3\ARM_GCC_541\Debug\Ultrasonic Distance Meter.a(PGA_1.o)
 .debug_loc     0x000004a3      0xa11 .\CortexM3\ARM_GCC_541\Debug\Ultrasonic Distance Meter.a(CyLib.o)
 .debug_loc     0x00000eb4      0x1e4 .\CortexM3\ARM_GCC_541\Debug\Ultrasonic Distance Meter.a(cyPm.o)
 .debug_loc     0x00001098       0x21 .\CortexM3\ARM_GCC_541\Debug\Ultrasonic Distance Meter.a(Vssa_Buffer.o)
 .debug_loc     0x000010b9       0x79 .\CortexM3\ARM_GCC_541\Debug\Ultrasonic Distance Meter.a(VDAC8_1.o)
 .debug_loc     0x00001132       0xed .\CortexM3\ARM_GCC_541\Debug\Ultrasonic Distance Meter.a(Comp_1.o)
 .debug_loc     0x0000121f      0x3b2 .\CortexM3\ARM_GCC_541\Debug\Ultrasonic Distance Meter.a(CyFlash.o)
 .debug_loc     0x000015d1      0x705 .\CortexM3\ARM_GCC_541\Debug\Ultrasonic Distance Meter.a(CySpc.o)

.debug_macinfo
 *(.debug_macinfo)

.debug_ranges   0x00000000      0x680
 *(.debug_ranges)
 .debug_ranges  0x00000000       0x18 .\CortexM3\ARM_GCC_541\Debug\main.o
 .debug_ranges  0x00000018       0x48 .\CortexM3\ARM_GCC_541\Debug\cyfitter_cfg.o
 .debug_ranges  0x00000060       0x38 .\CortexM3\ARM_GCC_541\Debug\Cm3Start.o
 .debug_ranges  0x00000098       0x60 .\CortexM3\ARM_GCC_541\Debug\Ultrasonic Distance Meter.a(Ultrasonic_Drive.o)
 .debug_ranges  0x000000f8       0x38 .\CortexM3\ARM_GCC_541\Debug\Ultrasonic Distance Meter.a(PGA_1.o)
 .debug_ranges  0x00000130      0x290 .\CortexM3\ARM_GCC_541\Debug\Ultrasonic Distance Meter.a(CyLib.o)
 .debug_ranges  0x000003c0       0x88 .\CortexM3\ARM_GCC_541\Debug\Ultrasonic Distance Meter.a(cyPm.o)
 .debug_ranges  0x00000448       0x30 .\CortexM3\ARM_GCC_541\Debug\Ultrasonic Distance Meter.a(Vssa_Buffer.o)
 .debug_ranges  0x00000478       0x48 .\CortexM3\ARM_GCC_541\Debug\Ultrasonic Distance Meter.a(VDAC8_1.o)
 .debug_ranges  0x000004c0       0x60 .\CortexM3\ARM_GCC_541\Debug\Ultrasonic Distance Meter.a(Comp_1.o)
 .debug_ranges  0x00000520       0x78 .\CortexM3\ARM_GCC_541\Debug\Ultrasonic Distance Meter.a(Flight_Timer.o)
 .debug_ranges  0x00000598       0x78 .\CortexM3\ARM_GCC_541\Debug\Ultrasonic Distance Meter.a(CyFlash.o)
 .debug_ranges  0x00000610       0x70 .\CortexM3\ARM_GCC_541\Debug\Ultrasonic Distance Meter.a(CySpc.o)

.comment        0x00000000       0x6e
 .comment       0x00000000       0x6e .\CortexM3\ARM_GCC_541\Debug\main.o
                                 0x6f (size before relaxing)
 .comment       0x0000006e       0x6f .\CortexM3\ARM_GCC_541\Debug\cyfitter_cfg.o
 .comment       0x0000006e       0x6f .\CortexM3\ARM_GCC_541\Debug\cymetadata.o
 .comment       0x0000006e       0x6f .\CortexM3\ARM_GCC_541\Debug\Cm3Start.o
 .comment       0x0000006e       0x6f .\CortexM3\ARM_GCC_541\Debug\Ultrasonic Distance Meter.a(Ultrasonic_Drive.o)
 .comment       0x0000006e       0x6f .\CortexM3\ARM_GCC_541\Debug\Ultrasonic Distance Meter.a(PGA_1.o)
 .comment       0x0000006e       0x6f .\CortexM3\ARM_GCC_541\Debug\Ultrasonic Distance Meter.a(CyLib.o)
 .comment       0x0000006e       0x6f .\CortexM3\ARM_GCC_541\Debug\Ultrasonic Distance Meter.a(cyPm.o)
 .comment       0x0000006e       0x6f .\CortexM3\ARM_GCC_541\Debug\Ultrasonic Distance Meter.a(Vssa_Buffer.o)
 .comment       0x0000006e       0x6f .\CortexM3\ARM_GCC_541\Debug\Ultrasonic Distance Meter.a(VDAC8_1.o)
 .comment       0x0000006e       0x6f .\CortexM3\ARM_GCC_541\Debug\Ultrasonic Distance Meter.a(Comp_1.o)
 .comment       0x0000006e       0x6f .\CortexM3\ARM_GCC_541\Debug\Ultrasonic Distance Meter.a(Flight_Timer.o)
 .comment       0x0000006e       0x6f .\CortexM3\ARM_GCC_541\Debug\Ultrasonic Distance Meter.a(CyFlash.o)
 .comment       0x0000006e       0x6f .\CortexM3\ARM_GCC_541\Debug\Ultrasonic Distance Meter.a(CySpc.o)

.debug_weaknames
 *(.debug_weaknames)

.debug_funcnames
 *(.debug_funcnames)

.debug_typenames
 *(.debug_typenames)

.debug_varnames
 *(.debug_varnames)

.note.gnu.arm.ident
 *(.note.gnu.arm.ident)

.ARM.attributes
                0x00000000       0x29
 *(.ARM.attributes)
 .ARM.attributes
                0x00000000       0x1d c:/program files (x86)/cypress/psoc creator/4.4/psoc creator/import/gnu/arm/5.4.1/bin/../lib/gcc/arm-none-eabi/5.4.1/armv7-m/crti.o
 .ARM.attributes
                0x0000001d       0x2d c:/program files (x86)/cypress/psoc creator/4.4/psoc creator/import/gnu/arm/5.4.1/bin/../lib/gcc/arm-none-eabi/5.4.1/armv7-m/crtbegin.o
 .ARM.attributes
                0x0000004a       0x1b c:/program files (x86)/cypress/psoc creator/4.4/psoc creator/import/gnu/arm/5.4.1/bin/../lib/gcc/arm-none-eabi/5.4.1/../../../../arm-none-eabi/lib/armv7-m/crt0.o
 .ARM.attributes
                0x00000065       0x33 .\CortexM3\ARM_GCC_541\Debug\main.o
 .ARM.attributes
                0x00000098       0x33 .\CortexM3\ARM_GCC_541\Debug\cyfitter_cfg.o
 .ARM.attributes
                0x000000cb       0x33 .\CortexM3\ARM_GCC_541\Debug\cymetadata.o
 .ARM.attributes
                0x000000fe       0x33 .\CortexM3\ARM_GCC_541\Debug\Cm3Start.o
 .ARM.attributes
                0x00000131       0x33 .\CortexM3\ARM_GCC_541\Debug\Ultrasonic Distance Meter.a(Ultrasonic_Drive.o)
 .ARM.attributes
                0x00000164       0x33 .\CortexM3\ARM_GCC_541\Debug\Ultrasonic Distance Meter.a(PGA_1.o)
 .ARM.attributes
                0x00000197       0x33 .\CortexM3\ARM_GCC_541\Debug\Ultrasonic Distance Meter.a(CyLib.o)
 .ARM.attributes
                0x000001ca       0x33 .\CortexM3\ARM_GCC_541\Debug\Ultrasonic Distance Meter.a(cyPm.o)
 .ARM.attributes
                0x000001fd       0x33 .\CortexM3\ARM_GCC_541\Debug\Ultrasonic Distance Meter.a(Vssa_Buffer.o)
 .ARM.attributes
                0x00000230       0x33 .\CortexM3\ARM_GCC_541\Debug\Ultrasonic Distance Meter.a(VDAC8_1.o)
 .ARM.attributes
                0x00000263       0x33 .\CortexM3\ARM_GCC_541\Debug\Ultrasonic Distance Meter.a(Comp_1.o)
 .ARM.attributes
                0x00000296       0x33 .\CortexM3\ARM_GCC_541\Debug\Ultrasonic Distance Meter.a(Flight_Timer.o)
 .ARM.attributes
                0x000002c9       0x21 .\CortexM3\ARM_GCC_541\Debug\Ultrasonic Distance Meter.a(CyBootAsmGnu.o)
 .ARM.attributes
                0x000002ea       0x33 .\CortexM3\ARM_GCC_541\Debug\Ultrasonic Distance Meter.a(CyFlash.o)
 .ARM.attributes
                0x0000031d       0x33 .\CortexM3\ARM_GCC_541\Debug\Ultrasonic Distance Meter.a(CySpc.o)
 .ARM.attributes
                0x00000350       0x1d c:/program files (x86)/cypress/psoc creator/4.4/psoc creator/import/gnu/arm/5.4.1/bin/../lib/gcc/arm-none-eabi/5.4.1/armv7-m\libgcc.a(_arm_addsubdf3.o)
 .ARM.attributes
                0x0000036d       0x1d c:/program files (x86)/cypress/psoc creator/4.4/psoc creator/import/gnu/arm/5.4.1/bin/../lib/gcc/arm-none-eabi/5.4.1/armv7-m\libgcc.a(_arm_muldivdf3.o)
 .ARM.attributes
                0x0000038a       0x1d c:/program files (x86)/cypress/psoc creator/4.4/psoc creator/import/gnu/arm/5.4.1/bin/../lib/gcc/arm-none-eabi/5.4.1/armv7-m\libgcc.a(_arm_truncdfsf2.o)
 .ARM.attributes
                0x000003a7       0x1d c:/program files (x86)/cypress/psoc creator/4.4/psoc creator/import/gnu/arm/5.4.1/bin/../lib/gcc/arm-none-eabi/5.4.1/armv7-m\libgcc.a(_arm_muldivsf3.o)
 .ARM.attributes
                0x000003c4       0x2d c:/program files (x86)/cypress/psoc creator/4.4/psoc creator/import/gnu/arm/5.4.1/bin/../lib/gcc/arm-none-eabi/5.4.1/../../../../arm-none-eabi/lib/armv7-m\libg_nano.a(lib_a-errno.o)
 .ARM.attributes
                0x000003f1       0x2d c:/program files (x86)/cypress/psoc creator/4.4/psoc creator/import/gnu/arm/5.4.1/bin/../lib/gcc/arm-none-eabi/5.4.1/../../../../arm-none-eabi/lib/armv7-m\libg_nano.a(lib_a-exit.o)
 .ARM.attributes
                0x0000041e       0x2d c:/program files (x86)/cypress/psoc creator/4.4/psoc creator/import/gnu/arm/5.4.1/bin/../lib/gcc/arm-none-eabi/5.4.1/../../../../arm-none-eabi/lib/armv7-m\libg_nano.a(lib_a-impure.o)
 .ARM.attributes
                0x0000044b       0x2d c:/program files (x86)/cypress/psoc creator/4.4/psoc creator/import/gnu/arm/5.4.1/bin/../lib/gcc/arm-none-eabi/5.4.1/../../../../arm-none-eabi/lib/armv7-m\libg_nano.a(lib_a-init.o)
 .ARM.attributes
                0x00000478       0x2d c:/program files (x86)/cypress/psoc creator/4.4/psoc creator/import/gnu/arm/5.4.1/bin/../lib/gcc/arm-none-eabi/5.4.1/../../../../arm-none-eabi/lib/armv7-m\libg_nano.a(lib_a-memcpy-stub.o)
 .ARM.attributes
                0x000004a5       0x2d c:/program files (x86)/cypress/psoc creator/4.4/psoc creator/import/gnu/arm/5.4.1/bin/../lib/gcc/arm-none-eabi/5.4.1/../../../../arm-none-eabi/lib/armv7-m\libg_nano.a(lib_a-memset.o)
 .ARM.attributes
                0x000004d2       0x2d c:/program files (x86)/cypress/psoc creator/4.4/psoc creator/import/gnu/arm/5.4.1/bin/../lib/gcc/arm-none-eabi/5.4.1/armv7-m/crtend.o
 .ARM.attributes
                0x000004ff       0x1d c:/program files (x86)/cypress/psoc creator/4.4/psoc creator/import/gnu/arm/5.4.1/bin/../lib/gcc/arm-none-eabi/5.4.1/armv7-m/crtn.o

/DISCARD/
 *(.note.GNU-stack)
OUTPUT(C:\Users\Kurty\Documents\Ultrasonic GitHub (TRC3500)\Ultrasonic-PSoC\Ultrasonic Sensor Workspace\Ultrasonic Distance Meter.cydsn\CortexM3\ARM_GCC_541\Debug\Ultrasonic Distance Meter.elf elf32-littlearm)
