Archive member included to satisfy reference by file (symbol)

.\CortexM3\ARM_GCC_541\Debug\Ultrasonic Distance Meter.a(Ultrasonic_Drive.o)
                              .\CortexM3\ARM_GCC_541\Debug\main.o (Ultrasonic_Drive_Start)
.\CortexM3\ARM_GCC_541\Debug\Ultrasonic Distance Meter.a(Ultrasonic_Pulse_Counter.o)
                              .\CortexM3\ARM_GCC_541\Debug\main.o (Ultrasonic_Pulse_Counter_Start)
.\CortexM3\ARM_GCC_541\Debug\Ultrasonic Distance Meter.a(Ultrasonic_Set_Reg.o)
                              .\CortexM3\ARM_GCC_541\Debug\main.o (Ultrasonic_Set_Reg_Write)
.\CortexM3\ARM_GCC_541\Debug\Ultrasonic Distance Meter.a(PGA_1.o)
                              .\CortexM3\ARM_GCC_541\Debug\main.o (PGA_1_Start)
.\CortexM3\ARM_GCC_541\Debug\Ultrasonic Distance Meter.a(CyLib.o)
                              .\CortexM3\ARM_GCC_541\Debug\Cm3Start.o (CyHalt)
.\CortexM3\ARM_GCC_541\Debug\Ultrasonic Distance Meter.a(cyPm.o)
                              .\CortexM3\ARM_GCC_541\Debug\Ultrasonic Distance Meter.a(CyLib.o) (CyPmReadStatus)
.\CortexM3\ARM_GCC_541\Debug\Ultrasonic Distance Meter.a(Vssa_Buffer.o)
                              .\CortexM3\ARM_GCC_541\Debug\main.o (Vssa_Buffer_Start)
.\CortexM3\ARM_GCC_541\Debug\Ultrasonic Distance Meter.a(VDAC8_1.o)
                              .\CortexM3\ARM_GCC_541\Debug\main.o (VDAC8_1_Start)
.\CortexM3\ARM_GCC_541\Debug\Ultrasonic Distance Meter.a(Comp_1.o)
                              .\CortexM3\ARM_GCC_541\Debug\main.o (Comp_1_Start)
.\CortexM3\ARM_GCC_541\Debug\Ultrasonic Distance Meter.a(Flight_Timer.o)
                              .\CortexM3\ARM_GCC_541\Debug\main.o (Flight_Timer_Enable)
.\CortexM3\ARM_GCC_541\Debug\Ultrasonic Distance Meter.a(isr_1.o)
                              .\CortexM3\ARM_GCC_541\Debug\main.o (isr_1_StartEx)
.\CortexM3\ARM_GCC_541\Debug\Ultrasonic Distance Meter.a(Digit_Reg.o)
                              .\CortexM3\ARM_GCC_541\Debug\main.o (Digit_Reg_Write)
.\CortexM3\ARM_GCC_541\Debug\Ultrasonic Distance Meter.a(Seven_Segment_Reg.o)
                              .\CortexM3\ARM_GCC_541\Debug\main.o (Seven_Segment_Reg_Write)
.\CortexM3\ARM_GCC_541\Debug\Ultrasonic Distance Meter.a(Flight_Timer_Clock.o)
                              .\CortexM3\ARM_GCC_541\Debug\main.o (Flight_Timer_Clock_Start)
.\CortexM3\ARM_GCC_541\Debug\Ultrasonic Distance Meter.a(Flight_Timer_Reset_Reg.o)
                              .\CortexM3\ARM_GCC_541\Debug\main.o (Flight_Timer_Reset_Reg_Write)
.\CortexM3\ARM_GCC_541\Debug\Ultrasonic Distance Meter.a(EEPROM.o)
                              .\CortexM3\ARM_GCC_541\Debug\main.o (EEPROM_Start)
.\CortexM3\ARM_GCC_541\Debug\Ultrasonic Distance Meter.a(Five_Millisec_Timer.o)
                              .\CortexM3\ARM_GCC_541\Debug\main.o (Five_Millisec_Timer_Enable)
.\CortexM3\ARM_GCC_541\Debug\Ultrasonic Distance Meter.a(isr_2.o)
                              .\CortexM3\ARM_GCC_541\Debug\main.o (isr_2_StartEx)
.\CortexM3\ARM_GCC_541\Debug\Ultrasonic Distance Meter.a(S1_1.o)
                              .\CortexM3\ARM_GCC_541\Debug\main.o (S1_1_Read)
.\CortexM3\ARM_GCC_541\Debug\Ultrasonic Distance Meter.a(Button_Tie_High.o)
                              .\CortexM3\ARM_GCC_541\Debug\main.o (Button_Tie_High_Write)
.\CortexM3\ARM_GCC_541\Debug\Ultrasonic Distance Meter.a(R3_2_Reg.o)
                              .\CortexM3\ARM_GCC_541\Debug\main.o (R3_2_Reg_Write)
.\CortexM3\ARM_GCC_541\Debug\Ultrasonic Distance Meter.a(J1_2_Reg.o)
                              .\CortexM3\ARM_GCC_541\Debug\main.o (J1_2_Reg_Write)
.\CortexM3\ARM_GCC_541\Debug\Ultrasonic Distance Meter.a(CyBootAsmGnu.o)
                              .\CortexM3\ARM_GCC_541\Debug\cyfitter_cfg.o (CyDelayCycles)
.\CortexM3\ARM_GCC_541\Debug\Ultrasonic Distance Meter.a(CyFlash.o)
                              .\CortexM3\ARM_GCC_541\Debug\Ultrasonic Distance Meter.a(EEPROM.o) (dieTemperature)
.\CortexM3\ARM_GCC_541\Debug\Ultrasonic Distance Meter.a(CySpc.o)
                              .\CortexM3\ARM_GCC_541\Debug\Ultrasonic Distance Meter.a(EEPROM.o) (CySpcStart)
c:/program files (x86)/cypress/psoc creator/4.4/psoc creator/import/gnu/arm/5.4.1/bin/../lib/gcc/arm-none-eabi/5.4.1/../../../../arm-none-eabi/lib/armv7-m\libm.a(lib_a-powl.o)
                              .\CortexM3\ARM_GCC_541\Debug\main.o (powl)
c:/program files (x86)/cypress/psoc creator/4.4/psoc creator/import/gnu/arm/5.4.1/bin/../lib/gcc/arm-none-eabi/5.4.1/../../../../arm-none-eabi/lib/armv7-m\libm.a(lib_a-s_floor.o)
                              .\CortexM3\ARM_GCC_541\Debug\main.o (floor)
c:/program files (x86)/cypress/psoc creator/4.4/psoc creator/import/gnu/arm/5.4.1/bin/../lib/gcc/arm-none-eabi/5.4.1/../../../../arm-none-eabi/lib/armv7-m\libm.a(lib_a-w_pow.o)
                              c:/program files (x86)/cypress/psoc creator/4.4/psoc creator/import/gnu/arm/5.4.1/bin/../lib/gcc/arm-none-eabi/5.4.1/../../../../arm-none-eabi/lib/armv7-m\libm.a(lib_a-powl.o) (pow)
[...]
Memory Configuration

Name             Origin             Length             Attributes
rom              0x00000000         0x00040000         xr
ram              0x1fff8000         0x00010000         xrw
*default*        0x00000000         0xffffffff

Linker script and memory map

LOAD c:/program files (x86)/cypress/psoc creator/4.4/psoc creator/import/gnu/arm/5.4.1/bin/../lib/gcc/arm-none-eabi/5.4.1/armv7-m/crti.o
LOAD c:/program files (x86)/cypress/psoc creator/4.4/psoc creator/import/gnu/arm/5.4.1/bin/../lib/gcc/arm-none-eabi/5.4.1/armv7-m/crtbegin.o
LOAD c:/program files (x86)/cypress/psoc creator/4.4/psoc creator/import/gnu/arm/5.4.1/bin/../lib/gcc/arm-none-eabi/5.4.1/../../../../arm-none-eabi/lib/armv7-m/crt0.o
START GROUP
LOAD .\CortexM3\ARM_GCC_541\Debug\main.o
LOAD .\CortexM3\ARM_GCC_541\Debug\cyfitter_cfg.o
LOAD .\CortexM3\ARM_GCC_541\Debug\cymetadata.o
LOAD .\CortexM3\ARM_GCC_541\Debug\Cm3Start.o
LOAD .\CortexM3\ARM_GCC_541\Debug\Ultrasonic Distance Meter.a
LOAD C:\Program Files (x86)\Cypress\PSoC Creator\4.4\PSoC Creator\psoc\content\cycomponentlibrary\CyComponentLibrary.cylib\CortexM3\ARM_GCC_541\Debug\CyComponentLibrary.a
LOAD c:/program files (x86)/cypress/psoc creator/4.4/psoc creator/import/gnu/arm/5.4.1/bin/../lib/gcc/arm-none-eabi/5.4.1/../../../../arm-none-eabi/lib/armv7-m\libm.a
END GROUP
START GROUP
LOAD c:/program files (x86)/cypress/psoc creator/4.4/psoc creator/import/gnu/arm/5.4.1/bin/../lib/gcc/arm-none-eabi/5.4.1/armv7-m\libgcc.a
LOAD c:/program files (x86)/cypress/psoc creator/4.4/psoc creator/import/gnu/arm/5.4.1/bin/../lib/gcc/arm-none-eabi/5.4.1/../../../../arm-none-eabi/lib/armv7-m\libg_nano.a
LOAD c:/program files (x86)/cypress/psoc creator/4.4/psoc creator/import/gnu/arm/5.4.1/bin/../lib/gcc/arm-none-eabi/5.4.1/../../../../arm-none-eabi/lib/armv7-m\libc_nano.a
END GROUP
START GROUP
LOAD c:/program files (x86)/cypress/psoc creator/4.4/psoc creator/import/gnu/arm/5.4.1/bin/../lib/gcc/arm-none-eabi/5.4.1/armv7-m\libgcc.a
LOAD c:/program files (x86)/cypress/psoc creator/4.4/psoc creator/import/gnu/arm/5.4.1/bin/../lib/gcc/arm-none-eabi/5.4.1/../../../../arm-none-eabi/lib/armv7-m\libc_nano.a
END GROUP
LOAD c:/program files (x86)/cypress/psoc creator/4.4/psoc creator/import/gnu/arm/5.4.1/bin/../lib/gcc/arm-none-eabi/5.4.1/armv7-m/crtend.o
LOAD c:/program files (x86)/cypress/psoc creator/4.4/psoc creator/import/gnu/arm/5.4.1/bin/../lib/gcc/arm-none-eabi/5.4.1/armv7-m/crtn.o
START GROUP
LOAD c:/program files (x86)/cypress/psoc creator/4.4/psoc creator/import/gnu/arm/5.4.1/bin/../lib/gcc/arm-none-eabi/5.4.1/armv7-m\libgcc.a
LOAD c:/program files (x86)/cypress/psoc creator/4.4/psoc creator/import/gnu/arm/5.4.1/bin/../lib/gcc/arm-none-eabi/5.4.1/../../../../arm-none-eabi/lib/armv7-m\libc.a
LOAD c:/program files (x86)/cypress/psoc creator/4.4/psoc creator/import/gnu/arm/5.4.1/bin/../lib/gcc/arm-none-eabi/5.4.1/../../../../arm-none-eabi/lib/armv7-m\libnosys.a
END GROUP
                0x00000000                CY_APPL_ORIGIN = 0x0
                0x00000100                CY_FLASH_ROW_SIZE = 0x100
                0x00000020                CY_ECC_ROW_SIZE = 0x20
                0x00000000                CY_EE_IN_BTLDR = 0x0
                0x00000000                CY_APPL_LOADABLE = 0x0
                0x00000800                CY_EE_SIZE = 0x800
                0x00000001                CY_APPL_NUM = 0x1
                0x00000001                CY_APPL_MAX = 0x1
                0x00000040                CY_METADATA_SIZE = 0x40
                0x00000000                CY_APPL_LOADABLE = 0x0
                0x00000000                CY_CHECKSUM_EXCLUDE_SIZE = ALIGN (0x0, CY_FLASH_ROW_SIZE)
                [!provide]                PROVIDE (__cy_heap_start, _end)
                0x00000001                PROVIDE (__cy_region_num, ((__cy_regions_end - __cy_regions) / 0x10))
                0x20008000                PROVIDE (__cy_stack, (ORIGIN (ram) + LENGTH (ram)))
                [!provide]                PROVIDE (__cy_heap_end, (__cy_stack - 0x800))

.cybootloader   0x00000000        0x0
 *(.cybootloader)
                0x00000000                appl1_start = CY_APPL_ORIGIN?CY_APPL_ORIGIN:ALIGN (CY_FLASH_ROW_SIZE)
                0x0001ff00                appl2_start = (appl1_start + ALIGN ((((LENGTH (rom) - appl1_start) - (0x2 * CY_FLASH_ROW_SIZE)) / 0x2), CY_FLASH_ROW_SIZE))
                0x00000000                appl_start = (CY_APPL_NUM == 0x1)?appl1_start:appl2_start
                0x00000000                ecc_offset = ((appl_start / CY_FLASH_ROW_SIZE) * CY_ECC_ROW_SIZE)
                0x00000000                ee_offset = (CY_APPL_LOADABLE && ! (CY_EE_IN_BTLDR))?((CY_EE_SIZE / CY_APPL_MAX) * (CY_APPL_NUM - 0x1)):0x0
                0x00000800                ee_size = (CY_APPL_LOADABLE && ! (CY_EE_IN_BTLDR))?(CY_EE_SIZE / CY_APPL_MAX):CY_EE_SIZE
                [!provide]                PROVIDE (CY_ECC_OFFSET, ecc_offset)

.text           0x00000000     0x337a
 CREATE_OBJECT_SYMBOLS
                0x00000000                PROVIDE (__cy_interrupt_vector, RomVectors)
 *(.romvectors)
 .romvectors    0x00000000       0x10 .\CortexM3\ARM_GCC_541\Debug\Cm3Start.o
                0x00000000                RomVectors
                0x00000001                ASSERT ((. != __cy_interrupt_vector), No interrupt vector)
                0x00000001                ASSERT (CY_APPL_ORIGIN?(SIZEOF (.cybootloader) <= CY_APPL_ORIGIN):0x1, Wrong image location)
                0x00000010                PROVIDE (__cy_reset, Reset)
 *(.text.Reset)
 .text.Reset    0x00000010       0x18 .\CortexM3\ARM_GCC_541\Debug\Cm3Start.o
                0x00000010                Reset
                0x00000001                ASSERT ((. != __cy_reset), No reset code)
 *(.dma_init)
                0x00000001                ASSERT ((((appl_start + .) <= 0x10000) || 0x1), DMA Init must be within the first 64k of flash)
 *(.text .text.* .gnu.linkonce.t.*)
 .text          0x00000028       0x5c c:/program files (x86)/cypress/psoc creator/4.4/psoc creator/import/gnu/arm/5.4.1/bin/../lib/gcc/arm-none-eabi/5.4.1/armv7-m/crtbegin.o
 *fill*         0x00000084        0x4 
 .text.main     0x00000088      0x12c .\CortexM3\ARM_GCC_541\Debug\main.o
                0x00000088                main
 .text.getDigits
                0x000001b4       0x84 .\CortexM3\ARM_GCC_541\Debug\main.o
                0x000001b4                getDigits
 .text.saveDigitsToRAM
                0x00000238       0xcc .\CortexM3\ARM_GCC_541\Debug\main.o
                0x00000238                saveDigitsToRAM
 .text.Flight_Timer_ISR
                0x00000304       0x3c .\CortexM3\ARM_GCC_541\Debug\main.o
                0x00000304                Flight_Timer_ISR
 .text.checkMeasurementButton
                0x00000340       0x40 .\CortexM3\ARM_GCC_541\Debug\main.o
                0x00000340                checkMeasurementButton
 .text.pulseDot
                0x00000380       0x54 .\CortexM3\ARM_GCC_541\Debug\main.o
                0x00000380                pulseDot
 .text.Millisec_ISR
                0x000003d4       0x44 .\CortexM3\ARM_GCC_541\Debug\main.o
                0x000003d4                Millisec_ISR
 .text.CyClockStartupError
                0x00000418        0x4 .\CortexM3\ARM_GCC_541\Debug\cyfitter_cfg.o
 .text.cfg_write_bytes32
                0x0000041c       0x34 .\CortexM3\ARM_GCC_541\Debug\cyfitter_cfg.o
 .text.AnalogSetDefault
                0x00000450       0x80 .\CortexM3\ARM_GCC_541\Debug\cyfitter_cfg.o
 .text.CYMEMZERO
                0x000004d0        0xc .\CortexM3\ARM_GCC_541\Debug\cyfitter_cfg.o
 .text.ClockSetup
                0x000004dc       0xc8 .\CortexM3\ARM_GCC_541\Debug\cyfitter_cfg.o
 .text.CYCONFIGCPY
                0x000005a4        0x8 .\CortexM3\ARM_GCC_541\Debug\cyfitter_cfg.o
 .text.cyfitter_cfg
                0x000005ac      0x120 .\CortexM3\ARM_GCC_541\Debug\cyfitter_cfg.o
                0x000005ac                cyfitter_cfg
 .text.IntDefaultHandler
                0x000006cc       0x10 .\CortexM3\ARM_GCC_541\Debug\Cm3Start.o
                0x000006cc                IntDefaultHandler
 .text.Start_c  0x000006dc       0x4c .\CortexM3\ARM_GCC_541\Debug\Cm3Start.o
                0x000006dc                Start_c
 .text.initialize_psoc
                0x00000728       0x68 .\CortexM3\ARM_GCC_541\Debug\Cm3Start.o
                0x00000728                initialize_psoc
 .text.Ultrasonic_Drive_Start
                0x00000790       0x1c .\CortexM3\ARM_GCC_541\Debug\Ultrasonic Distance Meter.a(Ultrasonic_Drive.o)
                0x00000790                Ultrasonic_Drive_Start
 .text.Ultrasonic_Drive_Stop
                0x000007ac       0x1c .\CortexM3\ARM_GCC_541\Debug\Ultrasonic Distance Meter.a(Ultrasonic_Drive.o)
                0x000007ac                Ultrasonic_Drive_Stop
 .text.Ultrasonic_Pulse_Counter_Init
                0x000007c8        0xc .\CortexM3\ARM_GCC_541\Debug\Ultrasonic Distance Meter.a(Ultrasonic_Pulse_Counter.o)
                0x000007c8                Ultrasonic_Pulse_Counter_Init
 .text.Ultrasonic_Pulse_Counter_Enable
                0x000007d4       0x1c .\CortexM3\ARM_GCC_541\Debug\Ultrasonic Distance Meter.a(Ultrasonic_Pulse_Counter.o)
                0x000007d4                Ultrasonic_Pulse_Counter_Enable
 .text.Ultrasonic_Pulse_Counter_Start
                0x000007f0       0x1c .\CortexM3\ARM_GCC_541\Debug\Ultrasonic Distance Meter.a(Ultrasonic_Pulse_Counter.o)
                0x000007f0                Ultrasonic_Pulse_Counter_Start
 .text.Ultrasonic_Pulse_Counter_WriteCounter
                0x0000080c       0x10 .\CortexM3\ARM_GCC_541\Debug\Ultrasonic Distance Meter.a(Ultrasonic_Pulse_Counter.o)
                0x0000080c                Ultrasonic_Pulse_Counter_WriteCounter
 .text.Ultrasonic_Set_Reg_Write
                0x0000081c        0xc .\CortexM3\ARM_GCC_541\Debug\Ultrasonic Distance Meter.a(Ultrasonic_Set_Reg.o)
                0x0000081c                Ultrasonic_Set_Reg_Write
 .text.PGA_1_Enable
                0x00000828       0x28 .\CortexM3\ARM_GCC_541\Debug\Ultrasonic Distance Meter.a(PGA_1.o)
                0x00000828                PGA_1_Enable
 .text.PGA_1_SetPower
                0x00000850       0x18 .\CortexM3\ARM_GCC_541\Debug\Ultrasonic Distance Meter.a(PGA_1.o)
                0x00000850                PGA_1_SetPower
 .text.PGA_1_SetGain
                0x00000868       0x78 .\CortexM3\ARM_GCC_541\Debug\Ultrasonic Distance Meter.a(PGA_1.o)
                0x00000868                PGA_1_SetGain
 .text.PGA_1_Init
                0x000008e0       0x34 .\CortexM3\ARM_GCC_541\Debug\Ultrasonic Distance Meter.a(PGA_1.o)
                0x000008e0                PGA_1_Init
 .text.PGA_1_Start
                0x00000914       0x1c .\CortexM3\ARM_GCC_541\Debug\Ultrasonic Distance Meter.a(PGA_1.o)
                0x00000914                PGA_1_Start
 .text.CyDelay  0x00000930       0x2c .\CortexM3\ARM_GCC_541\Debug\Ultrasonic Distance Meter.a(CyLib.o)
                0x00000930                CyDelay
 .text.CyDelayUs
                0x0000095c       0x14 .\CortexM3\ARM_GCC_541\Debug\Ultrasonic Distance Meter.a(CyLib.o)
                0x0000095c                CyDelayUs
 .text.Vssa_Buffer_Enable
                0x00000970       0x28 .\CortexM3\ARM_GCC_541\Debug\Ultrasonic Distance Meter.a(Vssa_Buffer.o)
                0x00000970                Vssa_Buffer_Enable
 .text.Vssa_Buffer_SetPower
                0x00000998       0x1c .\CortexM3\ARM_GCC_541\Debug\Ultrasonic Distance Meter.a(Vssa_Buffer.o)
                0x00000998                Vssa_Buffer_SetPower
 .text.Vssa_Buffer_Init
                0x000009b4        0xc .\CortexM3\ARM_GCC_541\Debug\Ultrasonic Distance Meter.a(Vssa_Buffer.o)
                0x000009b4                Vssa_Buffer_Init
 .text.Vssa_Buffer_Start
                0x000009c0       0x1c .\CortexM3\ARM_GCC_541\Debug\Ultrasonic Distance Meter.a(Vssa_Buffer.o)
                0x000009c0                Vssa_Buffer_Start
 .text.VDAC8_1_Enable
                0x000009dc       0x1c .\CortexM3\ARM_GCC_541\Debug\Ultrasonic Distance Meter.a(VDAC8_1.o)
                0x000009dc                VDAC8_1_Enable
 .text.VDAC8_1_SetSpeed
                0x000009f8       0x1c .\CortexM3\ARM_GCC_541\Debug\Ultrasonic Distance Meter.a(VDAC8_1.o)
                0x000009f8                VDAC8_1_SetSpeed
 .text.VDAC8_1_SetValue
                0x00000a14        0xc .\CortexM3\ARM_GCC_541\Debug\Ultrasonic Distance Meter.a(VDAC8_1.o)
                0x00000a14                VDAC8_1_SetValue
 .text.VDAC8_1_DacTrim
                0x00000a20       0x24 .\CortexM3\ARM_GCC_541\Debug\Ultrasonic Distance Meter.a(VDAC8_1.o)
                0x00000a20                VDAC8_1_DacTrim
 .text.VDAC8_1_SetRange
                0x00000a44       0x20 .\CortexM3\ARM_GCC_541\Debug\Ultrasonic Distance Meter.a(VDAC8_1.o)
                0x00000a44                VDAC8_1_SetRange
 .text.VDAC8_1_Init
                0x00000a64       0x20 .\CortexM3\ARM_GCC_541\Debug\Ultrasonic Distance Meter.a(VDAC8_1.o)
                0x00000a64                VDAC8_1_Init
 .text.VDAC8_1_Start
                0x00000a84       0x24 .\CortexM3\ARM_GCC_541\Debug\Ultrasonic Distance Meter.a(VDAC8_1.o)
                0x00000a84                VDAC8_1_Start
 .text.Comp_1_Enable
                0x00000aa8       0x1c .\CortexM3\ARM_GCC_541\Debug\Ultrasonic Distance Meter.a(Comp_1.o)
                0x00000aa8                Comp_1_Enable
 .text.Comp_1_SetSpeed
                0x00000ac4       0x58 .\CortexM3\ARM_GCC_541\Debug\Ultrasonic Distance Meter.a(Comp_1.o)
                0x00000ac4                Comp_1_SetSpeed
 .text.Comp_1_Init
                0x00000b1c       0x3c .\CortexM3\ARM_GCC_541\Debug\Ultrasonic Distance Meter.a(Comp_1.o)
                0x00000b1c                Comp_1_Init
 .text.Comp_1_Start
                0x00000b58       0x1c .\CortexM3\ARM_GCC_541\Debug\Ultrasonic Distance Meter.a(Comp_1.o)
                0x00000b58                Comp_1_Start
 .text.Flight_Timer_Enable
                0x00000b74       0x28 .\CortexM3\ARM_GCC_541\Debug\Ultrasonic Distance Meter.a(Flight_Timer.o)
                0x00000b74                Flight_Timer_Enable
 .text.Flight_Timer_SetInterruptMode
                0x00000b9c        0xc .\CortexM3\ARM_GCC_541\Debug\Ultrasonic Distance Meter.a(Flight_Timer.o)
                0x00000b9c                Flight_Timer_SetInterruptMode
 .text.Flight_Timer_ReadStatusRegister
                0x00000ba8        0xc .\CortexM3\ARM_GCC_541\Debug\Ultrasonic Distance Meter.a(Flight_Timer.o)
                0x00000ba8                Flight_Timer_ReadStatusRegister
 .text.Flight_Timer_ReadPeriod
                0x00000bb4        0xc .\CortexM3\ARM_GCC_541\Debug\Ultrasonic Distance Meter.a(Flight_Timer.o)
                0x00000bb4                Flight_Timer_ReadPeriod
 .text.Flight_Timer_WritePeriod
                0x00000bc0        0xc .\CortexM3\ARM_GCC_541\Debug\Ultrasonic Distance Meter.a(Flight_Timer.o)
                0x00000bc0                Flight_Timer_WritePeriod
 .text.Flight_Timer_WriteCounter
                0x00000bcc        0xc .\CortexM3\ARM_GCC_541\Debug\Ultrasonic Distance Meter.a(Flight_Timer.o)
                0x00000bcc                Flight_Timer_WriteCounter
 .text.Flight_Timer_Init
                0x00000bd8       0x68 .\CortexM3\ARM_GCC_541\Debug\Ultrasonic Distance Meter.a(Flight_Timer.o)
                0x00000bd8                Flight_Timer_Init
 .text.Flight_Timer_Start
                0x00000c40       0x1c .\CortexM3\ARM_GCC_541\Debug\Ultrasonic Distance Meter.a(Flight_Timer.o)
                0x00000c40                Flight_Timer_Start
 .text.isr_1_SetVector
                0x00000c5c       0x10 .\CortexM3\ARM_GCC_541\Debug\Ultrasonic Distance Meter.a(isr_1.o)
                0x00000c5c                isr_1_SetVector
 .text.isr_1_SetPriority
                0x00000c6c       0x10 .\CortexM3\ARM_GCC_541\Debug\Ultrasonic Distance Meter.a(isr_1.o)
                0x00000c6c                isr_1_SetPriority
 .text.isr_1_Enable
                0x00000c7c       0x10 .\CortexM3\ARM_GCC_541\Debug\Ultrasonic Distance Meter.a(isr_1.o)
                0x00000c7c                isr_1_Enable
 .text.isr_1_Disable
                0x00000c8c       0x10 .\CortexM3\ARM_GCC_541\Debug\Ultrasonic Distance Meter.a(isr_1.o)
                0x00000c8c                isr_1_Disable
 .text.isr_1_StartEx
                0x00000c9c       0x1c .\CortexM3\ARM_GCC_541\Debug\Ultrasonic Distance Meter.a(isr_1.o)
                0x00000c9c                isr_1_StartEx
 .text.isr_1_ClearPending
                0x00000cb8       0x10 .\CortexM3\ARM_GCC_541\Debug\Ultrasonic Distance Meter.a(isr_1.o)
                0x00000cb8                isr_1_ClearPending
 .text.Digit_Reg_Write
                0x00000cc8        0xc .\CortexM3\ARM_GCC_541\Debug\Ultrasonic Distance Meter.a(Digit_Reg.o)
                0x00000cc8                Digit_Reg_Write
 .text.Seven_Segment_Reg_Write
                0x00000cd4        0xc .\CortexM3\ARM_GCC_541\Debug\Ultrasonic Distance Meter.a(Seven_Segment_Reg.o)
                0x00000cd4                Seven_Segment_Reg_Write
 .text.Flight_Timer_Clock_Start
                0x00000ce0       0x1c .\CortexM3\ARM_GCC_541\Debug\Ultrasonic Distance Meter.a(Flight_Timer_Clock.o)
                0x00000ce0                Flight_Timer_Clock_Start
 .text.Flight_Timer_Reset_Reg_Write
                0x00000cfc        0xc .\CortexM3\ARM_GCC_541\Debug\Ultrasonic Distance Meter.a(Flight_Timer_Reset_Reg.o)
                0x00000cfc                Flight_Timer_Reset_Reg_Write
 .text.EEPROM_Enable
                0x00000d08        0xc .\CortexM3\ARM_GCC_541\Debug\Ultrasonic Distance Meter.a(EEPROM.o)
                0x00000d08                EEPROM_Enable
 .text.EEPROM_Start
                0x00000d14        0x8 .\CortexM3\ARM_GCC_541\Debug\Ultrasonic Distance Meter.a(EEPROM.o)
                0x00000d14                EEPROM_Start
 .text.EEPROM_ReadByte
                0x00000d1c       0x28 .\CortexM3\ARM_GCC_541\Debug\Ultrasonic Distance Meter.a(EEPROM.o)
                0x00000d1c                EEPROM_ReadByte
 .text.Five_Millisec_Timer_Enable
                0x00000d44       0x10 .\CortexM3\ARM_GCC_541\Debug\Ultrasonic Distance Meter.a(Five_Millisec_Timer.o)
                0x00000d44                Five_Millisec_Timer_Enable
 .text.Five_Millisec_Timer_SetInterruptMode
                0x00000d54        0xc .\CortexM3\ARM_GCC_541\Debug\Ultrasonic Distance Meter.a(Five_Millisec_Timer.o)
                0x00000d54                Five_Millisec_Timer_SetInterruptMode
 .text.Five_Millisec_Timer_ReadStatusRegister
                0x00000d60        0xc .\CortexM3\ARM_GCC_541\Debug\Ultrasonic Distance Meter.a(Five_Millisec_Timer.o)
                0x00000d60                Five_Millisec_Timer_ReadStatusRegister
 .text.Five_Millisec_Timer_WritePeriod
                0x00000d6c        0xc .\CortexM3\ARM_GCC_541\Debug\Ultrasonic Distance Meter.a(Five_Millisec_Timer.o)
                0x00000d6c                Five_Millisec_Timer_WritePeriod
 .text.Five_Millisec_Timer_ReadCapture
                0x00000d78        0xc .\CortexM3\ARM_GCC_541\Debug\Ultrasonic Distance Meter.a(Five_Millisec_Timer.o)
                0x00000d78                Five_Millisec_Timer_ReadCapture
 .text.Five_Millisec_Timer_WriteCounter
                0x00000d84        0xc .\CortexM3\ARM_GCC_541\Debug\Ultrasonic Distance Meter.a(Five_Millisec_Timer.o)
                0x00000d84                Five_Millisec_Timer_WriteCounter
 .text.Five_Millisec_Timer_ClearFIFO
                0x00000d90       0x14 .\CortexM3\ARM_GCC_541\Debug\Ultrasonic Distance Meter.a(Five_Millisec_Timer.o)
                0x00000d90                Five_Millisec_Timer_ClearFIFO
 .text.Five_Millisec_Timer_Init
                0x00000da4       0x34 .\CortexM3\ARM_GCC_541\Debug\Ultrasonic Distance Meter.a(Five_Millisec_Timer.o)
                0x00000da4                Five_Millisec_Timer_Init
 .text.Five_Millisec_Timer_Start
                0x00000dd8       0x1c .\CortexM3\ARM_GCC_541\Debug\Ultrasonic Distance Meter.a(Five_Millisec_Timer.o)
                0x00000dd8                Five_Millisec_Timer_Start
 .text.isr_2_SetVector
                0x00000df4        0xc .\CortexM3\ARM_GCC_541\Debug\Ultrasonic Distance Meter.a(isr_2.o)
                0x00000df4                isr_2_SetVector
 .text.isr_2_SetPriority
                0x00000e00       0x10 .\CortexM3\ARM_GCC_541\Debug\Ultrasonic Distance Meter.a(isr_2.o)
                0x00000e00                isr_2_SetPriority
 .text.isr_2_Enable
                0x00000e10        0xc .\CortexM3\ARM_GCC_541\Debug\Ultrasonic Distance Meter.a(isr_2.o)
                0x00000e10                isr_2_Enable
 .text.isr_2_Disable
                0x00000e1c        0xc .\CortexM3\ARM_GCC_541\Debug\Ultrasonic Distance Meter.a(isr_2.o)
                0x00000e1c                isr_2_Disable
 .text.isr_2_StartEx
                0x00000e28       0x1c .\CortexM3\ARM_GCC_541\Debug\Ultrasonic Distance Meter.a(isr_2.o)
                0x00000e28                isr_2_StartEx
 .text.isr_2_ClearPending
                0x00000e44        0xc .\CortexM3\ARM_GCC_541\Debug\Ultrasonic Distance Meter.a(isr_2.o)
                0x00000e44                isr_2_ClearPending
 .text.S1_1_Read
                0x00000e50       0x10 .\CortexM3\ARM_GCC_541\Debug\Ultrasonic Distance Meter.a(S1_1.o)
                0x00000e50                S1_1_Read
 .text.Button_Tie_High_Write
                0x00000e60        0xc .\CortexM3\ARM_GCC_541\Debug\Ultrasonic Distance Meter.a(Button_Tie_High.o)
                0x00000e60                Button_Tie_High_Write
 .text.R3_2_Reg_Write
                0x00000e6c        0xc .\CortexM3\ARM_GCC_541\Debug\Ultrasonic Distance Meter.a(R3_2_Reg.o)
                0x00000e6c                R3_2_Reg_Write
 .text.J1_2_Reg_Write
                0x00000e78        0xc .\CortexM3\ARM_GCC_541\Debug\Ultrasonic Distance Meter.a(J1_2_Reg.o)
                0x00000e78                J1_2_Reg_Write
 *fill*         0x00000e84        0x4 
 .text          0x00000e88       0x20 .\CortexM3\ARM_GCC_541\Debug\Ultrasonic Distance Meter.a(CyBootAsmGnu.o)
                0x00000e88                CyDelayCycles
                0x00000e98                CyEnterCriticalSection
                0x00000ea0                CyExitCriticalSection
 .text.CySetTempInt
                0x00000ea8       0x60 .\CortexM3\ARM_GCC_541\Debug\Ultrasonic Distance Meter.a(CyFlash.o)
 .text.CyFlashGetSpcAlgorithm
                0x00000f08       0x4c .\CortexM3\ARM_GCC_541\Debug\Ultrasonic Distance Meter.a(CyFlash.o)
                0x00000f08                CyFlashGetSpcAlgorithm
 .text.CySetTemp
                0x00000f54       0x14 .\CortexM3\ARM_GCC_541\Debug\Ultrasonic Distance Meter.a(CyFlash.o)
                0x00000f54                CySetTemp
 .text.CyEEPROM_Start
                0x00000f68       0x54 .\CortexM3\ARM_GCC_541\Debug\Ultrasonic Distance Meter.a(CyFlash.o)
                0x00000f68                CyEEPROM_Start
 .text.CyEEPROM_ReadReserve
                0x00000fbc       0x1c .\CortexM3\ARM_GCC_541\Debug\Ultrasonic Distance Meter.a(CyFlash.o)
                0x00000fbc                CyEEPROM_ReadReserve
 .text.CyEEPROM_ReadRelease
                0x00000fd8       0x10 .\CortexM3\ARM_GCC_541\Debug\Ultrasonic Distance Meter.a(CyFlash.o)
                0x00000fd8                CyEEPROM_ReadRelease
 .text.CySpcStart
                0x00000fe8       0x24 .\CortexM3\ARM_GCC_541\Debug\Ultrasonic Distance Meter.a(CySpc.o)
                0x00000fe8                CySpcStart
 .text.CySpcReadData
                0x0000100c       0x34 .\CortexM3\ARM_GCC_541\Debug\Ultrasonic Distance Meter.a(CySpc.o)
                0x0000100c                CySpcReadData
 .text.CySpcGetTemp
                0x00001040       0x3c .\CortexM3\ARM_GCC_541\Debug\Ultrasonic Distance Meter.a(CySpc.o)
                0x00001040                CySpcGetTemp
 .text.CySpcLock
                0x0000107c       0x4c .\CortexM3\ARM_GCC_541\Debug\Ultrasonic Distance Meter.a(CySpc.o)
                0x0000107c                CySpcLock
 .text.CySpcUnlock
                0x000010c8       0x38 .\CortexM3\ARM_GCC_541\Debug\Ultrasonic Distance Meter.a(CySpc.o)
                0x000010c8                CySpcUnlock
 .text.CySpcGetAlgorithm
                0x00001100       0x28 .\CortexM3\ARM_GCC_541\Debug\Ultrasonic Distance Meter.a(CySpc.o)
                0x00001100                CySpcGetAlgorithm
 .text.powl     0x00001128        0x4 c:/program files (x86)/cypress/psoc creator/4.4/psoc creator/import/gnu/arm/5.4.1/bin/../lib/gcc/arm-none-eabi/5.4.1/../../../../arm-none-eabi/lib/armv7-m\libm.a(lib_a-powl.o)
                0x00001128                powl
 *fill*         0x0000112c        0x4 
 .text.floor    0x00001130      0x110 c:/program files (x86)/cypress/psoc creator/4.4/psoc creator/import/gnu/arm/5.4.1/bin/../lib/gcc/arm-none-eabi/5.4.1/../../../../arm-none-eabi/lib/armv7-m\libm.a(lib_a-s_floor.o)
                0x00001130                floor
 .text.pow      0x00001240      0x330 c:/program files (x86)/cypress/psoc creator/4.4/psoc creator/import/gnu/arm/5.4.1/bin/../lib/gcc/arm-none-eabi/5.4.1/../../../../arm-none-eabi/lib/armv7-m\libm.a(lib_a-w_pow.o)
                0x00001240                pow
 .text.__ieee754_pow
                0x00001570      0xac4 c:/program files (x86)/cypress/psoc creator/4.4/psoc creator/import/gnu/arm/5.4.1/bin/../lib/gcc/arm-none-eabi/5.4.1/../../../../arm-none-eabi/lib/armv7-m\libm.a(lib_a-e_pow.o)
                0x00001570                __ieee754_pow
 .text.__ieee754_sqrt
                0x00002034      0x188 c:/program files (x86)/cypress/psoc creator/4.4/psoc creator/import/gnu/arm/5.4.1/bin/../lib/gcc/arm-none-eabi/5.4.1/../../../../arm-none-eabi/lib/armv7-m\libm.a(lib_a-e_sqrt.o)
                0x00002034                __ieee754_sqrt
 .text.fabs     0x000021bc        0x8 c:/program files (x86)/cypress/psoc creator/4.4/psoc creator/import/gnu/arm/5.4.1/bin/../lib/gcc/arm-none-eabi/5.4.1/../../../../arm-none-eabi/lib/armv7-m\libm.a(lib_a-s_fabs.o)
                0x000021bc                fabs
 .text.finite   0x000021c4        0xc c:/program files (x86)/cypress/psoc creator/4.4/psoc creator/import/gnu/arm/5.4.1/bin/../lib/gcc/arm-none-eabi/5.4.1/../../../../arm-none-eabi/lib/armv7-m\libm.a(lib_a-s_finite.o)
                0x000021c4                finite
 .text.matherr  0x000021d0        0x4 c:/program files (x86)/cypress/psoc creator/4.4/psoc creator/import/gnu/arm/5.4.1/bin/../lib/gcc/arm-none-eabi/5.4.1/../../../../arm-none-eabi/lib/armv7-m\libm.a(lib_a-s_matherr.o)
                0x000021d0                matherr
 .text.nan      0x000021d4        0xc c:/program files (x86)/cypress/psoc creator/4.4/psoc creator/import/gnu/arm/5.4.1/bin/../lib/gcc/arm-none-eabi/5.4.1/../../../../arm-none-eabi/lib/armv7-m\libm.a(lib_a-s_nan.o)
                0x000021d4                nan
 .text.rint     0x000021e0      0x120 c:/program files (x86)/cypress/psoc creator/4.4/psoc creator/import/gnu/arm/5.4.1/bin/../lib/gcc/arm-none-eabi/5.4.1/../../../../arm-none-eabi/lib/armv7-m\libm.a(lib_a-s_rint.o)
                0x000021e0                rint
 .text.scalbn   0x00002300       0xe4 c:/program files (x86)/cypress/psoc creator/4.4/psoc creator/import/gnu/arm/5.4.1/bin/../lib/gcc/arm-none-eabi/5.4.1/../../../../arm-none-eabi/lib/armv7-m\libm.a(lib_a-s_scalbn.o)
                0x00002300                scalbn
 .text.copysign
                0x000023e4       0x10 c:/program files (x86)/cypress/psoc creator/4.4/psoc creator/import/gnu/arm/5.4.1/bin/../lib/gcc/arm-none-eabi/5.4.1/../../../../arm-none-eabi/lib/armv7-m\libm.a(lib_a-s_copysign.o)
                0x000023e4                copysign
 .text          0x000023f4      0x370 c:/program files (x86)/cypress/psoc creator/4.4/psoc creator/import/gnu/arm/5.4.1/bin/../lib/gcc/arm-none-eabi/5.4.1/armv7-m\libgcc.a(_arm_addsubdf3.o)
                0x000023f4                __aeabi_drsub
                0x000023fc                __aeabi_dsub
                0x000023fc                __subdf3
                0x00002400                __aeabi_dadd
                0x00002400                __adddf3
                0x00002678                __floatunsidf
                0x00002678                __aeabi_ui2d
                0x00002698                __floatsidf
                0x00002698                __aeabi_i2d
                0x000026bc                __aeabi_f2d
                0x000026bc                __extendsfdf2
                0x000026f8                __floatundidf
                0x000026f8                __aeabi_ul2d
                0x00002708                __floatdidf
                0x00002708                __aeabi_l2d
 .text          0x00002764      0x424 c:/program files (x86)/cypress/psoc creator/4.4/psoc creator/import/gnu/arm/5.4.1/bin/../lib/gcc/arm-none-eabi/5.4.1/armv7-m\libgcc.a(_arm_muldivdf3.o)
                0x00002764                __aeabi_dmul
                0x00002764                __muldf3
                0x000029b8                __divdf3
                0x000029b8                __aeabi_ddiv
 .text          0x00002b88      0x110 c:/program files (x86)/cypress/psoc creator/4.4/psoc creator/import/gnu/arm/5.4.1/bin/../lib/gcc/arm-none-eabi/5.4.1/armv7-m\libgcc.a(_arm_cmpdf2.o)
                0x00002b88                __gtdf2
                0x00002b88                __gedf2
                0x00002b90                __ltdf2
                0x00002b90                __ledf2
                0x00002b98                __nedf2
                0x00002b98                __eqdf2
                0x00002b98                __cmpdf2
                0x00002c14                __aeabi_cdrcmple
                0x00002c24                __aeabi_cdcmpeq
                0x00002c24                __aeabi_cdcmple
                0x00002c34                __aeabi_dcmpeq
                0x00002c48                __aeabi_dcmplt
                0x00002c5c                __aeabi_dcmple
                0x00002c70                __aeabi_dcmpge
                0x00002c84                __aeabi_dcmpgt
 .text          0x00002c98       0x2c c:/program files (x86)/cypress/psoc creator/4.4/psoc creator/import/gnu/arm/5.4.1/bin/../lib/gcc/arm-none-eabi/5.4.1/armv7-m\libgcc.a(_arm_unorddf2.o)
                0x00002c98                __unorddf2
                0x00002c98                __aeabi_dcmpun
 .text          0x00002cc4       0x50 c:/program files (x86)/cypress/psoc creator/4.4/psoc creator/import/gnu/arm/5.4.1/bin/../lib/gcc/arm-none-eabi/5.4.1/armv7-m\libgcc.a(_arm_fixdfsi.o)
                0x00002cc4                __aeabi_d2iz
                0x00002cc4                __fixdfsi
 .text          0x00002d14       0x40 c:/program files (x86)/cypress/psoc creator/4.4/psoc creator/import/gnu/arm/5.4.1/bin/../lib/gcc/arm-none-eabi/5.4.1/armv7-m\libgcc.a(_arm_fixunsdfsi.o)
                0x00002d14                __aeabi_d2uiz
                0x00002d14                __fixunsdfsi
 .text          0x00002d54       0xa0 c:/program files (x86)/cypress/psoc creator/4.4/psoc creator/import/gnu/arm/5.4.1/bin/../lib/gcc/arm-none-eabi/5.4.1/armv7-m\libgcc.a(_arm_truncdfsf2.o)
                0x00002d54                __truncdfsf2
                0x00002d54                __aeabi_d2f
 .text          0x00002df4      0x21c c:/program files (x86)/cypress/psoc creator/4.4/psoc creator/import/gnu/arm/5.4.1/bin/../lib/gcc/arm-none-eabi/5.4.1/armv7-m\libgcc.a(_arm_addsubsf3.o)
                0x00002df4                __aeabi_frsub
                0x00002dfc                __subsf3
                0x00002dfc                __aeabi_fsub
                0x00002e00                __aeabi_fadd
                0x00002e00                __addsf3
                0x00002f60                __aeabi_ui2f
                0x00002f60                __floatunsisf
                0x00002f68                __aeabi_i2f
                0x00002f68                __floatsisf
                0x00002f84                __aeabi_ul2f
                0x00002f84                __floatundisf
                0x00002f94                __aeabi_l2f
                0x00002f94                __floatdisf
 .text          0x00003010      0x2a0 c:/program files (x86)/cypress/psoc creator/4.4/psoc creator/import/gnu/arm/5.4.1/bin/../lib/gcc/arm-none-eabi/5.4.1/armv7-m\libgcc.a(_arm_muldivsf3.o)
                0x00003010                __mulsf3
                0x00003010                __aeabi_fmul
                0x00003178                __aeabi_fdiv
                0x00003178                __divsf3
 .text          0x000032b0       0x4c c:/program files (x86)/cypress/psoc creator/4.4/psoc creator/import/gnu/arm/5.4.1/bin/../lib/gcc/arm-none-eabi/5.4.1/armv7-m\libgcc.a(_arm_fixsfsi.o)
                0x000032b0                __aeabi_f2iz
                0x000032b0                __fixsfsi
 .text.__errno  0x000032fc        0xc c:/program files (x86)/cypress/psoc creator/4.4/psoc creator/import/gnu/arm/5.4.1/bin/../lib/gcc/arm-none-eabi/5.4.1/../../../../arm-none-eabi/lib/armv7-m\libg_nano.a(lib_a-errno.o)
                0x000032fc                __errno
 .text.__libc_init_array
                0x00003308       0x4c c:/program files (x86)/cypress/psoc creator/4.4/psoc creator/import/gnu/arm/5.4.1/bin/../lib/gcc/arm-none-eabi/5.4.1/../../../../arm-none-eabi/lib/armv7-m\libg_nano.a(lib_a-init.o)
                0x00003308                __libc_init_array
 .text.memcpy   0x00003354       0x16 c:/program files (x86)/cypress/psoc creator/4.4/psoc creator/import/gnu/arm/5.4.1/bin/../lib/gcc/arm-none-eabi/5.4.1/../../../../arm-none-eabi/lib/armv7-m\libg_nano.a(lib_a-memcpy-stub.o)
                0x00003354                memcpy
 .text.memset   0x0000336a       0x10 c:/program files (x86)/cypress/psoc creator/4.4/psoc creator/import/gnu/arm/5.4.1/bin/../lib/gcc/arm-none-eabi/5.4.1/../../../../arm-none-eabi/lib/armv7-m\libg_nano.a(lib_a-memset.o)
                0x0000336a                memset
 *(.plt)
 *(.gnu.warning)
 *(.glue_7t)
 .glue_7t       0x0000337a        0x0 linker stubs
 *(.glue_7)
 .glue_7        0x0000337a        0x0 linker stubs
 *(.vfp11_veneer)
 .vfp11_veneer  0x0000337a        0x0 linker stubs
 *(.bootloader)
 *(.ARM.extab* .gnu.linkonce.armextab.*)
 *(.gcc_except_table)

.v4_bx          0x0000337c        0x0
 .v4_bx         0x0000337c        0x0 linker stubs

.iplt           0x0000337c        0x0
 .iplt          0x0000337c        0x0 c:/program files (x86)/cypress/psoc creator/4.4/psoc creator/import/gnu/arm/5.4.1/bin/../lib/gcc/arm-none-eabi/5.4.1/armv7-m/crtbegin.o

.eh_frame_hdr
 *(.eh_frame_hdr)

.eh_frame       0x0000337c        0x4
 *(.eh_frame)
 .eh_frame      0x0000337c        0x0 c:/program files (x86)/cypress/psoc creator/4.4/psoc creator/import/gnu/arm/5.4.1/bin/../lib/gcc/arm-none-eabi/5.4.1/armv7-m/crtbegin.o
 .eh_frame      0x0000337c        0x4 c:/program files (x86)/cypress/psoc creator/4.4/psoc creator/import/gnu/arm/5.4.1/bin/../lib/gcc/arm-none-eabi/5.4.1/armv7-m/crtend.o
                [!provide]                PROVIDE (__exidx_start, .)

.ARM.exidx
 *(.ARM.exidx* .gnu.linkonce.armexidx.*)
                0x00003380                __exidx_end = .

.rodata         0x00003380       0x98
 *(.rodata .rodata.* .gnu.linkonce.r.*)
 .rodata        0x00003380       0x30 .\CortexM3\ARM_GCC_541\Debug\cyfitter_cfg.o
 .rodata        0x000033b0       0x15 .\CortexM3\ARM_GCC_541\Debug\Ultrasonic Distance Meter.a(PGA_1.o)
 *fill*         0x000033c5        0x3 
 .rodata.str1.4
                0x000033c8        0x4 c:/program files (x86)/cypress/psoc creator/4.4/psoc creator/import/gnu/arm/5.4.1/bin/../lib/gcc/arm-none-eabi/5.4.1/../../../../arm-none-eabi/lib/armv7-m\libm.a(lib_a-w_pow.o)
 .rodata.str1.4
                0x000033cc        0x4 c:/program files (x86)/cypress/psoc creator/4.4/psoc creator/import/gnu/arm/5.4.1/bin/../lib/gcc/arm-none-eabi/5.4.1/../../../../arm-none-eabi/lib/armv7-m\libm.a(lib_a-e_pow.o)
                                  0x1 (size before relaxing)
 .rodata.TWO52  0x000033d0       0x10 c:/program files (x86)/cypress/psoc creator/4.4/psoc creator/import/gnu/arm/5.4.1/bin/../lib/gcc/arm-none-eabi/5.4.1/../../../../arm-none-eabi/lib/armv7-m\libm.a(lib_a-s_rint.o)
 .rodata.str1.1
                0x000033e0        0x2 c:/program files (x86)/cypress/psoc creator/4.4/psoc creator/import/gnu/arm/5.4.1/bin/../lib/gcc/arm-none-eabi/5.4.1/../../../../arm-none-eabi/lib/armv7-m\libg_nano.a(lib_a-impure.o)
                0x000033e4                . = ALIGN (0x4)
 *fill*         0x000033e2        0x2 
 *(.init)
 .init          0x000033e4        0x4 c:/program files (x86)/cypress/psoc creator/4.4/psoc creator/import/gnu/arm/5.4.1/bin/../lib/gcc/arm-none-eabi/5.4.1/armv7-m/crti.o
                0x000033e4                _init
 .init          0x000033e8        0x8 c:/program files (x86)/cypress/psoc creator/4.4/psoc creator/import/gnu/arm/5.4.1/bin/../lib/gcc/arm-none-eabi/5.4.1/armv7-m/crtn.o
                0x000033f0                . = ALIGN (0x4)
                0x000033f0                __preinit_array_start = .
 *(.preinit_array)
                0x000033f0                __preinit_array_end = .
                0x000033f0                . = ALIGN (0x4)
                0x000033f0                __init_array_start = .
 *(SORT(.init_array.*))
 *(.init_array)
 .init_array    0x000033f0        0x4 c:/program files (x86)/cypress/psoc creator/4.4/psoc creator/import/gnu/arm/5.4.1/bin/../lib/gcc/arm-none-eabi/5.4.1/armv7-m/crtbegin.o
 .init_array    0x000033f4        0x4 .\CortexM3\ARM_GCC_541\Debug\Cm3Start.o
                0x000033f8                __init_array_end = .
                0x000033f8                . = ALIGN (0x4)
 *(.fini)
 .fini          0x000033f8        0x4 c:/program files (x86)/cypress/psoc creator/4.4/psoc creator/import/gnu/arm/5.4.1/bin/../lib/gcc/arm-none-eabi/5.4.1/armv7-m/crti.o
                0x000033f8                _fini
 .fini          0x000033fc        0x8 c:/program files (x86)/cypress/psoc creator/4.4/psoc creator/import/gnu/arm/5.4.1/bin/../lib/gcc/arm-none-eabi/5.4.1/armv7-m/crtn.o
                0x00003404                . = ALIGN (0x4)
                0x00003404                __fini_array_start = .
 *(.fini_array)
 .fini_array    0x00003404        0x4 c:/program files (x86)/cypress/psoc creator/4.4/psoc creator/import/gnu/arm/5.4.1/bin/../lib/gcc/arm-none-eabi/5.4.1/armv7-m/crtbegin.o
 *(SORT(.fini_array.*))
                0x00003408                __fini_array_end = .
                0x00003408                . = ALIGN (0x4)
 *crtbegin.o(.ctors)
 *(EXCLUDE_FILE(*crtend.o) .ctors)
 *(SORT(.ctors.*))
 *crtend.o(.ctors)
                0x00003408                . = ALIGN (0x4)
 *crtbegin.o(.dtors)
 *(EXCLUDE_FILE(*crtend.o) .dtors)
 *(SORT(.dtors.*))
 *crtend.o(.dtors)
                0x00003408                . = ALIGN (0x4)
                0x00003408                __cy_regions = .
                0x00003408        0x4 LONG 0x3418 __cy_region_init_ram
                0x0000340c        0x4 LONG 0x1fff80c8 __cy_region_start_data
                0x00003410        0x4 LONG 0xc0 __cy_region_init_size_ram
                0x00003414        0x4 LONG 0x90 __cy_region_zero_size_ram
                0x00003418                __cy_regions_end = .
                0x00003418                . = ALIGN (0x8)
                0x00003418                _etext = .

.cy_checksum_exclude
                0x00003418        0x0
 *(.cy_checksum_exclude)

.ramvectors     0x1fff8000       0xc0
                0x1fff8000                __cy_region_start_ram = .
 *(.ramvectors)
 .ramvectors    0x1fff8000       0xc0 .\CortexM3\ARM_GCC_541\Debug\Cm3Start.o
                0x1fff8000                CyRamVectors

.noinit         0x1fff80c0        0x1
 *(.noinit)
 .noinit        0x1fff80c0        0x1 .\CortexM3\ARM_GCC_541\Debug\Ultrasonic Distance Meter.a(CyLib.o)
                0x1fff80c0                CyResetStatus

.data           0x1fff80c8       0xc0 load address 0x00003418
                0x1fff80c8                __cy_region_start_data = .
 *(.jcr)
 .jcr           0x1fff80c8        0x0 c:/program files (x86)/cypress/psoc creator/4.4/psoc creator/import/gnu/arm/5.4.1/bin/../lib/gcc/arm-none-eabi/5.4.1/armv7-m/crtbegin.o
 .jcr           0x1fff80c8        0x4 c:/program files (x86)/cypress/psoc creator/4.4/psoc creator/import/gnu/arm/5.4.1/bin/../lib/gcc/arm-none-eabi/5.4.1/armv7-m/crtend.o
 *(.got.plt)
 *(.got)
 *(.shdata)
 *(.data .data.* .gnu.linkonce.d.*)
 .data          0x1fff80cc       0x40 .\CortexM3\ARM_GCC_541\Debug\main.o
                0x1fff80cc                zero
                0x1fff80d0                one
                0x1fff80d4                two
                0x1fff80d8                three
                0x1fff80dc                four
                0x1fff80e0                five
                0x1fff80e4                six
                0x1fff80e8                seven
                0x1fff80ec                eight
                0x1fff80f0                nine
                0x1fff80f4                fiveMillisecCount
                0x1fff80f8                oneSecondCount
                0x1fff80fc                digitZero
                0x1fff8100                digitOne
                0x1fff8104                digitTwo
                0x1fff8108                digitThree
 .data          0x1fff810c       0x10 .\CortexM3\ARM_GCC_541\Debug\Ultrasonic Distance Meter.a(CyLib.o)
                0x1fff810c                cydelay_32k_ms
                0x1fff8110                cydelay_freq_khz
                0x1fff8114                cydelay_freq_mhz
                0x1fff8118                cydelay_freq_hz
 .data.__fdlib_version
                0x1fff811c        0x1 c:/program files (x86)/cypress/psoc creator/4.4/psoc creator/import/gnu/arm/5.4.1/bin/../lib/gcc/arm-none-eabi/5.4.1/../../../../arm-none-eabi/lib/armv7-m\libm.a(lib_a-s_lib_ver.o)
                0x1fff811c                __fdlib_version
 *fill*         0x1fff811d        0x3 
 .data.impure_data
                0x1fff8120       0x60 c:/program files (x86)/cypress/psoc creator/4.4/psoc creator/import/gnu/arm/5.4.1/bin/../lib/gcc/arm-none-eabi/5.4.1/../../../../arm-none-eabi/lib/armv7-m\libg_nano.a(lib_a-impure.o)
 .data._impure_ptr
                0x1fff8180        0x4 c:/program files (x86)/cypress/psoc creator/4.4/psoc creator/import/gnu/arm/5.4.1/bin/../lib/gcc/arm-none-eabi/5.4.1/../../../../arm-none-eabi/lib/armv7-m\libg_nano.a(lib_a-impure.o)
                0x1fff8180                _impure_ptr
                0x1fff8188                . = ALIGN (0x8)
 *fill*         0x1fff8184        0x4 
 *(.ram)
                0x1fff8188                _edata = .

.igot.plt       0x1fff8188        0x0 load address 0x000034d8
 .igot.plt      0x1fff8188        0x0 c:/program files (x86)/cypress/psoc creator/4.4/psoc creator/import/gnu/arm/5.4.1/bin/../lib/gcc/arm-none-eabi/5.4.1/armv7-m/crtbegin.o

.bss            0x1fff8188       0x90 load address 0x000034d8
                0x1fff8188                PROVIDE (__bss_start__, .)
 *(.shbss)
 *(.bss .bss.* .gnu.linkonce.b.*)
 .bss           0x1fff8188       0x1c c:/program files (x86)/cypress/psoc creator/4.4/psoc creator/import/gnu/arm/5.4.1/bin/../lib/gcc/arm-none-eabi/5.4.1/armv7-m/crtbegin.o
 .bss           0x1fff81a4        0x8 .\CortexM3\ARM_GCC_541\Debug\main.o
                0x1fff81a4                milli
                0x1fff81a8                units
 .bss           0x1fff81ac        0x1 .\CortexM3\ARM_GCC_541\Debug\Ultrasonic Distance Meter.a(Ultrasonic_Pulse_Counter.o)
                0x1fff81ac                Ultrasonic_Pulse_Counter_initVar
 .bss           0x1fff81ad        0x1 .\CortexM3\ARM_GCC_541\Debug\Ultrasonic Distance Meter.a(PGA_1.o)
                0x1fff81ad                PGA_1_initVar
 .bss           0x1fff81ae        0x1 .\CortexM3\ARM_GCC_541\Debug\Ultrasonic Distance Meter.a(Vssa_Buffer.o)
                0x1fff81ae                Vssa_Buffer_initVar
 .bss           0x1fff81af        0x1 .\CortexM3\ARM_GCC_541\Debug\Ultrasonic Distance Meter.a(VDAC8_1.o)
                0x1fff81af                VDAC8_1_initVar
 .bss           0x1fff81b0        0x1 .\CortexM3\ARM_GCC_541\Debug\Ultrasonic Distance Meter.a(Comp_1.o)
                0x1fff81b0                Comp_1_initVar
 .bss           0x1fff81b1        0x1 .\CortexM3\ARM_GCC_541\Debug\Ultrasonic Distance Meter.a(Flight_Timer.o)
                0x1fff81b1                Flight_Timer_initVar
 .bss           0x1fff81b2        0x1 .\CortexM3\ARM_GCC_541\Debug\Ultrasonic Distance Meter.a(Five_Millisec_Timer.o)
                0x1fff81b2                Five_Millisec_Timer_initVar
 *fill*         0x1fff81b3        0x1 
 .bss           0x1fff81b4        0x8 .\CortexM3\ARM_GCC_541\Debug\Ultrasonic Distance Meter.a(CySpc.o)
                0x1fff81b4                SpcLockState
 *(COMMON)
 COMMON         0x1fff81bc       0x54 .\CortexM3\ARM_GCC_541\Debug\main.o
                0x1fff81bc                digit
                0x1fff81cc                FT_Period_uS
                0x1fff81d0                decimalPlaces
                0x1fff81d4                Seg10Count
                0x1fff81d8                Seg1Count
                0x1fff81dc                FT_Resolution
                0x1fff81e0                FT_Period_Int
                0x1fff81e4                displayData
                0x1fff81f4                Seg1000Count
                0x1fff81f8                dotFlag
                0x1fff81fc                test
                0x1fff8200                Seg100Count
                0x1fff8204                SoundSpeed
                0x1fff8208                FT_Time_Per_Tick
                0x1fff820c                FT_Time_Per_Tick_uS
 COMMON         0x1fff8210        0x2 .\CortexM3\ARM_GCC_541\Debug\Ultrasonic Distance Meter.a(CyFlash.o)
                0x1fff8210                dieTemperature
                0x1fff8218                . = ALIGN (0x8)
 *fill*         0x1fff8212        0x6 
 *(.ram.b)
                0x1fff8218                _end = .
                0x1fff8218                __end = .
                0x1fff8218                PROVIDE (end, .)
                0x1fff8218                PROVIDE (__bss_end__, .)
                0x00003418                __cy_region_init_ram = LOADADDR (.data)
                0x000000c0                __cy_region_init_size_ram = (_edata - ADDR (.data))
                0x00000090                __cy_region_zero_size_ram = (_end - _edata)

.heap           0x1fff8218       0x80 load address 0x000034d8
                0x1fff8218                . = _end
                0x1fff8298                . = (. + 0x80)
 *fill*         0x1fff8218       0x80 
                0x1fff8298                __cy_heap_limit = .

.stack          0x20007800      0x800
                0x20007800                __cy_stack_limit = .
                0x20008000                . = (. + 0x800)
 *fill*         0x20007800      0x800 
                0x00000001                ASSERT ((__cy_stack_limit >= __cy_heap_limit), region RAM overflowed with stack)
                0x00000000                cy_checksum_exclude_size = (CY_APPL_LOADABLE == 0x1)?SIZEOF (.cy_checksum_exclude):0x0
                0x00000001                ASSERT ((cy_checksum_exclude_size <= CY_CHECKSUM_EXCLUDE_SIZE), CY_BOOT: Section .cy_checksum_exclude size exceedes specified limit.)

.cyloadermeta
 *(.cyloadermeta)

.cyloadablemeta
 *(.cyloadablemeta)

.cyconfigecc    0x80000000      0x34c
 *(.cyconfigecc)
 .cyconfigecc   0x80000000      0x34c .\CortexM3\ARM_GCC_541\Debug\cymetadata.o
                0x80000000                cy_meta_configecc

.cycustnvl      0x90000000        0x4
 *(.cycustnvl)
 .cycustnvl     0x90000000        0x4 .\CortexM3\ARM_GCC_541\Debug\cymetadata.o
                0x90000000                cy_meta_custnvl

.cywolatch      0x90100000        0x4
 *(.cywolatch)
 .cywolatch     0x90100000        0x4 .\CortexM3\ARM_GCC_541\Debug\cymetadata.o
                0x90100000                cy_meta_wonvl

.cyeeprom       0x90200000        0x0
 *(.cyeeprom)
                0x00000001                ASSERT ((. <= ((0x90200000 + ee_offset) + ee_size)), .cyeeprom data will not fit in EEPROM)

.cyflashprotect
                0x90400000      0x100
 *(.cyflashprotect)
 .cyflashprotect
                0x90400000      0x100 .\CortexM3\ARM_GCC_541\Debug\cymetadata.o
                0x90400000                cy_meta_flashprotect

.cymeta         0x90500000        0xc
 *(.cymeta)
 .cymeta        0x90500000        0xc .\CortexM3\ARM_GCC_541\Debug\cymetadata.o
                0x90500000                cy_metadata

.rel.dyn        0x000034d8        0x0 load address 0x9050000c
 .rel.iplt      0x000034d8        0x0 c:/program files (x86)/cypress/psoc creator/4.4/psoc creator/import/gnu/arm/5.4.1/bin/../lib/gcc/arm-none-eabi/5.4.1/armv7-m/crtbegin.o

.stab
 *(.stab)

.stabstr
 *(.stabstr)

.debug
 *(.debug)

.line
 *(.line)

.debug_srcinfo
 *(.debug_srcinfo)

.debug_sfnames
 *(.debug_sfnames)

.debug_aranges  0x00000000      0xbd0
 *(.debug_aranges)
 .debug_aranges
                0x00000000       0x50 .\CortexM3\ARM_GCC_541\Debug\main.o
 .debug_aranges
                0x00000050       0x58 .\CortexM3\ARM_GCC_541\Debug\cyfitter_cfg.o
 .debug_aranges
                0x000000a8       0x18 .\CortexM3\ARM_GCC_541\Debug\cymetadata.o
 .debug_aranges
                0x000000c0       0x48 .\CortexM3\ARM_GCC_541\Debug\Cm3Start.o
 .debug_aranges
                0x00000108       0x70 .\CortexM3\ARM_GCC_541\Debug\Ultrasonic Distance Meter.a(Ultrasonic_Drive.o)
 .debug_aranges
                0x00000178       0x58 .\CortexM3\ARM_GCC_541\Debug\Ultrasonic Distance Meter.a(Ultrasonic_Pulse_Counter.o)
 .debug_aranges
                0x000001d0       0x28 .\CortexM3\ARM_GCC_541\Debug\Ultrasonic Distance Meter.a(Ultrasonic_Set_Reg.o)
 .debug_aranges
                0x000001f8       0x48 .\CortexM3\ARM_GCC_541\Debug\Ultrasonic Distance Meter.a(PGA_1.o)
 .debug_aranges
                0x00000240      0x2a0 .\CortexM3\ARM_GCC_541\Debug\Ultrasonic Distance Meter.a(CyLib.o)
 .debug_aranges
                0x000004e0       0x98 .\CortexM3\ARM_GCC_541\Debug\Ultrasonic Distance Meter.a(cyPm.o)
 .debug_aranges
                0x00000578       0x40 .\CortexM3\ARM_GCC_541\Debug\Ultrasonic Distance Meter.a(Vssa_Buffer.o)
 .debug_aranges
                0x000005b8       0x58 .\CortexM3\ARM_GCC_541\Debug\Ultrasonic Distance Meter.a(VDAC8_1.o)
 .debug_aranges
                0x00000610       0x70 .\CortexM3\ARM_GCC_541\Debug\Ultrasonic Distance Meter.a(Comp_1.o)
 .debug_aranges
                0x00000680       0x88 .\CortexM3\ARM_GCC_541\Debug\Ultrasonic Distance Meter.a(Flight_Timer.o)
 .debug_aranges
                0x00000708       0x80 .\CortexM3\ARM_GCC_541\Debug\Ultrasonic Distance Meter.a(isr_1.o)
 .debug_aranges
                0x00000788       0x28 .\CortexM3\ARM_GCC_541\Debug\Ultrasonic Distance Meter.a(Digit_Reg.o)
 .debug_aranges
                0x000007b0       0x28 .\CortexM3\ARM_GCC_541\Debug\Ultrasonic Distance Meter.a(Seven_Segment_Reg.o)
 .debug_aranges
                0x000007d8       0x70 .\CortexM3\ARM_GCC_541\Debug\Ultrasonic Distance Meter.a(Flight_Timer_Clock.o)
 .debug_aranges
                0x00000848       0x28 .\CortexM3\ARM_GCC_541\Debug\Ultrasonic Distance Meter.a(Flight_Timer_Reset_Reg.o)
 .debug_aranges
                0x00000870       0x78 .\CortexM3\ARM_GCC_541\Debug\Ultrasonic Distance Meter.a(EEPROM.o)
 .debug_aranges
                0x000008e8       0x90 .\CortexM3\ARM_GCC_541\Debug\Ultrasonic Distance Meter.a(Five_Millisec_Timer.o)
 .debug_aranges
                0x00000978       0x80 .\CortexM3\ARM_GCC_541\Debug\Ultrasonic Distance Meter.a(isr_2.o)
 .debug_aranges
                0x000009f8       0x38 .\CortexM3\ARM_GCC_541\Debug\Ultrasonic Distance Meter.a(S1_1.o)
 .debug_aranges
                0x00000a30       0x28 .\CortexM3\ARM_GCC_541\Debug\Ultrasonic Distance Meter.a(Button_Tie_High.o)
 .debug_aranges
                0x00000a58       0x28 .\CortexM3\ARM_GCC_541\Debug\Ultrasonic Distance Meter.a(R3_2_Reg.o)
 .debug_aranges
                0x00000a80       0x28 .\CortexM3\ARM_GCC_541\Debug\Ultrasonic Distance Meter.a(J1_2_Reg.o)
 .debug_aranges
                0x00000aa8       0x20 .\CortexM3\ARM_GCC_541\Debug\Ultrasonic Distance Meter.a(CyBootAsmGnu.o)
 .debug_aranges
                0x00000ac8       0x88 .\CortexM3\ARM_GCC_541\Debug\Ultrasonic Distance Meter.a(CyFlash.o)
 .debug_aranges
                0x00000b50       0x80 .\CortexM3\ARM_GCC_541\Debug\Ultrasonic Distance Meter.a(CySpc.o)

.debug_pubnames
 *(.debug_pubnames)

.debug_info     0x00000000     0x6307
 *(.debug_info .gnu.linkonce.wi.*)
 .debug_info    0x00000000      0x7eb .\CortexM3\ARM_GCC_541\Debug\main.o
 .debug_info    0x000007eb      0x513 .\CortexM3\ARM_GCC_541\Debug\cyfitter_cfg.o
 .debug_info    0x00000cfe      0x135 .\CortexM3\ARM_GCC_541\Debug\cymetadata.o
 .debug_info    0x00000e33      0x3bb .\CortexM3\ARM_GCC_541\Debug\Cm3Start.o
 .debug_info    0x000011ee      0x283 .\CortexM3\ARM_GCC_541\Debug\Ultrasonic Distance Meter.a(Ultrasonic_Drive.o)
 .debug_info    0x00001471      0x1ec .\CortexM3\ARM_GCC_541\Debug\Ultrasonic Distance Meter.a(Ultrasonic_Pulse_Counter.o)
 .debug_info    0x0000165d       0xd6 .\CortexM3\ARM_GCC_541\Debug\Ultrasonic Distance Meter.a(Ultrasonic_Set_Reg.o)
 .debug_info    0x00001733      0x1d3 .\CortexM3\ARM_GCC_541\Debug\Ultrasonic Distance Meter.a(PGA_1.o)
 .debug_info    0x00001906     0x1374 .\CortexM3\ARM_GCC_541\Debug\Ultrasonic Distance Meter.a(CyLib.o)
 .debug_info    0x00002c7a      0xa2a .\CortexM3\ARM_GCC_541\Debug\Ultrasonic Distance Meter.a(cyPm.o)
 .debug_info    0x000036a4      0x151 .\CortexM3\ARM_GCC_541\Debug\Ultrasonic Distance Meter.a(Vssa_Buffer.o)
 .debug_info    0x000037f5      0x1df .\CortexM3\ARM_GCC_541\Debug\Ultrasonic Distance Meter.a(VDAC8_1.o)
 .debug_info    0x000039d4      0x2c8 .\CortexM3\ARM_GCC_541\Debug\Ultrasonic Distance Meter.a(Comp_1.o)
 .debug_info    0x00003c9c      0x295 .\CortexM3\ARM_GCC_541\Debug\Ultrasonic Distance Meter.a(Flight_Timer.o)
 .debug_info    0x00003f31      0x2d2 .\CortexM3\ARM_GCC_541\Debug\Ultrasonic Distance Meter.a(isr_1.o)
 .debug_info    0x00004203       0xd6 .\CortexM3\ARM_GCC_541\Debug\Ultrasonic Distance Meter.a(Digit_Reg.o)
 .debug_info    0x000042d9       0xd6 .\CortexM3\ARM_GCC_541\Debug\Ultrasonic Distance Meter.a(Seven_Segment_Reg.o)
 .debug_info    0x000043af      0x283 .\CortexM3\ARM_GCC_541\Debug\Ultrasonic Distance Meter.a(Flight_Timer_Clock.o)
 .debug_info    0x00004632       0xd6 .\CortexM3\ARM_GCC_541\Debug\Ultrasonic Distance Meter.a(Flight_Timer_Reset_Reg.o)
 .debug_info    0x00004708      0x630 .\CortexM3\ARM_GCC_541\Debug\Ultrasonic Distance Meter.a(EEPROM.o)
 .debug_info    0x00004d38      0x2f0 .\CortexM3\ARM_GCC_541\Debug\Ultrasonic Distance Meter.a(Five_Millisec_Timer.o)
 .debug_info    0x00005028      0x2d2 .\CortexM3\ARM_GCC_541\Debug\Ultrasonic Distance Meter.a(isr_2.o)
 .debug_info    0x000052fa      0x11f .\CortexM3\ARM_GCC_541\Debug\Ultrasonic Distance Meter.a(S1_1.o)
 .debug_info    0x00005419       0xd6 .\CortexM3\ARM_GCC_541\Debug\Ultrasonic Distance Meter.a(Button_Tie_High.o)
 .debug_info    0x000054ef       0xd6 .\CortexM3\ARM_GCC_541\Debug\Ultrasonic Distance Meter.a(R3_2_Reg.o)
 .debug_info    0x000055c5       0xd6 .\CortexM3\ARM_GCC_541\Debug\Ultrasonic Distance Meter.a(J1_2_Reg.o)
 .debug_info    0x0000569b       0xcf .\CortexM3\ARM_GCC_541\Debug\Ultrasonic Distance Meter.a(CyBootAsmGnu.o)
 .debug_info    0x0000576a      0x64d .\CortexM3\ARM_GCC_541\Debug\Ultrasonic Distance Meter.a(CyFlash.o)
 .debug_info    0x00005db7      0x550 .\CortexM3\ARM_GCC_541\Debug\Ultrasonic Distance Meter.a(CySpc.o)

.debug_abbrev   0x00000000     0x1f57
 *(.debug_abbrev)
 .debug_abbrev  0x00000000      0x1ca .\CortexM3\ARM_GCC_541\Debug\main.o
 .debug_abbrev  0x000001ca      0x1fe .\CortexM3\ARM_GCC_541\Debug\cyfitter_cfg.o
 .debug_abbrev  0x000003c8       0x66 .\CortexM3\ARM_GCC_541\Debug\cymetadata.o
 .debug_abbrev  0x0000042e      0x1e8 .\CortexM3\ARM_GCC_541\Debug\Cm3Start.o
 .debug_abbrev  0x00000616      0x139 .\CortexM3\ARM_GCC_541\Debug\Ultrasonic Distance Meter.a(Ultrasonic_Drive.o)
 .debug_abbrev  0x0000074f       0xe4 .\CortexM3\ARM_GCC_541\Debug\Ultrasonic Distance Meter.a(Ultrasonic_Pulse_Counter.o)
 .debug_abbrev  0x00000833       0x81 .\CortexM3\ARM_GCC_541\Debug\Ultrasonic Distance Meter.a(Ultrasonic_Set_Reg.o)
 .debug_abbrev  0x000008b4       0xf6 .\CortexM3\ARM_GCC_541\Debug\Ultrasonic Distance Meter.a(PGA_1.o)
 .debug_abbrev  0x000009aa      0x254 .\CortexM3\ARM_GCC_541\Debug\Ultrasonic Distance Meter.a(CyLib.o)
 .debug_abbrev  0x00000bfe      0x1ab .\CortexM3\ARM_GCC_541\Debug\Ultrasonic Distance Meter.a(cyPm.o)
 .debug_abbrev  0x00000da9       0xb2 .\CortexM3\ARM_GCC_541\Debug\Ultrasonic Distance Meter.a(Vssa_Buffer.o)
 .debug_abbrev  0x00000e5b       0xf7 .\CortexM3\ARM_GCC_541\Debug\Ultrasonic Distance Meter.a(VDAC8_1.o)
 .debug_abbrev  0x00000f52      0x16e .\CortexM3\ARM_GCC_541\Debug\Ultrasonic Distance Meter.a(Comp_1.o)
 .debug_abbrev  0x000010c0      0x11a .\CortexM3\ARM_GCC_541\Debug\Ultrasonic Distance Meter.a(Flight_Timer.o)
 .debug_abbrev  0x000011da      0x173 .\CortexM3\ARM_GCC_541\Debug\Ultrasonic Distance Meter.a(isr_1.o)
 .debug_abbrev  0x0000134d       0x81 .\CortexM3\ARM_GCC_541\Debug\Ultrasonic Distance Meter.a(Digit_Reg.o)
 .debug_abbrev  0x000013ce       0x81 .\CortexM3\ARM_GCC_541\Debug\Ultrasonic Distance Meter.a(Seven_Segment_Reg.o)
 .debug_abbrev  0x0000144f      0x139 .\CortexM3\ARM_GCC_541\Debug\Ultrasonic Distance Meter.a(Flight_Timer_Clock.o)
 .debug_abbrev  0x00001588       0x81 .\CortexM3\ARM_GCC_541\Debug\Ultrasonic Distance Meter.a(Flight_Timer_Reset_Reg.o)
 .debug_abbrev  0x00001609      0x14e .\CortexM3\ARM_GCC_541\Debug\Ultrasonic Distance Meter.a(EEPROM.o)
 .debug_abbrev  0x00001757      0x12b .\CortexM3\ARM_GCC_541\Debug\Ultrasonic Distance Meter.a(Five_Millisec_Timer.o)
 .debug_abbrev  0x00001882      0x173 .\CortexM3\ARM_GCC_541\Debug\Ultrasonic Distance Meter.a(isr_2.o)
 .debug_abbrev  0x000019f5       0x90 .\CortexM3\ARM_GCC_541\Debug\Ultrasonic Distance Meter.a(S1_1.o)
 .debug_abbrev  0x00001a85       0x81 .\CortexM3\ARM_GCC_541\Debug\Ultrasonic Distance Meter.a(Button_Tie_High.o)
 .debug_abbrev  0x00001b06       0x81 .\CortexM3\ARM_GCC_541\Debug\Ultrasonic Distance Meter.a(R3_2_Reg.o)
 .debug_abbrev  0x00001b87       0x81 .\CortexM3\ARM_GCC_541\Debug\Ultrasonic Distance Meter.a(J1_2_Reg.o)
 .debug_abbrev  0x00001c08       0x14 .\CortexM3\ARM_GCC_541\Debug\Ultrasonic Distance Meter.a(CyBootAsmGnu.o)
 .debug_abbrev  0x00001c1c      0x1a7 .\CortexM3\ARM_GCC_541\Debug\Ultrasonic Distance Meter.a(CyFlash.o)
 .debug_abbrev  0x00001dc3      0x194 .\CortexM3\ARM_GCC_541\Debug\Ultrasonic Distance Meter.a(CySpc.o)

.debug_line     0x00000000     0x2d19
 *(.debug_line)
 .debug_line    0x00000000      0x438 .\CortexM3\ARM_GCC_541\Debug\main.o
 .debug_line    0x00000438      0x1e8 .\CortexM3\ARM_GCC_541\Debug\cyfitter_cfg.o
 .debug_line    0x00000620      0x141 .\CortexM3\ARM_GCC_541\Debug\cymetadata.o
 .debug_line    0x00000761      0x234 .\CortexM3\ARM_GCC_541\Debug\Cm3Start.o
 .debug_line    0x00000995      0x17f .\CortexM3\ARM_GCC_541\Debug\Ultrasonic Distance Meter.a(Ultrasonic_Drive.o)
 .debug_line    0x00000b14       0xfa .\CortexM3\ARM_GCC_541\Debug\Ultrasonic Distance Meter.a(Ultrasonic_Pulse_Counter.o)
 .debug_line    0x00000c0e       0x7a .\CortexM3\ARM_GCC_541\Debug\Ultrasonic Distance Meter.a(Ultrasonic_Set_Reg.o)
 .debug_line    0x00000c88       0xcc .\CortexM3\ARM_GCC_541\Debug\Ultrasonic Distance Meter.a(PGA_1.o)
 .debug_line    0x00000d54      0x816 .\CortexM3\ARM_GCC_541\Debug\Ultrasonic Distance Meter.a(CyLib.o)
 .debug_line    0x0000156a      0x367 .\CortexM3\ARM_GCC_541\Debug\Ultrasonic Distance Meter.a(cyPm.o)
 .debug_line    0x000018d1       0xae .\CortexM3\ARM_GCC_541\Debug\Ultrasonic Distance Meter.a(Vssa_Buffer.o)
 .debug_line    0x0000197f       0xe4 .\CortexM3\ARM_GCC_541\Debug\Ultrasonic Distance Meter.a(VDAC8_1.o)
 .debug_line    0x00001a63      0x165 .\CortexM3\ARM_GCC_541\Debug\Ultrasonic Distance Meter.a(Comp_1.o)
 .debug_line    0x00001bc8      0x15a .\CortexM3\ARM_GCC_541\Debug\Ultrasonic Distance Meter.a(Flight_Timer.o)
 .debug_line    0x00001d22      0x132 .\CortexM3\ARM_GCC_541\Debug\Ultrasonic Distance Meter.a(isr_1.o)
 .debug_line    0x00001e54       0x71 .\CortexM3\ARM_GCC_541\Debug\Ultrasonic Distance Meter.a(Digit_Reg.o)
 .debug_line    0x00001ec5       0x79 .\CortexM3\ARM_GCC_541\Debug\Ultrasonic Distance Meter.a(Seven_Segment_Reg.o)
 .debug_line    0x00001f3e      0x181 .\CortexM3\ARM_GCC_541\Debug\Ultrasonic Distance Meter.a(Flight_Timer_Clock.o)
 .debug_line    0x000020bf       0x7e .\CortexM3\ARM_GCC_541\Debug\Ultrasonic Distance Meter.a(Flight_Timer_Reset_Reg.o)
 .debug_line    0x0000213d      0x264 .\CortexM3\ARM_GCC_541\Debug\Ultrasonic Distance Meter.a(EEPROM.o)
 .debug_line    0x000023a1      0x17e .\CortexM3\ARM_GCC_541\Debug\Ultrasonic Distance Meter.a(Five_Millisec_Timer.o)
 .debug_line    0x0000251f      0x132 .\CortexM3\ARM_GCC_541\Debug\Ultrasonic Distance Meter.a(isr_2.o)
 .debug_line    0x00002651       0x91 .\CortexM3\ARM_GCC_541\Debug\Ultrasonic Distance Meter.a(S1_1.o)
 .debug_line    0x000026e2       0x77 .\CortexM3\ARM_GCC_541\Debug\Ultrasonic Distance Meter.a(Button_Tie_High.o)
 .debug_line    0x00002759       0x70 .\CortexM3\ARM_GCC_541\Debug\Ultrasonic Distance Meter.a(R3_2_Reg.o)
 .debug_line    0x000027c9       0x70 .\CortexM3\ARM_GCC_541\Debug\Ultrasonic Distance Meter.a(J1_2_Reg.o)
 .debug_line    0x00002839       0x66 .\CortexM3\ARM_GCC_541\Debug\Ultrasonic Distance Meter.a(CyBootAsmGnu.o)
 .debug_line    0x0000289f      0x21a .\CortexM3\ARM_GCC_541\Debug\Ultrasonic Distance Meter.a(CyFlash.o)
 .debug_line    0x00002ab9      0x260 .\CortexM3\ARM_GCC_541\Debug\Ultrasonic Distance Meter.a(CySpc.o)

.debug_frame    0x00000000     0x1e50
 *(.debug_frame)
 .debug_frame   0x00000000       0xdc .\CortexM3\ARM_GCC_541\Debug\main.o
 .debug_frame   0x000000dc       0xe4 .\CortexM3\ARM_GCC_541\Debug\cyfitter_cfg.o
 .debug_frame   0x000001c0       0xb8 .\CortexM3\ARM_GCC_541\Debug\Cm3Start.o
 .debug_frame   0x00000278       0xe0 .\CortexM3\ARM_GCC_541\Debug\Ultrasonic Distance Meter.a(Ultrasonic_Drive.o)
 .debug_frame   0x00000358       0xb4 .\CortexM3\ARM_GCC_541\Debug\Ultrasonic Distance Meter.a(Ultrasonic_Pulse_Counter.o)
 .debug_frame   0x0000040c       0x30 .\CortexM3\ARM_GCC_541\Debug\Ultrasonic Distance Meter.a(Ultrasonic_Set_Reg.o)
 .debug_frame   0x0000043c       0x9c .\CortexM3\ARM_GCC_541\Debug\Ultrasonic Distance Meter.a(PGA_1.o)
 .debug_frame   0x000004d8      0x738 .\CortexM3\ARM_GCC_541\Debug\Ultrasonic Distance Meter.a(CyLib.o)
 .debug_frame   0x00000c10      0x1f8 .\CortexM3\ARM_GCC_541\Debug\Ultrasonic Distance Meter.a(cyPm.o)
 .debug_frame   0x00000e08       0x78 .\CortexM3\ARM_GCC_541\Debug\Ultrasonic Distance Meter.a(Vssa_Buffer.o)
 .debug_frame   0x00000e80       0xb4 .\CortexM3\ARM_GCC_541\Debug\Ultrasonic Distance Meter.a(VDAC8_1.o)
 .debug_frame   0x00000f34      0x108 .\CortexM3\ARM_GCC_541\Debug\Ultrasonic Distance Meter.a(Comp_1.o)
 .debug_frame   0x0000103c      0x108 .\CortexM3\ARM_GCC_541\Debug\Ultrasonic Distance Meter.a(Flight_Timer.o)
 .debug_frame   0x00001144      0x104 .\CortexM3\ARM_GCC_541\Debug\Ultrasonic Distance Meter.a(isr_1.o)
 .debug_frame   0x00001248       0x30 .\CortexM3\ARM_GCC_541\Debug\Ultrasonic Distance Meter.a(Digit_Reg.o)
 .debug_frame   0x00001278       0x30 .\CortexM3\ARM_GCC_541\Debug\Ultrasonic Distance Meter.a(Seven_Segment_Reg.o)
 .debug_frame   0x000012a8       0xe0 .\CortexM3\ARM_GCC_541\Debug\Ultrasonic Distance Meter.a(Flight_Timer_Clock.o)
 .debug_frame   0x00001388       0x30 .\CortexM3\ARM_GCC_541\Debug\Ultrasonic Distance Meter.a(Flight_Timer_Reset_Reg.o)
 .debug_frame   0x000013b8      0x17c .\CortexM3\ARM_GCC_541\Debug\Ultrasonic Distance Meter.a(EEPROM.o)
 .debug_frame   0x00001534      0x124 .\CortexM3\ARM_GCC_541\Debug\Ultrasonic Distance Meter.a(Five_Millisec_Timer.o)
 .debug_frame   0x00001658      0x104 .\CortexM3\ARM_GCC_541\Debug\Ultrasonic Distance Meter.a(isr_2.o)
 .debug_frame   0x0000175c       0x50 .\CortexM3\ARM_GCC_541\Debug\Ultrasonic Distance Meter.a(S1_1.o)
 .debug_frame   0x000017ac       0x30 .\CortexM3\ARM_GCC_541\Debug\Ultrasonic Distance Meter.a(Button_Tie_High.o)
 .debug_frame   0x000017dc       0x30 .\CortexM3\ARM_GCC_541\Debug\Ultrasonic Distance Meter.a(R3_2_Reg.o)
 .debug_frame   0x0000180c       0x30 .\CortexM3\ARM_GCC_541\Debug\Ultrasonic Distance Meter.a(J1_2_Reg.o)
 .debug_frame   0x0000183c      0x194 .\CortexM3\ARM_GCC_541\Debug\Ultrasonic Distance Meter.a(CyFlash.o)
 .debug_frame   0x000019d0      0x180 .\CortexM3\ARM_GCC_541\Debug\Ultrasonic Distance Meter.a(CySpc.o)
 .debug_frame   0x00001b50       0x20 c:/program files (x86)/cypress/psoc creator/4.4/psoc creator/import/gnu/arm/5.4.1/bin/../lib/gcc/arm-none-eabi/5.4.1/../../../../arm-none-eabi/lib/armv7-m\libm.a(lib_a-powl.o)
 .debug_frame   0x00001b70       0x34 c:/program files (x86)/cypress/psoc creator/4.4/psoc creator/import/gnu/arm/5.4.1/bin/../lib/gcc/arm-none-eabi/5.4.1/../../../../arm-none-eabi/lib/armv7-m\libm.a(lib_a-s_floor.o)
 .debug_frame   0x00001ba4       0x4c c:/program files (x86)/cypress/psoc creator/4.4/psoc creator/import/gnu/arm/5.4.1/bin/../lib/gcc/arm-none-eabi/5.4.1/../../../../arm-none-eabi/lib/armv7-m\libm.a(lib_a-w_pow.o)
 .debug_frame   0x00001bf0       0x68 c:/program files (x86)/cypress/psoc creator/4.4/psoc creator/import/gnu/arm/5.4.1/bin/../lib/gcc/arm-none-eabi/5.4.1/../../../../arm-none-eabi/lib/armv7-m\libm.a(lib_a-e_pow.o)
 .debug_frame   0x00001c58       0x30 c:/program files (x86)/cypress/psoc creator/4.4/psoc creator/import/gnu/arm/5.4.1/bin/../lib/gcc/arm-none-eabi/5.4.1/../../../../arm-none-eabi/lib/armv7-m\libm.a(lib_a-e_sqrt.o)
 .debug_frame   0x00001c88       0x20 c:/program files (x86)/cypress/psoc creator/4.4/psoc creator/import/gnu/arm/5.4.1/bin/../lib/gcc/arm-none-eabi/5.4.1/../../../../arm-none-eabi/lib/armv7-m\libm.a(lib_a-s_fabs.o)
 .debug_frame   0x00001ca8       0x20 c:/program files (x86)/cypress/psoc creator/4.4/psoc creator/import/gnu/arm/5.4.1/bin/../lib/gcc/arm-none-eabi/5.4.1/../../../../arm-none-eabi/lib/armv7-m\libm.a(lib_a-s_finite.o)
 .debug_frame   0x00001cc8       0x20 c:/program files (x86)/cypress/psoc creator/4.4/psoc creator/import/gnu/arm/5.4.1/bin/../lib/gcc/arm-none-eabi/5.4.1/../../../../arm-none-eabi/lib/armv7-m\libm.a(lib_a-s_matherr.o)
 .debug_frame   0x00001ce8       0x20 c:/program files (x86)/cypress/psoc creator/4.4/psoc creator/import/gnu/arm/5.4.1/bin/../lib/gcc/arm-none-eabi/5.4.1/../../../../arm-none-eabi/lib/armv7-m\libm.a(lib_a-s_nan.o)
 .debug_frame   0x00001d08       0x3c c:/program files (x86)/cypress/psoc creator/4.4/psoc creator/import/gnu/arm/5.4.1/bin/../lib/gcc/arm-none-eabi/5.4.1/../../../../arm-none-eabi/lib/armv7-m\libm.a(lib_a-s_rint.o)
 .debug_frame   0x00001d44       0x30 c:/program files (x86)/cypress/psoc creator/4.4/psoc creator/import/gnu/arm/5.4.1/bin/../lib/gcc/arm-none-eabi/5.4.1/../../../../arm-none-eabi/lib/armv7-m\libm.a(lib_a-s_scalbn.o)
 .debug_frame   0x00001d74       0x20 c:/program files (x86)/cypress/psoc creator/4.4/psoc creator/import/gnu/arm/5.4.1/bin/../lib/gcc/arm-none-eabi/5.4.1/../../../../arm-none-eabi/lib/armv7-m\libm.a(lib_a-s_copysign.o)
 .debug_frame   0x00001d94       0x20 c:/program files (x86)/cypress/psoc creator/4.4/psoc creator/import/gnu/arm/5.4.1/bin/../lib/gcc/arm-none-eabi/5.4.1/../../../../arm-none-eabi/lib/armv7-m\libg_nano.a(lib_a-errno.o)
 .debug_frame   0x00001db4       0x28 c:/program files (x86)/cypress/psoc creator/4.4/psoc creator/import/gnu/arm/5.4.1/bin/../lib/gcc/arm-none-eabi/5.4.1/../../../../arm-none-eabi/lib/armv7-m\libg_nano.a(lib_a-exit.o)
 .debug_frame   0x00001ddc       0x2c c:/program files (x86)/cypress/psoc creator/4.4/psoc creator/import/gnu/arm/5.4.1/bin/../lib/gcc/arm-none-eabi/5.4.1/../../../../arm-none-eabi/lib/armv7-m\libg_nano.a(lib_a-init.o)
 .debug_frame   0x00001e08       0x28 c:/program files (x86)/cypress/psoc creator/4.4/psoc creator/import/gnu/arm/5.4.1/bin/../lib/gcc/arm-none-eabi/5.4.1/../../../../arm-none-eabi/lib/armv7-m\libg_nano.a(lib_a-memcpy-stub.o)
 .debug_frame   0x00001e30       0x20 c:/program files (x86)/cypress/psoc creator/4.4/psoc creator/import/gnu/arm/5.4.1/bin/../lib/gcc/arm-none-eabi/5.4.1/../../../../arm-none-eabi/lib/armv7-m\libg_nano.a(lib_a-memset.o)

.debug_str      0x00000000     0x2634
 *(.debug_str)
 .debug_str     0x00000000      0x5cb .\CortexM3\ARM_GCC_541\Debug\main.o
                                0x620 (size before relaxing)
 .debug_str     0x000005cb      0x187 .\CortexM3\ARM_GCC_541\Debug\cyfitter_cfg.o
                                0x34e (size before relaxing)
 .debug_str     0x00000752       0x7f .\CortexM3\ARM_GCC_541\Debug\cymetadata.o
                                0x223 (size before relaxing)
 .debug_str     0x000007d1      0x144 .\CortexM3\ARM_GCC_541\Debug\Cm3Start.o
                                0x349 (size before relaxing)
 .debug_str     0x00000915      0x1a7 .\CortexM3\ARM_GCC_541\Debug\Ultrasonic Distance Meter.a(Ultrasonic_Drive.o)
                                0x399 (size before relaxing)
 .debug_str     0x00000abc      0x151 .\CortexM3\ARM_GCC_541\Debug\Ultrasonic Distance Meter.a(Ultrasonic_Pulse_Counter.o)
                                0x370 (size before relaxing)
 .debug_str     0x00000c0d       0x4c .\CortexM3\ARM_GCC_541\Debug\Ultrasonic Distance Meter.a(Ultrasonic_Set_Reg.o)
                                0x215 (size before relaxing)
 .debug_str     0x00000c59       0x9d .\CortexM3\ARM_GCC_541\Debug\Ultrasonic Distance Meter.a(PGA_1.o)
                                0x26e (size before relaxing)
 .debug_str     0x00000cf6      0x80a .\CortexM3\ARM_GCC_541\Debug\Ultrasonic Distance Meter.a(CyLib.o)
                                0xa86 (size before relaxing)
 .debug_str     0x00001500      0x365 .\CortexM3\ARM_GCC_541\Debug\Ultrasonic Distance Meter.a(cyPm.o)
                                0x772 (size before relaxing)
 .debug_str     0x00001865       0x83 .\CortexM3\ARM_GCC_541\Debug\Ultrasonic Distance Meter.a(Vssa_Buffer.o)
                                0x260 (size before relaxing)
 .debug_str     0x000018e8       0xa9 .\CortexM3\ARM_GCC_541\Debug\Ultrasonic Distance Meter.a(VDAC8_1.o)
                                0x272 (size before relaxing)
 .debug_str     0x00001991      0x121 .\CortexM3\ARM_GCC_541\Debug\Ultrasonic Distance Meter.a(Comp_1.o)
                                0x317 (size before relaxing)
 .debug_str     0x00001ab2      0x164 .\CortexM3\ARM_GCC_541\Debug\Ultrasonic Distance Meter.a(Flight_Timer.o)
                                0x3a4 (size before relaxing)
 .debug_str     0x00001c16       0xc5 .\CortexM3\ARM_GCC_541\Debug\Ultrasonic Distance Meter.a(isr_1.o)
                                0x2e5 (size before relaxing)
 .debug_str     0x00001cdb       0x32 .\CortexM3\ARM_GCC_541\Debug\Ultrasonic Distance Meter.a(Digit_Reg.o)
                                0x1fa (size before relaxing)
 .debug_str     0x00001d0d       0x42 .\CortexM3\ARM_GCC_541\Debug\Ultrasonic Distance Meter.a(Seven_Segment_Reg.o)
                                0x212 (size before relaxing)
 .debug_str     0x00001d4f      0x182 .\CortexM3\ARM_GCC_541\Debug\Ultrasonic Distance Meter.a(Flight_Timer_Clock.o)
                                0x3b1 (size before relaxing)
 .debug_str     0x00001ed1       0x4c .\CortexM3\ARM_GCC_541\Debug\Ultrasonic Distance Meter.a(Flight_Timer_Reset_Reg.o)
                                0x221 (size before relaxing)
 .debug_str     0x00001f1d      0x1b8 .\CortexM3\ARM_GCC_541\Debug\Ultrasonic Distance Meter.a(EEPROM.o)
                                0x401 (size before relaxing)
 .debug_str     0x000020d5      0x21d .\CortexM3\ARM_GCC_541\Debug\Ultrasonic Distance Meter.a(Five_Millisec_Timer.o)
                                0x476 (size before relaxing)
 .debug_str     0x000022f2       0xc5 .\CortexM3\ARM_GCC_541\Debug\Ultrasonic Distance Meter.a(isr_2.o)
                                0x2e5 (size before relaxing)
 .debug_str     0x000023b7       0x57 .\CortexM3\ARM_GCC_541\Debug\Ultrasonic Distance Meter.a(S1_1.o)
                                0x21c (size before relaxing)
 .debug_str     0x0000240e       0x3e .\CortexM3\ARM_GCC_541\Debug\Ultrasonic Distance Meter.a(Button_Tie_High.o)
                                0x20c (size before relaxing)
 .debug_str     0x0000244c       0x30 .\CortexM3\ARM_GCC_541\Debug\Ultrasonic Distance Meter.a(R3_2_Reg.o)
                                0x1f7 (size before relaxing)
 .debug_str     0x0000247c       0x30 .\CortexM3\ARM_GCC_541\Debug\Ultrasonic Distance Meter.a(J1_2_Reg.o)
                                0x1f7 (size before relaxing)
 .debug_str     0x000024ac      0x11a .\CortexM3\ARM_GCC_541\Debug\Ultrasonic Distance Meter.a(CyFlash.o)
                                0x3ff (size before relaxing)
 .debug_str     0x000025c6       0x6e .\CortexM3\ARM_GCC_541\Debug\Ultrasonic Distance Meter.a(CySpc.o)
                                0x377 (size before relaxing)

.debug_loc      0x00000000     0x24d3
 *(.debug_loc)
 .debug_loc     0x00000000       0xea .\CortexM3\ARM_GCC_541\Debug\main.o
 .debug_loc     0x000000ea      0x1d7 .\CortexM3\ARM_GCC_541\Debug\cyfitter_cfg.o
 .debug_loc     0x000002c1      0x144 .\CortexM3\ARM_GCC_541\Debug\Cm3Start.o
 .debug_loc     0x00000405      0x128 .\CortexM3\ARM_GCC_541\Debug\Ultrasonic Distance Meter.a(Ultrasonic_Drive.o)
 .debug_loc     0x0000052d       0x47 .\CortexM3\ARM_GCC_541\Debug\Ultrasonic Distance Meter.a(Ultrasonic_Pulse_Counter.o)
 .debug_loc     0x00000574       0x60 .\CortexM3\ARM_GCC_541\Debug\Ultrasonic Distance Meter.a(PGA_1.o)
 .debug_loc     0x000005d4      0xa11 .\CortexM3\ARM_GCC_541\Debug\Ultrasonic Distance Meter.a(CyLib.o)
 .debug_loc     0x00000fe5      0x1e4 .\CortexM3\ARM_GCC_541\Debug\Ultrasonic Distance Meter.a(cyPm.o)
 .debug_loc     0x000011c9       0x21 .\CortexM3\ARM_GCC_541\Debug\Ultrasonic Distance Meter.a(Vssa_Buffer.o)
 .debug_loc     0x000011ea       0x79 .\CortexM3\ARM_GCC_541\Debug\Ultrasonic Distance Meter.a(VDAC8_1.o)
 .debug_loc     0x00001263       0xed .\CortexM3\ARM_GCC_541\Debug\Ultrasonic Distance Meter.a(Comp_1.o)
 .debug_loc     0x00001350       0x56 .\CortexM3\ARM_GCC_541\Debug\Ultrasonic Distance Meter.a(isr_1.o)
 .debug_loc     0x000013a6      0x12c .\CortexM3\ARM_GCC_541\Debug\Ultrasonic Distance Meter.a(Flight_Timer_Clock.o)
 .debug_loc     0x000014d2      0x49f .\CortexM3\ARM_GCC_541\Debug\Ultrasonic Distance Meter.a(EEPROM.o)
 .debug_loc     0x00001971       0x13 .\CortexM3\ARM_GCC_541\Debug\Ultrasonic Distance Meter.a(Five_Millisec_Timer.o)
 .debug_loc     0x00001984       0x56 .\CortexM3\ARM_GCC_541\Debug\Ultrasonic Distance Meter.a(isr_2.o)
 .debug_loc     0x000019da       0x42 .\CortexM3\ARM_GCC_541\Debug\Ultrasonic Distance Meter.a(S1_1.o)
 .debug_loc     0x00001a1c      0x3b2 .\CortexM3\ARM_GCC_541\Debug\Ultrasonic Distance Meter.a(CyFlash.o)
 .debug_loc     0x00001dce      0x705 .\CortexM3\ARM_GCC_541\Debug\Ultrasonic Distance Meter.a(CySpc.o)

.debug_macinfo
 *(.debug_macinfo)

.debug_ranges   0x00000000      0x9e8
 *(.debug_ranges)
 .debug_ranges  0x00000000       0x40 .\CortexM3\ARM_GCC_541\Debug\main.o
 .debug_ranges  0x00000040       0x48 .\CortexM3\ARM_GCC_541\Debug\cyfitter_cfg.o
 .debug_ranges  0x00000088       0x38 .\CortexM3\ARM_GCC_541\Debug\Cm3Start.o
 .debug_ranges  0x000000c0       0x60 .\CortexM3\ARM_GCC_541\Debug\Ultrasonic Distance Meter.a(Ultrasonic_Drive.o)
 .debug_ranges  0x00000120       0x48 .\CortexM3\ARM_GCC_541\Debug\Ultrasonic Distance Meter.a(Ultrasonic_Pulse_Counter.o)
 .debug_ranges  0x00000168       0x18 .\CortexM3\ARM_GCC_541\Debug\Ultrasonic Distance Meter.a(Ultrasonic_Set_Reg.o)
 .debug_ranges  0x00000180       0x38 .\CortexM3\ARM_GCC_541\Debug\Ultrasonic Distance Meter.a(PGA_1.o)
 .debug_ranges  0x000001b8      0x290 .\CortexM3\ARM_GCC_541\Debug\Ultrasonic Distance Meter.a(CyLib.o)
 .debug_ranges  0x00000448       0x88 .\CortexM3\ARM_GCC_541\Debug\Ultrasonic Distance Meter.a(cyPm.o)
 .debug_ranges  0x000004d0       0x30 .\CortexM3\ARM_GCC_541\Debug\Ultrasonic Distance Meter.a(Vssa_Buffer.o)
 .debug_ranges  0x00000500       0x48 .\CortexM3\ARM_GCC_541\Debug\Ultrasonic Distance Meter.a(VDAC8_1.o)
 .debug_ranges  0x00000548       0x60 .\CortexM3\ARM_GCC_541\Debug\Ultrasonic Distance Meter.a(Comp_1.o)
 .debug_ranges  0x000005a8       0x78 .\CortexM3\ARM_GCC_541\Debug\Ultrasonic Distance Meter.a(Flight_Timer.o)
 .debug_ranges  0x00000620       0x70 .\CortexM3\ARM_GCC_541\Debug\Ultrasonic Distance Meter.a(isr_1.o)
 .debug_ranges  0x00000690       0x18 .\CortexM3\ARM_GCC_541\Debug\Ultrasonic Distance Meter.a(Digit_Reg.o)
 .debug_ranges  0x000006a8       0x18 .\CortexM3\ARM_GCC_541\Debug\Ultrasonic Distance Meter.a(Seven_Segment_Reg.o)
 .debug_ranges  0x000006c0       0x60 .\CortexM3\ARM_GCC_541\Debug\Ultrasonic Distance Meter.a(Flight_Timer_Clock.o)
 .debug_ranges  0x00000720       0x18 .\CortexM3\ARM_GCC_541\Debug\Ultrasonic Distance Meter.a(Flight_Timer_Reset_Reg.o)
 .debug_ranges  0x00000738       0x68 .\CortexM3\ARM_GCC_541\Debug\Ultrasonic Distance Meter.a(EEPROM.o)
 .debug_ranges  0x000007a0       0x80 .\CortexM3\ARM_GCC_541\Debug\Ultrasonic Distance Meter.a(Five_Millisec_Timer.o)
 .debug_ranges  0x00000820       0x70 .\CortexM3\ARM_GCC_541\Debug\Ultrasonic Distance Meter.a(isr_2.o)
 .debug_ranges  0x00000890       0x28 .\CortexM3\ARM_GCC_541\Debug\Ultrasonic Distance Meter.a(S1_1.o)
 .debug_ranges  0x000008b8       0x18 .\CortexM3\ARM_GCC_541\Debug\Ultrasonic Distance Meter.a(Button_Tie_High.o)
 .debug_ranges  0x000008d0       0x18 .\CortexM3\ARM_GCC_541\Debug\Ultrasonic Distance Meter.a(R3_2_Reg.o)
 .debug_ranges  0x000008e8       0x18 .\CortexM3\ARM_GCC_541\Debug\Ultrasonic Distance Meter.a(J1_2_Reg.o)
 .debug_ranges  0x00000900       0x78 .\CortexM3\ARM_GCC_541\Debug\Ultrasonic Distance Meter.a(CyFlash.o)
 .debug_ranges  0x00000978       0x70 .\CortexM3\ARM_GCC_541\Debug\Ultrasonic Distance Meter.a(CySpc.o)

.comment        0x00000000       0x6e
 .comment       0x00000000       0x6e .\CortexM3\ARM_GCC_541\Debug\main.o
                                 0x6f (size before relaxing)
 .comment       0x0000006e       0x6f .\CortexM3\ARM_GCC_541\Debug\cyfitter_cfg.o
 .comment       0x0000006e       0x6f .\CortexM3\ARM_GCC_541\Debug\cymetadata.o
 .comment       0x0000006e       0x6f .\CortexM3\ARM_GCC_541\Debug\Cm3Start.o
 .comment       0x0000006e       0x6f .\CortexM3\ARM_GCC_541\Debug\Ultrasonic Distance Meter.a(Ultrasonic_Drive.o)
 .comment       0x0000006e       0x6f .\CortexM3\ARM_GCC_541\Debug\Ultrasonic Distance Meter.a(Ultrasonic_Pulse_Counter.o)
 .comment       0x0000006e       0x6f .\CortexM3\ARM_GCC_541\Debug\Ultrasonic Distance Meter.a(Ultrasonic_Set_Reg.o)
 .comment       0x0000006e       0x6f .\CortexM3\ARM_GCC_541\Debug\Ultrasonic Distance Meter.a(PGA_1.o)
 .comment       0x0000006e       0x6f .\CortexM3\ARM_GCC_541\Debug\Ultrasonic Distance Meter.a(CyLib.o)
 .comment       0x0000006e       0x6f .\CortexM3\ARM_GCC_541\Debug\Ultrasonic Distance Meter.a(cyPm.o)
 .comment       0x0000006e       0x6f .\CortexM3\ARM_GCC_541\Debug\Ultrasonic Distance Meter.a(Vssa_Buffer.o)
 .comment       0x0000006e       0x6f .\CortexM3\ARM_GCC_541\Debug\Ultrasonic Distance Meter.a(VDAC8_1.o)
 .comment       0x0000006e       0x6f .\CortexM3\ARM_GCC_541\Debug\Ultrasonic Distance Meter.a(Comp_1.o)
 .comment       0x0000006e       0x6f .\CortexM3\ARM_GCC_541\Debug\Ultrasonic Distance Meter.a(Flight_Timer.o)
 .comment       0x0000006e       0x6f .\CortexM3\ARM_GCC_541\Debug\Ultrasonic Distance Meter.a(isr_1.o)
 .comment       0x0000006e       0x6f .\CortexM3\ARM_GCC_541\Debug\Ultrasonic Distance Meter.a(Digit_Reg.o)
 .comment       0x0000006e       0x6f .\CortexM3\ARM_GCC_541\Debug\Ultrasonic Distance Meter.a(Seven_Segment_Reg.o)
 .comment       0x0000006e       0x6f .\CortexM3\ARM_GCC_541\Debug\Ultrasonic Distance Meter.a(Flight_Timer_Clock.o)
 .comment       0x0000006e       0x6f .\CortexM3\ARM_GCC_541\Debug\Ultrasonic Distance Meter.a(Flight_Timer_Reset_Reg.o)
 .comment       0x0000006e       0x6f .\CortexM3\ARM_GCC_541\Debug\Ultrasonic Distance Meter.a(EEPROM.o)
 .comment       0x0000006e       0x6f .\CortexM3\ARM_GCC_541\Debug\Ultrasonic Distance Meter.a(Five_Millisec_Timer.o)
 .comment       0x0000006e       0x6f .\CortexM3\ARM_GCC_541\Debug\Ultrasonic Distance Meter.a(isr_2.o)
 .comment       0x0000006e       0x6f .\CortexM3\ARM_GCC_541\Debug\Ultrasonic Distance Meter.a(S1_1.o)
 .comment       0x0000006e       0x6f .\CortexM3\ARM_GCC_541\Debug\Ultrasonic Distance Meter.a(Button_Tie_High.o)
 .comment       0x0000006e       0x6f .\CortexM3\ARM_GCC_541\Debug\Ultrasonic Distance Meter.a(R3_2_Reg.o)
 .comment       0x0000006e       0x6f .\CortexM3\ARM_GCC_541\Debug\Ultrasonic Distance Meter.a(J1_2_Reg.o)
 .comment       0x0000006e       0x6f .\CortexM3\ARM_GCC_541\Debug\Ultrasonic Distance Meter.a(CyFlash.o)
 .comment       0x0000006e       0x6f .\CortexM3\ARM_GCC_541\Debug\Ultrasonic Distance Meter.a(CySpc.o)

.debug_weaknames
 *(.debug_weaknames)

.debug_funcnames
 *(.debug_funcnames)

.debug_typenames
 *(.debug_typenames)

.debug_varnames
 *(.debug_varnames)

.note.gnu.arm.ident
 *(.note.gnu.arm.ident)

.ARM.attributes
                0x00000000       0x29
 *(.ARM.attributes)
 .ARM.attributes
                0x00000000       0x1d c:/program files (x86)/cypress/psoc creator/4.4/psoc creator/import/gnu/arm/5.4.1/bin/../lib/gcc/arm-none-eabi/5.4.1/armv7-m/crti.o
 .ARM.attributes
                0x0000001d       0x2d c:/program files (x86)/cypress/psoc creator/4.4/psoc creator/import/gnu/arm/5.4.1/bin/../lib/gcc/arm-none-eabi/5.4.1/armv7-m/crtbegin.o
 .ARM.attributes
                0x0000004a       0x1b c:/program files (x86)/cypress/psoc creator/4.4/psoc creator/import/gnu/arm/5.4.1/bin/../lib/gcc/arm-none-eabi/5.4.1/../../../../arm-none-eabi/lib/armv7-m/crt0.o
 .ARM.attributes
                0x00000065       0x33 .\CortexM3\ARM_GCC_541\Debug\main.o
 .ARM.attributes
                0x00000098       0x33 .\CortexM3\ARM_GCC_541\Debug\cyfitter_cfg.o
 .ARM.attributes
                0x000000cb       0x33 .\CortexM3\ARM_GCC_541\Debug\cymetadata.o
 .ARM.attributes
                0x000000fe       0x33 .\CortexM3\ARM_GCC_541\Debug\Cm3Start.o
 .ARM.attributes
                0x00000131       0x33 .\CortexM3\ARM_GCC_541\Debug\Ultrasonic Distance Meter.a(Ultrasonic_Drive.o)
 .ARM.attributes
                0x00000164       0x33 .\CortexM3\ARM_GCC_541\Debug\Ultrasonic Distance Meter.a(Ultrasonic_Pulse_Counter.o)
 .ARM.attributes
                0x00000197       0x33 .\CortexM3\ARM_GCC_541\Debug\Ultrasonic Distance Meter.a(Ultrasonic_Set_Reg.o)
 .ARM.attributes
                0x000001ca       0x33 .\CortexM3\ARM_GCC_541\Debug\Ultrasonic Distance Meter.a(PGA_1.o)
 .ARM.attributes
                0x000001fd       0x33 .\CortexM3\ARM_GCC_541\Debug\Ultrasonic Distance Meter.a(CyLib.o)
 .ARM.attributes
                0x00000230       0x33 .\CortexM3\ARM_GCC_541\Debug\Ultrasonic Distance Meter.a(cyPm.o)
 .ARM.attributes
                0x00000263       0x33 .\CortexM3\ARM_GCC_541\Debug\Ultrasonic Distance Meter.a(Vssa_Buffer.o)
 .ARM.attributes
                0x00000296       0x33 .\CortexM3\ARM_GCC_541\Debug\Ultrasonic Distance Meter.a(VDAC8_1.o)
 .ARM.attributes
                0x000002c9       0x33 .\CortexM3\ARM_GCC_541\Debug\Ultrasonic Distance Meter.a(Comp_1.o)
 .ARM.attributes
                0x000002fc       0x33 .\CortexM3\ARM_GCC_541\Debug\Ultrasonic Distance Meter.a(Flight_Timer.o)
 .ARM.attributes
                0x0000032f       0x33 .\CortexM3\ARM_GCC_541\Debug\Ultrasonic Distance Meter.a(isr_1.o)
 .ARM.attributes
                0x00000362       0x33 .\CortexM3\ARM_GCC_541\Debug\Ultrasonic Distance Meter.a(Digit_Reg.o)
 .ARM.attributes
                0x00000395       0x33 .\CortexM3\ARM_GCC_541\Debug\Ultrasonic Distance Meter.a(Seven_Segment_Reg.o)
 .ARM.attributes
                0x000003c8       0x33 .\CortexM3\ARM_GCC_541\Debug\Ultrasonic Distance Meter.a(Flight_Timer_Clock.o)
 .ARM.attributes
                0x000003fb       0x33 .\CortexM3\ARM_GCC_541\Debug\Ultrasonic Distance Meter.a(Flight_Timer_Reset_Reg.o)
 .ARM.attributes
                0x0000042e       0x33 .\CortexM3\ARM_GCC_541\Debug\Ultrasonic Distance Meter.a(EEPROM.o)
 .ARM.attributes
                0x00000461       0x33 .\CortexM3\ARM_GCC_541\Debug\Ultrasonic Distance Meter.a(Five_Millisec_Timer.o)
 .ARM.attributes
                0x00000494       0x33 .\CortexM3\ARM_GCC_541\Debug\Ultrasonic Distance Meter.a(isr_2.o)
 .ARM.attributes
                0x000004c7       0x33 .\CortexM3\ARM_GCC_541\Debug\Ultrasonic Distance Meter.a(S1_1.o)
 .ARM.attributes
                0x000004fa       0x33 .\CortexM3\ARM_GCC_541\Debug\Ultrasonic Distance Meter.a(Button_Tie_High.o)
 .ARM.attributes
                0x0000052d       0x33 .\CortexM3\ARM_GCC_541\Debug\Ultrasonic Distance Meter.a(R3_2_Reg.o)
 .ARM.attributes
                0x00000560       0x33 .\CortexM3\ARM_GCC_541\Debug\Ultrasonic Distance Meter.a(J1_2_Reg.o)
 .ARM.attributes
                0x00000593       0x21 .\CortexM3\ARM_GCC_541\Debug\Ultrasonic Distance Meter.a(CyBootAsmGnu.o)
 .ARM.attributes
                0x000005b4       0x33 .\CortexM3\ARM_GCC_541\Debug\Ultrasonic Distance Meter.a(CyFlash.o)
 .ARM.attributes
                0x000005e7       0x33 .\CortexM3\ARM_GCC_541\Debug\Ultrasonic Distance Meter.a(CySpc.o)
 .ARM.attributes
                0x0000061a       0x2d c:/program files (x86)/cypress/psoc creator/4.4/psoc creator/import/gnu/arm/5.4.1/bin/../lib/gcc/arm-none-eabi/5.4.1/../../../../arm-none-eabi/lib/armv7-m\libm.a(lib_a-powl.o)
 .ARM.attributes
                0x00000647       0x2d c:/program files (x86)/cypress/psoc creator/4.4/psoc creator/import/gnu/arm/5.4.1/bin/../lib/gcc/arm-none-eabi/5.4.1/../../../../arm-none-eabi/lib/armv7-m\libm.a(lib_a-s_floor.o)
 .ARM.attributes
                0x00000674       0x2d c:/program files (x86)/cypress/psoc creator/4.4/psoc creator/import/gnu/arm/5.4.1/bin/../lib/gcc/arm-none-eabi/5.4.1/../../../../arm-none-eabi/lib/armv7-m\libm.a(lib_a-w_pow.o)
 .ARM.attributes
                0x000006a1       0x2d c:/program files (x86)/cypress/psoc creator/4.4/psoc creator/import/gnu/arm/5.4.1/bin/../lib/gcc/arm-none-eabi/5.4.1/../../../../arm-none-eabi/lib/armv7-m\libm.a(lib_a-e_pow.o)
 .ARM.attributes
                0x000006ce       0x2d c:/program files (x86)/cypress/psoc creator/4.4/psoc creator/import/gnu/arm/5.4.1/bin/../lib/gcc/arm-none-eabi/5.4.1/../../../../arm-none-eabi/lib/armv7-m\libm.a(lib_a-e_sqrt.o)
 .ARM.attributes
                0x000006fb       0x2d c:/program files (x86)/cypress/psoc creator/4.4/psoc creator/import/gnu/arm/5.4.1/bin/../lib/gcc/arm-none-eabi/5.4.1/../../../../arm-none-eabi/lib/armv7-m\libm.a(lib_a-s_fabs.o)
 .ARM.attributes
                0x00000728       0x2d c:/program files (x86)/cypress/psoc creator/4.4/psoc creator/import/gnu/arm/5.4.1/bin/../lib/gcc/arm-none-eabi/5.4.1/../../../../arm-none-eabi/lib/armv7-m\libm.a(lib_a-s_finite.o)
 .ARM.attributes
                0x00000755       0x2d c:/program files (x86)/cypress/psoc creator/4.4/psoc creator/import/gnu/arm/5.4.1/bin/../lib/gcc/arm-none-eabi/5.4.1/../../../../arm-none-eabi/lib/armv7-m\libm.a(lib_a-s_lib_ver.o)
 .ARM.attributes
                0x00000782       0x2d c:/program files (x86)/cypress/psoc creator/4.4/psoc creator/import/gnu/arm/5.4.1/bin/../lib/gcc/arm-none-eabi/5.4.1/../../../../arm-none-eabi/lib/armv7-m\libm.a(lib_a-s_matherr.o)
 .ARM.attributes
                0x000007af       0x2d c:/program files (x86)/cypress/psoc creator/4.4/psoc creator/import/gnu/arm/5.4.1/bin/../lib/gcc/arm-none-eabi/5.4.1/../../../../arm-none-eabi/lib/armv7-m\libm.a(lib_a-s_nan.o)
 .ARM.attributes
                0x000007dc       0x2d c:/program files (x86)/cypress/psoc creator/4.4/psoc creator/import/gnu/arm/5.4.1/bin/../lib/gcc/arm-none-eabi/5.4.1/../../../../arm-none-eabi/lib/armv7-m\libm.a(lib_a-s_rint.o)
 .ARM.attributes
                0x00000809       0x2d c:/program files (x86)/cypress/psoc creator/4.4/psoc creator/import/gnu/arm/5.4.1/bin/../lib/gcc/arm-none-eabi/5.4.1/../../../../arm-none-eabi/lib/armv7-m\libm.a(lib_a-s_scalbn.o)
 .ARM.attributes
                0x00000836       0x2d c:/program files (x86)/cypress/psoc creator/4.4/psoc creator/import/gnu/arm/5.4.1/bin/../lib/gcc/arm-none-eabi/5.4.1/../../../../arm-none-eabi/lib/armv7-m\libm.a(lib_a-s_copysign.o)
 .ARM.attributes
                0x00000863       0x1d c:/program files (x86)/cypress/psoc creator/4.4/psoc creator/import/gnu/arm/5.4.1/bin/../lib/gcc/arm-none-eabi/5.4.1/armv7-m\libgcc.a(_arm_addsubdf3.o)
 .ARM.attributes
                0x00000880       0x1d c:/program files (x86)/cypress/psoc creator/4.4/psoc creator/import/gnu/arm/5.4.1/bin/../lib/gcc/arm-none-eabi/5.4.1/armv7-m\libgcc.a(_arm_muldivdf3.o)
 .ARM.attributes
                0x0000089d       0x1d c:/program files (x86)/cypress/psoc creator/4.4/psoc creator/import/gnu/arm/5.4.1/bin/../lib/gcc/arm-none-eabi/5.4.1/armv7-m\libgcc.a(_arm_cmpdf2.o)
 .ARM.attributes
                0x000008ba       0x1d c:/program files (x86)/cypress/psoc creator/4.4/psoc creator/import/gnu/arm/5.4.1/bin/../lib/gcc/arm-none-eabi/5.4.1/armv7-m\libgcc.a(_arm_unorddf2.o)
 .ARM.attributes
                0x000008d7       0x1d c:/program files (x86)/cypress/psoc creator/4.4/psoc creator/import/gnu/arm/5.4.1/bin/../lib/gcc/arm-none-eabi/5.4.1/armv7-m\libgcc.a(_arm_fixdfsi.o)
 .ARM.attributes
                0x000008f4       0x1d c:/program files (x86)/cypress/psoc creator/4.4/psoc creator/import/gnu/arm/5.4.1/bin/../lib/gcc/arm-none-eabi/5.4.1/armv7-m\libgcc.a(_arm_fixunsdfsi.o)
 .ARM.attributes
                0x00000911       0x1d c:/program files (x86)/cypress/psoc creator/4.4/psoc creator/import/gnu/arm/5.4.1/bin/../lib/gcc/arm-none-eabi/5.4.1/armv7-m\libgcc.a(_arm_truncdfsf2.o)
 .ARM.attributes
                0x0000092e       0x1d c:/program files (x86)/cypress/psoc creator/4.4/psoc creator/import/gnu/arm/5.4.1/bin/../lib/gcc/arm-none-eabi/5.4.1/armv7-m\libgcc.a(_arm_addsubsf3.o)
 .ARM.attributes
                0x0000094b       0x1d c:/program files (x86)/cypress/psoc creator/4.4/psoc creator/import/gnu/arm/5.4.1/bin/../lib/gcc/arm-none-eabi/5.4.1/armv7-m\libgcc.a(_arm_muldivsf3.o)
 .ARM.attributes
                0x00000968       0x1d c:/program files (x86)/cypress/psoc creator/4.4/psoc creator/import/gnu/arm/5.4.1/bin/../lib/gcc/arm-none-eabi/5.4.1/armv7-m\libgcc.a(_arm_fixsfsi.o)
 .ARM.attributes
                0x00000985       0x2d c:/program files (x86)/cypress/psoc creator/4.4/psoc creator/import/gnu/arm/5.4.1/bin/../lib/gcc/arm-none-eabi/5.4.1/../../../../arm-none-eabi/lib/armv7-m\libg_nano.a(lib_a-errno.o)
 .ARM.attributes
                0x000009b2       0x2d c:/program files (x86)/cypress/psoc creator/4.4/psoc creator/import/gnu/arm/5.4.1/bin/../lib/gcc/arm-none-eabi/5.4.1/../../../../arm-none-eabi/lib/armv7-m\libg_nano.a(lib_a-exit.o)
 .ARM.attributes
                0x000009df       0x2d c:/program files (x86)/cypress/psoc creator/4.4/psoc creator/import/gnu/arm/5.4.1/bin/../lib/gcc/arm-none-eabi/5.4.1/../../../../arm-none-eabi/lib/armv7-m\libg_nano.a(lib_a-impure.o)
 .ARM.attributes
                0x00000a0c       0x2d c:/program files (x86)/cypress/psoc creator/4.4/psoc creator/import/gnu/arm/5.4.1/bin/../lib/gcc/arm-none-eabi/5.4.1/../../../../arm-none-eabi/lib/armv7-m\libg_nano.a(lib_a-init.o)
 .ARM.attributes
                0x00000a39       0x2d c:/program files (x86)/cypress/psoc creator/4.4/psoc creator/import/gnu/arm/5.4.1/bin/../lib/gcc/arm-none-eabi/5.4.1/../../../../arm-none-eabi/lib/armv7-m\libg_nano.a(lib_a-memcpy-stub.o)
 .ARM.attributes
                0x00000a66       0x2d c:/program files (x86)/cypress/psoc creator/4.4/psoc creator/import/gnu/arm/5.4.1/bin/../lib/gcc/arm-none-eabi/5.4.1/../../../../arm-none-eabi/lib/armv7-m\libg_nano.a(lib_a-memset.o)
 .ARM.attributes
                0x00000a93       0x2d c:/program files (x86)/cypress/psoc creator/4.4/psoc creator/import/gnu/arm/5.4.1/bin/../lib/gcc/arm-none-eabi/5.4.1/armv7-m/crtend.o
 .ARM.attributes
                0x00000ac0       0x1d c:/program files (x86)/cypress/psoc creator/4.4/psoc creator/import/gnu/arm/5.4.1/bin/../lib/gcc/arm-none-eabi/5.4.1/armv7-m/crtn.o

/DISCARD/
 *(.note.GNU-stack)
OUTPUT(C:\Users\Kurty\Documents\Ultrasonic GitHub (TRC3500)\Ultrasonic-PSoC\Ultrasonic Sensor Workspace\Ultrasonic Distance Meter.cydsn\CortexM3\ARM_GCC_541\Debug\Ultrasonic Distance Meter.elf elf32-littlearm)